Archive member included to satisfy reference by file (symbol)

../build/nwy_open_stub.a(nwy_open.o)
                              (--whole-archive)
../build/nwy_open_stub.a(nwy_open_stub.o)
                              (--whole-archive)
../tools/GNU_Arm_Toolchain/arm-none-eabi/lib/thumb/v7/nofp/libc.a(lib_a-abs.o)
                              CMakeFiles/nwy_open_app.dir/E_/projects/DevelopmentLevelCode/Neoway_N706B/Code/NetworkMonitor/src/main.obj (abs)
../tools/GNU_Arm_Toolchain/arm-none-eabi/lib/thumb/v7/nofp/libc.a(lib_a-memcpy.o)
                              CMakeFiles/nwy_open_app.dir/E_/projects/DevelopmentLevelCode/Neoway_N706B/Code/NetworkMonitor/src/hal/sms/nwy_hal_sms.obj (memcpy)
../tools/GNU_Arm_Toolchain/arm-none-eabi/lib/thumb/v7/nofp/libc.a(lib_a-memset.o)
                              CMakeFiles/nwy_open_app.dir/E_/projects/DevelopmentLevelCode/Neoway_N706B/Code/NetworkMonitor/src/hal/net/nwy_hal_net.obj (memset)
../tools/GNU_Arm_Toolchain/arm-none-eabi/lib/thumb/v7/nofp/libc.a(lib_a-snprintf.o)
                              CMakeFiles/nwy_open_app.dir/E_/projects/DevelopmentLevelCode/Neoway_N706B/Code/NetworkMonitor/src/hal/net/nwy_hal_net.obj (snprintf)
../tools/GNU_Arm_Toolchain/arm-none-eabi/lib/thumb/v7/nofp/libc.a(lib_a-strcmp.o)
                              CMakeFiles/nwy_open_app.dir/E_/projects/DevelopmentLevelCode/Neoway_N706B/Code/NetworkMonitor/src/hal/net/nwy_hal_net.obj (strcmp)
../tools/GNU_Arm_Toolchain/arm-none-eabi/lib/thumb/v7/nofp/libc.a(lib_a-strlen-stub.o)
                              CMakeFiles/nwy_open_app.dir/E_/projects/DevelopmentLevelCode/Neoway_N706B/Code/NetworkMonitor/src/hal/net/nwy_hal_net.obj (strlen)
../tools/GNU_Arm_Toolchain/arm-none-eabi/lib/thumb/v7/nofp/libc.a(lib_a-strncpy.o)
                              CMakeFiles/nwy_open_app.dir/E_/projects/DevelopmentLevelCode/Neoway_N706B/Code/NetworkMonitor/src/hal/net/nwy_hal_net.obj (strncpy)
../tools/GNU_Arm_Toolchain/arm-none-eabi/lib/thumb/v7/nofp/libc.a(lib_a-svfprintf.o)
                              ../tools/GNU_Arm_Toolchain/arm-none-eabi/lib/thumb/v7/nofp/libc.a(lib_a-snprintf.o) (_svfprintf_r)
../tools/GNU_Arm_Toolchain/arm-none-eabi/lib/thumb/v7/nofp/libc.a(lib_a-vsnprintf.o)
                              CMakeFiles/nwy_open_app.dir/E_/projects/DevelopmentLevelCode/Neoway_N706B/Code/NetworkMonitor/src/hal/uart/nwy_hal_uart.obj (vsnprintf)
../tools/GNU_Arm_Toolchain/arm-none-eabi/lib/thumb/v7/nofp/libc.a(lib_a-dtoa.o)
                              ../tools/GNU_Arm_Toolchain/arm-none-eabi/lib/thumb/v7/nofp/libc.a(lib_a-svfprintf.o) (_dtoa_r)
../tools/GNU_Arm_Toolchain/arm-none-eabi/lib/thumb/v7/nofp/libc.a(lib_a-freer.o)
                              ../tools/GNU_Arm_Toolchain/arm-none-eabi/lib/thumb/v7/nofp/libc.a(lib_a-svfprintf.o) (_free_r)
../tools/GNU_Arm_Toolchain/arm-none-eabi/lib/thumb/v7/nofp/libc.a(lib_a-impure.o)
                              ../tools/GNU_Arm_Toolchain/arm-none-eabi/lib/thumb/v7/nofp/libc.a(lib_a-snprintf.o) (_impure_ptr)
../tools/GNU_Arm_Toolchain/arm-none-eabi/lib/thumb/v7/nofp/libc.a(lib_a-localeconv.o)
                              ../tools/GNU_Arm_Toolchain/arm-none-eabi/lib/thumb/v7/nofp/libc.a(lib_a-svfprintf.o) (_localeconv_r)
../tools/GNU_Arm_Toolchain/arm-none-eabi/lib/thumb/v7/nofp/libc.a(lib_a-mallocr.o)
                              ../tools/GNU_Arm_Toolchain/arm-none-eabi/lib/thumb/v7/nofp/libc.a(lib_a-svfprintf.o) (_malloc_r)
../tools/GNU_Arm_Toolchain/arm-none-eabi/lib/thumb/v7/nofp/libc.a(lib_a-memchr-stub.o)
                              ../tools/GNU_Arm_Toolchain/arm-none-eabi/lib/thumb/v7/nofp/libc.a(lib_a-svfprintf.o) (memchr)
../tools/GNU_Arm_Toolchain/arm-none-eabi/lib/thumb/v7/nofp/libc.a(lib_a-mlock.o)
                              ../tools/GNU_Arm_Toolchain/arm-none-eabi/lib/thumb/v7/nofp/libc.a(lib_a-freer.o) (__malloc_lock)
../tools/GNU_Arm_Toolchain/arm-none-eabi/lib/thumb/v7/nofp/libc.a(lib_a-mprec.o)
                              ../tools/GNU_Arm_Toolchain/arm-none-eabi/lib/thumb/v7/nofp/libc.a(lib_a-dtoa.o) (_Balloc)
../tools/GNU_Arm_Toolchain/arm-none-eabi/lib/thumb/v7/nofp/libc.a(lib_a-s_frexp.o)
                              ../tools/GNU_Arm_Toolchain/arm-none-eabi/lib/thumb/v7/nofp/libc.a(lib_a-svfprintf.o) (frexp)
../tools/GNU_Arm_Toolchain/arm-none-eabi/lib/thumb/v7/nofp/libc.a(lib_a-sbrkr.o)
                              ../tools/GNU_Arm_Toolchain/arm-none-eabi/lib/thumb/v7/nofp/libc.a(lib_a-freer.o) (_sbrk_r)
../tools/GNU_Arm_Toolchain/arm-none-eabi/lib/thumb/v7/nofp/libc.a(lib_a-svfiprintf.o)
                              ../tools/GNU_Arm_Toolchain/arm-none-eabi/lib/thumb/v7/nofp/libc.a(lib_a-svfprintf.o) (__ssprint_r)
../tools/GNU_Arm_Toolchain/arm-none-eabi/lib/thumb/v7/nofp/libc.a(lib_a-assert.o)
                              ../tools/GNU_Arm_Toolchain/arm-none-eabi/lib/thumb/v7/nofp/libc.a(lib_a-dtoa.o) (__assert_func)
../tools/GNU_Arm_Toolchain/arm-none-eabi/lib/thumb/v7/nofp/libc.a(lib_a-callocr.o)
[...]
Memory Configuration

Name             Origin             Length             Attributes
APP_RAM          0x7e040800         0x000c0000         xrw
*default*        0x00000000         0xffffffff

Linker script and memory map

LOAD CMakeFiles/nwy_open_app.dir/E_/projects/DevelopmentLevelCode/Neoway_N706B/Code/NetworkMonitor/src/hal/net/nwy_hal_net.obj
LOAD CMakeFiles/nwy_open_app.dir/E_/projects/DevelopmentLevelCode/Neoway_N706B/Code/NetworkMonitor/src/hal/os/nwy_hal_os.obj
LOAD CMakeFiles/nwy_open_app.dir/E_/projects/DevelopmentLevelCode/Neoway_N706B/Code/NetworkMonitor/src/hal/pm/nwy_hal_pm.obj
LOAD CMakeFiles/nwy_open_app.dir/E_/projects/DevelopmentLevelCode/Neoway_N706B/Code/NetworkMonitor/src/hal/sim/nwy_hal_sim.obj
LOAD CMakeFiles/nwy_open_app.dir/E_/projects/DevelopmentLevelCode/Neoway_N706B/Code/NetworkMonitor/src/hal/sms/nwy_hal_sms.obj
LOAD CMakeFiles/nwy_open_app.dir/E_/projects/DevelopmentLevelCode/Neoway_N706B/Code/NetworkMonitor/src/hal/uart/nwy_hal_uart.obj
LOAD CMakeFiles/nwy_open_app.dir/E_/projects/DevelopmentLevelCode/Neoway_N706B/Code/NetworkMonitor/src/main.obj
LOAD ../build/nwy_open_stub.a
LOAD ../tools/GNU_Arm_Toolchain/arm-none-eabi/lib/thumb/v7/nofp/libc.a
LOAD ../tools/GNU_Arm_Toolchain/arm-none-eabi/lib/thumb/v7/nofp/libnosys.a
LOAD ../tools/GNU_Arm_Toolchain/lib/gcc/arm-none-eabi/10.3.1/thumb/v7/nofp/libgcc.a

nwy_bin_header  0x7e040800        0xc
 *(nwy_bin_header)
 nwy_bin_header
                0x7e040800        0xc ../build/nwy_open_stub.a(nwy_open_stub.o)
                0x7e040800                nwy_open_app_bin_header

.text           0x7e04080c     0x9930
 *(nwy_open_asm)
 nwy_open_asm   0x7e04080c     0x1830 ../build/nwy_open_stub.a(nwy_open.o)
                0x7e04080c                nwy_sdk_log_printf
                0x7e04081c                nwy_thread_create
                0x7e04082c                nwy_thread_get_current
                0x7e04083c                nwy_thread_set_priority
                0x7e04084c                nwy_thread_get_priority
                0x7e04085c                nwy_thread_suspend
                0x7e04086c                nwy_thread_resume
                0x7e04087c                nwy_thread_exit
                0x7e04088c                nwy_thread_sleep
                0x7e04089c                nwy_thread_usleep
                0x7e0408ac                nwy_thread_event_send
                0x7e0408bc                nwy_thread_event_front_send
                0x7e0408cc                nwy_thread_event_wait
                0x7e0408dc                nwy_thread_pendingevt_num_get
                0x7e0408ec                nwy_thread_spaceevt_cnt_get
                0x7e0408fc                nwy_thread_info_get
                0x7e04090c                nwy_thread_list_get
                0x7e04091c                nwy_thread_runtime_stats_get
                0x7e04092c                nwy_msg_queue_create
                0x7e04093c                nwy_msg_queue_delete
                0x7e04094c                nwy_msg_queue_send
                0x7e04095c                nwy_msg_queue_front_send
                0x7e04096c                nwy_msg_queue_recv
                0x7e04097c                nwy_msg_queue_pending_num_get
                0x7e04098c                nwy_msg_queue_space_num_get
                0x7e04099c                nwy_sdk_mutex_create
                0x7e0409ac                nwy_sdk_mutex_lock
                0x7e0409bc                nwy_sdk_mutex_unlock
                0x7e0409cc                nwy_sdk_mutex_delete
                0x7e0409dc                nwy_semaphore_create
                0x7e0409ec                nwy_semaphore_acquire
                0x7e0409fc                nwy_semahpore_release
                0x7e040a0c                nwy_semahpore_delete
                0x7e040a1c                nwy_semahpore_count_get
                0x7e040a2c                nwy_sdk_timer_create
                0x7e040a3c                nwy_sdk_timer_destory
                0x7e040a4c                nwy_sdk_timer_start
                0x7e040a5c                nwy_sdk_timer_status_get
                0x7e040a6c                nwy_sdk_timer_stop
                0x7e040a7c                nwy_uptime_get
                0x7e040a8c                nwy_date_set
                0x7e040a9c                nwy_date_get
                0x7e040aac                nwy_sys_timestamp_set
                0x7e040abc                nwy_sys_timestamp_get
                0x7e040acc                nwy_sys_timezone_set
                0x7e040adc                nwy_timestamp_to_date
                0x7e040aec                nwy_date_to_timestamp
                0x7e040afc                nwy_socket_errno
                0x7e040b0c                nwy_socket_open
                0x7e040b1c                nwy_socket_send
                0x7e040b2c                nwy_socket_recv
                0x7e040b3c                nwy_socket_sendto
                0x7e040b4c                nwy_socket_recvfrom
                0x7e040b5c                nwy_socket_setsockopt
                0x7e040b6c                nwy_socket_getsockopt
                0x7e040b7c                nwy_socket_gethost_by_name
                0x7e040b8c                nwy_socket_close
                0x7e040b9c                nwy_socket_shutdown
                0x7e040bac                nwy_socket_connect
                0x7e040bbc                nwy_socket_lport_bind
                0x7e040bcc                nwy_socket_bind
                0x7e040bdc                nwy_socket_listen
                0x7e040bec                nwy_socket_accept
                0x7e040bfc                nwy_socket_get_state
                0x7e040c0c                nwy_socket_select
                0x7e040c1c                nwy_socket_set_nonblock
                0x7e040c2c                nwy_socket_set_reuseaddr
                0x7e040c3c                nwy_socket_set_nodelay
                0x7e040c4c                nwy_socket_set_keepalive
                0x7e040c5c                nwy_socket_set_linger
                0x7e040c6c                nwy_socket_get_ack
                0x7e040c7c                nwy_socket_get_sent
                0x7e040c8c                nwy_socket_inet_ntop
                0x7e040c9c                nwy_socket_inet_pton
                0x7e040cac                nwy_socket_htons
                0x7e040cbc                nwy_socket_ntohs
                0x7e040ccc                nwy_socket_htonl
                0x7e040cdc                nwy_socket_ntohl
                0x7e040cec                nwy_usb_serial_send
                0x7e040cfc                nwy_usb_serial_reg_recv_cb
                0x7e040d0c                malloc
                0x7e040d1c                calloc
                0x7e040d2c                realloc
                0x7e040d3c                free
                0x7e040d4c                nwy_file_open
                0x7e040d5c                nwy_file_read
                0x7e040d6c                nwy_file_write
                0x7e040d7c                nwy_file_tell
                0x7e040d8c                nwy_file_seek
                0x7e040d9c                nwy_file_path_size
                0x7e040dac                nwy_file_fd_size
                0x7e040dbc                nwy_file_exist
                0x7e040dcc                nwy_file_remove
                0x7e040ddc                nwy_file_rename
                0x7e040dec                nwy_file_sync
                0x7e040dfc                nwy_file_fd_trunc
                0x7e040e0c                nwy_file_path_trunc
                0x7e040e1c                nwy_file_path_stat_get
                0x7e040e2c                nwy_file_fd_stat_get
                0x7e040e3c                nwy_file_close
                0x7e040e4c                nwy_dir_mk
                0x7e040e5c                nwy_dir_rm
                0x7e040e6c                nwy_dir_recursive_rm
                0x7e040e7c                nwy_dir_open
                0x7e040e8c                nwy_dir_close
                0x7e040e9c                nwy_dir_read
                0x7e040eac                nwy_dir_tell
                0x7e040ebc                nwy_dir_seek
                0x7e040ecc                nwy_dir_rewind
                0x7e040edc                nwy_vfs_free_size_get
                0x7e040eec                nwy_dm_dev_model_get
                0x7e040efc                nwy_dm_inner_version_get
                0x7e040f0c                nwy_dm_open_sdk_version_get
                0x7e040f1c                nwy_dm_hw_version_get
                0x7e040f2c                nwy_dm_rftemperature_get
                0x7e040f3c                nwy_dm_sn_get
                0x7e040f4c                nwy_dm_imei_get
                0x7e040f5c                nwy_dm_app_version_set
                0x7e040f6c                nwy_dm_imei_set
                0x7e040f7c                nwy_dm_heapinfo
                0x7e040f8c                nwy_dm_nvinfo_get
                0x7e040f9c                nwy_ftp_login
                0x7e040fac                nwy_ftp_logout
                0x7e040fbc                nwy_ftp_get
                0x7e040fcc                nwy_ftp_put
                0x7e040fdc                nwy_ftp_get_filesize
                0x7e040fec                nwy_ftp_del_file
                0x7e040ffc                nwy_http_setup
                0x7e04100c                nwy_http_get
                0x7e04101c                nwy_http_head
                0x7e04102c                nwy_http_post
                0x7e04103c                nwy_http_put
                0x7e04104c                nwy_http_open_mode
                0x7e04105c                nwy_http_close
                0x7e04106c                nwy_sntp_get_time
                0x7e04107c                nwy_sim_imsi_get
                0x7e04108c                nwy_sim_iccid_get
                0x7e04109c                nwy_sim_status_get
                0x7e0410ac                nwy_sim_pin_verify
                0x7e0410bc                nwy_sim_pin_unlock
                0x7e0410cc                nwy_sim_pin_mode_get
                0x7e0410dc                nwy_sim_pin_enable
                0x7e0410ec                nwy_sim_pin_disable
                0x7e0410fc                nwy_sim_pin_change
                0x7e04110c                nwy_sim_pin_times_get
                0x7e04111c                nwy_sim_msisdn_get
                0x7e04112c                nwy_sim_slot_set
                0x7e04113c                nwy_sim_slot_get
                0x7e04114c                nwy_sim_reset
                0x7e04115c                nwy_sim_power_set
                0x7e04116c                nwy_sim_detect_set
                0x7e04117c                nwy_sim_csim
                0x7e04118c                nwy_sim_urc_reg
                0x7e04119c                nwy_sim_urc_unreg
                0x7e0411ac                nwy_pm_ctrl
                0x7e0411bc                nwy_pm_state_set
                0x7e0411cc                nwy_bootup_alarm_set
                0x7e0411dc                nwy_bootup_alarm_del
                0x7e0411ec                nwy_power_state
                0x7e0411fc                nwy_pm_boot_res
                0x7e04120c                nwy_loc_navigation_start
                0x7e04121c                nwy_loc_navigation_stop
                0x7e04122c                nwy_loc_navigation_reset
                0x7e04123c                nwy_loc_recv_cb_reg
                0x7e04124c                nwy_loc_mode_set
                0x7e04125c                nwy_loc_startup_set
                0x7e04126c                nwy_loc_rate_set
                0x7e04127c                nwy_loc_cfg_nmea_type
                0x7e04128c                nwy_loc_nmea_get
                0x7e04129c                nwy_loc_nmea_parse
                0x7e0412ac                nwy_loc_agnss_start
                0x7e0412bc                nwy_loc_param_set
                0x7e0412cc                nwy_loc_param_get
                0x7e0412dc                nwy_data_reg_cb
                0x7e0412ec                nwy_data_unreg_cb
                0x7e0412fc                nwy_data_call_start
                0x7e04130c                nwy_data_call_stop
                0x7e04131c                nwy_data_profile_get
                0x7e04132c                nwy_data_profile_set
                0x7e04133c                nwy_data_auto_connect_set
                0x7e04134c                nwy_data_call_info_get
                0x7e04135c                nwy_data_flow_info_get
                0x7e04136c                nwy_data_eps_dyn_apn_get
                0x7e04137c                nwy_data_dhcp_get
                0x7e04138c                nwy_data_dhcp_set
                0x7e04139c                nwy_data_dns_info_get
                0x7e0413ac                nwy_data_get_capability
                0x7e0413bc                mbedtls_ssl_conf_max_version
                0x7e0413cc                mbedtls_ssl_conf_min_version
                0x7e0413dc                mbedtls_ssl_conf_authmode
                0x7e0413ec                mbedtls_ssl_conf_ca_chain
                0x7e0413fc                mbedtls_ssl_conf_own_cert
                0x7e04140c                mbedtls_ssl_conf_rng
                0x7e04141c                mbedtls_ssl_conf_dbg
                0x7e04142c                mbedtls_ssl_setup
                0x7e04143c                mbedtls_ssl_set_hostname
                0x7e04144c                mbedtls_ssl_set_bio
                0x7e04145c                mbedtls_ssl_handshake
                0x7e04146c                mbedtls_ssl_get_verify_result
                0x7e04147c                mbedtls_net_connect
                0x7e04148c                mbedtls_net_init
                0x7e04149c                mbedtls_net_bind
                0x7e0414ac                mbedtls_net_accept
                0x7e0414bc                mbedtls_net_poll
                0x7e0414cc                mbedtls_net_set_block
                0x7e0414dc                mbedtls_net_set_nonblock
                0x7e0414ec                mbedtls_net_usleep
                0x7e0414fc                mbedtls_net_recv
                0x7e04150c                mbedtls_net_send
                0x7e04151c                mbedtls_net_recv_timeout
                0x7e04152c                mbedtls_net_free
                0x7e04153c                mbedtls_pk_init
                0x7e04154c                mbedtls_pk_free
                0x7e04155c                mbedtls_ssl_init
                0x7e04156c                mbedtls_ssl_read
                0x7e04157c                mbedtls_ssl_write
                0x7e04158c                mbedtls_ssl_send_alert_message
                0x7e04159c                mbedtls_ssl_close_notify
                0x7e0415ac                mbedtls_ssl_free
                0x7e0415bc                mbedtls_ssl_config_init
                0x7e0415cc                mbedtls_ssl_config_defaults
                0x7e0415dc                mbedtls_ssl_config_free
                0x7e0415ec                mbedtls_ssl_session_init
                0x7e0415fc                mbedtls_ssl_session_free
                0x7e04160c                mbedtls_ssl_conf_read_timeout
                0x7e04161c                mbedtls_ssl_set_timer_cb
                0x7e04162c                mbedtls_platform_set_calloc_free
                0x7e04163c                mbedtls_x509_crt_parse_der
                0x7e04164c                mbedtls_x509_crt_parse
                0x7e04165c                mbedtls_x509_crt_info
                0x7e04166c                mbedtls_x509_crt_verify_info
                0x7e04167c                mbedtls_x509_crt_verify
                0x7e04168c                mbedtls_x509_crt_verify_with_profile
                0x7e04169c                mbedtls_x509_crt_verify_restartable
                0x7e0416ac                mbedtls_x509_crt_init
                0x7e0416bc                mbedtls_x509_crt_free
                0x7e0416cc                mbedtls_pk_parse_key
                0x7e0416dc                mbedtls_entropy_free
                0x7e0416ec                mbedtls_entropy_init
                0x7e0416fc                mbedtls_entropy_func
                0x7e04170c                mbedtls_ctr_drbg_random
                0x7e04171c                mbedtls_ctr_drbg_free
                0x7e04172c                mbedtls_ctr_drbg_seed
                0x7e04173c                mbedtls_ctr_drbg_init
                0x7e04174c                mbedtls_ssl_get_bytes_avail
                0x7e04175c                mbedtls_ssl_conf_ciphersuites
                0x7e04176c                mbedtls_sha1_init
                0x7e04177c                mbedtls_sha1_update
                0x7e04178c                mbedtls_sha1_finish
                0x7e04179c                mbedtls_base64_encode
                0x7e0417ac                mbedtls_ssl_session_reset
                0x7e0417bc                mbedtls_pk_get_type
                0x7e0417cc                mbedtls_ssl_conf_renegotiation
                0x7e0417dc                mbedtls_ssl_set_session
                0x7e0417ec                mbedtls_aes_init
                0x7e0417fc                mbedtls_aes_free
                0x7e04180c                mbedtls_aes_xts_init
                0x7e04181c                mbedtls_aes_xts_free
                0x7e04182c                mbedtls_aes_setkey_enc
                0x7e04183c                mbedtls_aes_setkey_dec
                0x7e04184c                mbedtls_aes_xts_setkey_enc
                0x7e04185c                mbedtls_aes_xts_setkey_dec
                0x7e04186c                mbedtls_aes_crypt_ecb
                0x7e04187c                mbedtls_aes_crypt_cbc
                0x7e04188c                mbedtls_aes_crypt_xts
                0x7e04189c                mbedtls_aes_crypt_cfb128
                0x7e0418ac                mbedtls_aes_crypt_cfb8
                0x7e0418bc                mbedtls_aes_crypt_ofb
                0x7e0418cc                mbedtls_aes_crypt_ctr
                0x7e0418dc                nwy_ssl_version_info_get
                0x7e0418ec                mbedtls_internal_aes_encrypt
                0x7e0418fc                mbedtls_internal_aes_decrypt
                0x7e04190c                psa_crypto_init
                0x7e04191c                nwy_usb_net_mode_set
                0x7e04192c                nwy_usb_net_mode_get
                0x7e04193c                nwy_i2c_init
                0x7e04194c                nwy_i2c_read
                0x7e04195c                nwy_i2c_write
                0x7e04196c                nwy_i2c_deinit
                0x7e04197c                nwy_i2c_raw_get_byte
                0x7e04198c                nwy_i2c_raw_put_byte
                0x7e04199c                nwy_spi_init
                0x7e0419ac                nwy_spi_cs_cfg
                0x7e0419bc                nwy_spi_transfer
                0x7e0419cc                nwy_spi_deinit
                0x7e0419dc                nwy_spi_read
                0x7e0419ec                nwy_spi_write
                0x7e0419fc                nwy_sms_option_init
                0x7e041a0c                nwy_sms_storage_set
                0x7e041a1c                nwy_sms_storage_get
                0x7e041a2c                nwy_sms_report_set
                0x7e041a3c                nwy_sms_sca_set
                0x7e041a4c                nwy_sms_sca_get
                0x7e041a5c                nwy_sms_msg_send
                0x7e041a6c                nwy_sms_recv_cb_reg
                0x7e041a7c                nwy_sms_recv_cb_unreg
                0x7e041a8c                nwy_sms_msg_del
                0x7e041a9c                nwy_sms_msg_read
                0x7e041aac                nwy_sms_msg_del_ext
                0x7e041abc                nwy_sms_msg_list_read
                0x7e041acc                nwy_nw_mode_get
                0x7e041adc                nwy_nw_mode_set
                0x7e041aec                nwy_nw_priband_get
                0x7e041afc                nwy_nw_priband_set
                0x7e041b0c                nwy_nw_ims_get
                0x7e041b1c                nwy_nw_ims_set
                0x7e041b2c                nwy_nw_radio_get
                0x7e041b3c                nwy_nw_radio_set
                0x7e041b4c                nwy_nw_config_get
                0x7e041b5c                nwy_nw_config_set
                0x7e041b6c                nwy_nw_operator_get
                0x7e041b7c                nwy_nw_csq_get
                0x7e041b8c                nwy_nw_signal_get
                0x7e041b9c                nwy_nw_regstatus_get
                0x7e041bac                nwy_nw_cellinfo_get
                0x7e041bbc                nwy_nw_lock_set
                0x7e041bcc                nwy_nw_lock_get
                0x7e041bdc                nwy_nw_manual_select
                0x7e041bec                nwy_nw_scan
                0x7e041bfc                nwy_nw_psm_get
                0x7e041c0c                nwy_nw_psm_set
                0x7e041c1c                nwy_nw_get_forbidden_plmn
                0x7e041c2c                nwy_nw_reg_cb
                0x7e041c3c                nwy_nw_unreg_cb
                0x7e041c4c                nwy_get_time_zone_switch
                0x7e041c5c                nwy_set_time_zone_switch
                0x7e041c6c                nwy_dm_nwcfg_get
                0x7e041c7c                nwy_dm_nwcfg_set
                0x7e041c8c                nwy_virt_at_parameter_init
                0x7e041c9c                nwy_virt_at_cmd_send
                0x7e041cac                nwy_virt_at_unsolicited_cb_reg
                0x7e041cbc                nwy_virt_at_get_original_rsp_cb
                0x7e041ccc                nwy_virt_at_forward_cb
                0x7e041cdc                nwy_virt_at_forward_send
                0x7e041cec                nwy_pm_vbat_voltage_get
                0x7e041cfc                nwy_ping_start
                0x7e041d0c                NetworkInit
                0x7e041d1c                NetworkConnect
                0x7e041d2c                NetworkDisconnect
                0x7e041d3c                MQTTClientInit
                0x7e041d4c                MQTTConnect
                0x7e041d5c                MQTTPublish
                0x7e041d6c                MQTTSetMessageHandler
                0x7e041d7c                MQTTSubscribe
                0x7e041d8c                MQTTUnsubscribe
                0x7e041d9c                MQTTDisconnect
                0x7e041dac                MQTTYield
                0x7e041dbc                MQTTIsConnected
                0x7e041dcc                nwy_gpio_direction_get
                0x7e041ddc                nwy_gpio_direction_set
                0x7e041dec                nwy_gpio_value_get
                0x7e041dfc                nwy_gpio_value_set
                0x7e041e0c                nwy_gpio_pull_get
                0x7e041e1c                nwy_gpio_pull_set
                0x7e041e2c                nwy_gpio_irq_register
                0x7e041e3c                nwy_gpio_irq_enable
                0x7e041e4c                nwy_gpio_irq_disable
                0x7e041e5c                nwy_gpio_irq_wakeup_enable
                0x7e041e6c                nwy_gpio_irq_wakeup_disable
                0x7e041e7c                nwy_gpio_close
                0x7e041e8c                nwy_uart_open
                0x7e041e9c                nwy_uart_read
                0x7e041eac                nwy_uart_write
                0x7e041ebc                nwy_uart_dcb_set
                0x7e041ecc                nwy_uart_dcb_get
                0x7e041edc                nwy_uart_close
                0x7e041eec                nwy_uart_rx_cb_register
                0x7e041efc                nwy_uart_tx_cb_register
                0x7e041f0c                nwy_uart_rx_frame_timeout_set
                0x7e041f1c                nwy_adc_get
                0x7e041f2c                nwy_dev_name_list_get
                0x7e041f3c                nwy_sat_set_on_off
                0x7e041f4c                nwy_sat_get_on_off
                0x7e041f5c                nwy_sat_terminal_response
                0x7e041f6c                nwy_sat_envelope_command
                0x7e041f7c                nwy_sat_set_profile
                0x7e041f8c                nwy_sat_get_profile
                0x7e041f9c                nwy_sat_recv_data
                0x7e041fac                nwy_fota_write
                0x7e041fbc                nwy_fota_update
                0x7e041fcc                nwy_fota_result_get
                0x7e041fdc                nwy_fota_base_ver_update
                0x7e041fec                nwy_vfs_logical_block_device_create
                0x7e041ffc                nwy_vfs_mount
                0x7e04200c                nwy_vfs_unmount
                0x7e04201c                nwy_vfs_mkfs
                0x7e04202c                nwy_dm_soc_model_get
 *(.text*)
 .text.handle_internal_data_cb
                0x7e04203c       0x58 CMakeFiles/nwy_open_app.dir/E_/projects/DevelopmentLevelCode/Neoway_N706B/Code/NetworkMonitor/src/hal/net/nwy_hal_net.obj
 .text.internal_data_cb_sim1
                0x7e042094        0xa CMakeFiles/nwy_open_app.dir/E_/projects/DevelopmentLevelCode/Neoway_N706B/Code/NetworkMonitor/src/hal/net/nwy_hal_net.obj
 .text.internal_data_cb_sim2
                0x7e04209e        0xa CMakeFiles/nwy_open_app.dir/E_/projects/DevelopmentLevelCode/Neoway_N706B/Code/NetworkMonitor/src/hal/net/nwy_hal_net.obj
 .text.nwy_hal_net_get_csq
                0x7e0420a8       0x32 CMakeFiles/nwy_open_app.dir/E_/projects/DevelopmentLevelCode/Neoway_N706B/Code/NetworkMonitor/src/hal/net/nwy_hal_net.obj
                0x7e0420a8                nwy_hal_net_get_csq
 *fill*         0x7e0420da        0x2 
 .text.nwy_hal_net_get_operator_name
                0x7e0420dc       0x80 CMakeFiles/nwy_open_app.dir/E_/projects/DevelopmentLevelCode/Neoway_N706B/Code/NetworkMonitor/src/hal/net/nwy_hal_net.obj
                0x7e0420dc                nwy_hal_net_get_operator_name
 .text.nwy_hal_net_get_registration_details
                0x7e04215c       0x78 CMakeFiles/nwy_open_app.dir/E_/projects/DevelopmentLevelCode/Neoway_N706B/Code/NetworkMonitor/src/hal/net/nwy_hal_net.obj
                0x7e04215c                nwy_hal_net_get_registration_details
 .text.nwy_hal_net_get_operator_details
                0x7e0421d4       0x1a CMakeFiles/nwy_open_app.dir/E_/projects/DevelopmentLevelCode/Neoway_N706B/Code/NetworkMonitor/src/hal/net/nwy_hal_net.obj
                0x7e0421d4                nwy_hal_net_get_operator_details
 .text.nwy_hal_net_get_mode
                0x7e0421ee       0x1a CMakeFiles/nwy_open_app.dir/E_/projects/DevelopmentLevelCode/Neoway_N706B/Code/NetworkMonitor/src/hal/net/nwy_hal_net.obj
                0x7e0421ee                nwy_hal_net_get_mode
 .text.nwy_hal_net_get_ims_mode
                0x7e042208       0x1a CMakeFiles/nwy_open_app.dir/E_/projects/DevelopmentLevelCode/Neoway_N706B/Code/NetworkMonitor/src/hal/net/nwy_hal_net.obj
                0x7e042208                nwy_hal_net_get_ims_mode
 .text.nwy_hal_net_get_radio_mode
                0x7e042222       0x10 CMakeFiles/nwy_open_app.dir/E_/projects/DevelopmentLevelCode/Neoway_N706B/Code/NetworkMonitor/src/hal/net/nwy_hal_net.obj
                0x7e042222                nwy_hal_net_get_radio_mode
 .text.nwy_hal_net_get_psm_info
                0x7e042232       0x1a CMakeFiles/nwy_open_app.dir/E_/projects/DevelopmentLevelCode/Neoway_N706B/Code/NetworkMonitor/src/hal/net/nwy_hal_net.obj
                0x7e042232                nwy_hal_net_get_psm_info
 .text.nwy_hal_net_get_signal_info
                0x7e04224c       0x1a CMakeFiles/nwy_open_app.dir/E_/projects/DevelopmentLevelCode/Neoway_N706B/Code/NetworkMonitor/src/hal/net/nwy_hal_net.obj
                0x7e04224c                nwy_hal_net_get_signal_info
 .text.nwy_hal_net_get_cellinfo
                0x7e042266       0x1a CMakeFiles/nwy_open_app.dir/E_/projects/DevelopmentLevelCode/Neoway_N706B/Code/NetworkMonitor/src/hal/net/nwy_hal_net.obj
                0x7e042266                nwy_hal_net_get_cellinfo
 .text.nwy_hal_net_start_data_call
                0x7e042280       0x78 CMakeFiles/nwy_open_app.dir/E_/projects/DevelopmentLevelCode/Neoway_N706B/Code/NetworkMonitor/src/hal/net/nwy_hal_net.obj
                0x7e042280                nwy_hal_net_start_data_call
 .text.nwy_hal_net_get_ip
                0x7e0422f8       0x64 CMakeFiles/nwy_open_app.dir/E_/projects/DevelopmentLevelCode/Neoway_N706B/Code/NetworkMonitor/src/hal/net/nwy_hal_net.obj
                0x7e0422f8                nwy_hal_net_get_ip
 .text.nwy_hal_os_thread_create
                0x7e04235c       0x2c CMakeFiles/nwy_open_app.dir/E_/projects/DevelopmentLevelCode/Neoway_N706B/Code/NetworkMonitor/src/hal/os/nwy_hal_os.obj
                0x7e04235c                nwy_hal_os_thread_create
 .text.nwy_hal_os_thread_sleep
                0x7e042388        0x4 CMakeFiles/nwy_open_app.dir/E_/projects/DevelopmentLevelCode/Neoway_N706B/Code/NetworkMonitor/src/hal/os/nwy_hal_os.obj
                0x7e042388                nwy_hal_os_thread_sleep
 .text.internal_sim_cb
                0x7e04238c       0x2c CMakeFiles/nwy_open_app.dir/E_/projects/DevelopmentLevelCode/Neoway_N706B/Code/NetworkMonitor/src/hal/sim/nwy_hal_sim.obj
 .text.nwy_hal_sim_is_ready
                0x7e0423b8       0x26 CMakeFiles/nwy_open_app.dir/E_/projects/DevelopmentLevelCode/Neoway_N706B/Code/NetworkMonitor/src/hal/sim/nwy_hal_sim.obj
                0x7e0423b8                nwy_hal_sim_is_ready
 *fill*         0x7e0423de        0x2 
 .text.nwy_hal_sim_register_urc_cb
                0x7e0423e0       0x30 CMakeFiles/nwy_open_app.dir/E_/projects/DevelopmentLevelCode/Neoway_N706B/Code/NetworkMonitor/src/hal/sim/nwy_hal_sim.obj
                0x7e0423e0                nwy_hal_sim_register_urc_cb
 .text.uart_log_format
                0x7e042410       0x54 CMakeFiles/nwy_open_app.dir/E_/projects/DevelopmentLevelCode/Neoway_N706B/Code/NetworkMonitor/src/hal/uart/nwy_hal_uart.obj
 .text.nwy_hal_uart_open
                0x7e042464       0x20 CMakeFiles/nwy_open_app.dir/E_/projects/DevelopmentLevelCode/Neoway_N706B/Code/NetworkMonitor/src/hal/uart/nwy_hal_uart.obj
                0x7e042464                nwy_hal_uart_open
 .text.nwy_hal_uart_printf
                0x7e042484       0x44 CMakeFiles/nwy_open_app.dir/E_/projects/DevelopmentLevelCode/Neoway_N706B/Code/NetworkMonitor/src/hal/uart/nwy_hal_uart.obj
                0x7e042484                nwy_hal_uart_printf
 .text.nwy_hal_uart_set_log_fd
                0x7e0424c8        0xc CMakeFiles/nwy_open_app.dir/E_/projects/DevelopmentLevelCode/Neoway_N706B/Code/NetworkMonitor/src/hal/uart/nwy_hal_uart.obj
                0x7e0424c8                nwy_hal_uart_set_log_fd
 .text.nwy_hal_uart_log_i
                0x7e0424d4       0x1e CMakeFiles/nwy_open_app.dir/E_/projects/DevelopmentLevelCode/Neoway_N706B/Code/NetworkMonitor/src/hal/uart/nwy_hal_uart.obj
                0x7e0424d4                nwy_hal_uart_log_i
 .text.nwy_hal_uart_log_w
                0x7e0424f2       0x1e CMakeFiles/nwy_open_app.dir/E_/projects/DevelopmentLevelCode/Neoway_N706B/Code/NetworkMonitor/src/hal/uart/nwy_hal_uart.obj
                0x7e0424f2                nwy_hal_uart_log_w
 .text.nwy_hal_uart_log_e
                0x7e042510       0x1e CMakeFiles/nwy_open_app.dir/E_/projects/DevelopmentLevelCode/Neoway_N706B/Code/NetworkMonitor/src/hal/uart/nwy_hal_uart.obj
                0x7e042510                nwy_hal_uart_log_e
 *fill*         0x7e04252e        0x2 
 .text.test_sim_urc_cb
                0x7e042530       0x30 CMakeFiles/nwy_open_app.dir/E_/projects/DevelopmentLevelCode/Neoway_N706B/Code/NetworkMonitor/src/main.obj
 .text.test_data_call_cb
                0x7e042560       0x44 CMakeFiles/nwy_open_app.dir/E_/projects/DevelopmentLevelCode/Neoway_N706B/Code/NetworkMonitor/src/main.obj
 .text.network_monitor_task
                0x7e0425a4      0x748 CMakeFiles/nwy_open_app.dir/E_/projects/DevelopmentLevelCode/Neoway_N706B/Code/NetworkMonitor/src/main.obj
 .text.nwy_open_app_entry
                0x7e042cec       0x6c CMakeFiles/nwy_open_app.dir/E_/projects/DevelopmentLevelCode/Neoway_N706B/Code/NetworkMonitor/src/main.obj
                0x7e042cec                nwy_open_app_entry
 .text.abs      0x7e042d58        0x8 ../tools/GNU_Arm_Toolchain/arm-none-eabi/lib/thumb/v7/nofp/libc.a(lib_a-abs.o)
                0x7e042d58                abs
 .text          0x7e042d60       0xec ../tools/GNU_Arm_Toolchain/arm-none-eabi/lib/thumb/v7/nofp/libc.a(lib_a-memcpy.o)
                0x7e042d60                memcpy
 .text.memset   0x7e042e4c       0xa4 ../tools/GNU_Arm_Toolchain/arm-none-eabi/lib/thumb/v7/nofp/libc.a(lib_a-memset.o)
                0x7e042e4c                memset
 .text.snprintf
                0x7e042ef0       0x8c ../tools/GNU_Arm_Toolchain/arm-none-eabi/lib/thumb/v7/nofp/libc.a(lib_a-snprintf.o)
                0x7e042ef0                snprintf
 .text          0x7e042f7c      0x1bc ../tools/GNU_Arm_Toolchain/arm-none-eabi/lib/thumb/v7/nofp/libc.a(lib_a-strcmp.o)
                0x7e042f7c                strcmp
 .text.strlen   0x7e043138       0x5c ../tools/GNU_Arm_Toolchain/arm-none-eabi/lib/thumb/v7/nofp/libc.a(lib_a-strlen-stub.o)
                0x7e043138                strlen
 .text.strncpy  0x7e043194       0x70 ../tools/GNU_Arm_Toolchain/arm-none-eabi/lib/thumb/v7/nofp/libc.a(lib_a-strncpy.o)
                0x7e043194                strncpy
 .text._svfprintf_r
                0x7e043204     0x1aac ../tools/GNU_Arm_Toolchain/arm-none-eabi/lib/thumb/v7/nofp/libc.a(lib_a-svfprintf.o)
                0x7e043204                _svfprintf_r
 .text.vsnprintf
                0x7e044cb0       0x78 ../tools/GNU_Arm_Toolchain/arm-none-eabi/lib/thumb/v7/nofp/libc.a(lib_a-vsnprintf.o)
                0x7e044cb0                vsnprintf
 .text.quorem   0x7e044d28      0x130 ../tools/GNU_Arm_Toolchain/arm-none-eabi/lib/thumb/v7/nofp/libc.a(lib_a-dtoa.o)
 .text._dtoa_r  0x7e044e58      0xf44 ../tools/GNU_Arm_Toolchain/arm-none-eabi/lib/thumb/v7/nofp/libc.a(lib_a-dtoa.o)
                0x7e044e58                _dtoa_r
 .text._malloc_trim_r
                0x7e045d9c       0xac ../tools/GNU_Arm_Toolchain/arm-none-eabi/lib/thumb/v7/nofp/libc.a(lib_a-freer.o)
                0x7e045d9c                _malloc_trim_r
 .text._free_r  0x7e045e48      0x21c ../tools/GNU_Arm_Toolchain/arm-none-eabi/lib/thumb/v7/nofp/libc.a(lib_a-freer.o)
                0x7e045e48                _free_r
 .text._localeconv_r
                0x7e046064        0x8 ../tools/GNU_Arm_Toolchain/arm-none-eabi/lib/thumb/v7/nofp/libc.a(lib_a-localeconv.o)
                0x7e046064                _localeconv_r
 .text._malloc_r
                0x7e04606c      0x558 ../tools/GNU_Arm_Toolchain/arm-none-eabi/lib/thumb/v7/nofp/libc.a(lib_a-mallocr.o)
                0x7e04606c                _malloc_r
 .text.memchr   0x7e0465c4       0x90 ../tools/GNU_Arm_Toolchain/arm-none-eabi/lib/thumb/v7/nofp/libc.a(lib_a-memchr-stub.o)
                0x7e0465c4                memchr
 .text.__malloc_lock
                0x7e046654        0xc ../tools/GNU_Arm_Toolchain/arm-none-eabi/lib/thumb/v7/nofp/libc.a(lib_a-mlock.o)
                0x7e046654                __malloc_lock
 .text.__malloc_unlock
                0x7e046660        0xc ../tools/GNU_Arm_Toolchain/arm-none-eabi/lib/thumb/v7/nofp/libc.a(lib_a-mlock.o)
                0x7e046660                __malloc_unlock
 .text._Balloc  0x7e04666c       0x4c ../tools/GNU_Arm_Toolchain/arm-none-eabi/lib/thumb/v7/nofp/libc.a(lib_a-mprec.o)
                0x7e04666c                _Balloc
 .text._Bfree   0x7e0466b8       0x14 ../tools/GNU_Arm_Toolchain/arm-none-eabi/lib/thumb/v7/nofp/libc.a(lib_a-mprec.o)
                0x7e0466b8                _Bfree
 .text.__multadd
                0x7e0466cc       0xa8 ../tools/GNU_Arm_Toolchain/arm-none-eabi/lib/thumb/v7/nofp/libc.a(lib_a-mprec.o)
                0x7e0466cc                __multadd
 .text.__hi0bits
                0x7e046774       0x40 ../tools/GNU_Arm_Toolchain/arm-none-eabi/lib/thumb/v7/nofp/libc.a(lib_a-mprec.o)
                0x7e046774                __hi0bits
 .text.__lo0bits
                0x7e0467b4       0x54 ../tools/GNU_Arm_Toolchain/arm-none-eabi/lib/thumb/v7/nofp/libc.a(lib_a-mprec.o)
                0x7e0467b4                __lo0bits
 .text.__i2b    0x7e046808       0x60 ../tools/GNU_Arm_Toolchain/arm-none-eabi/lib/thumb/v7/nofp/libc.a(lib_a-mprec.o)
                0x7e046808                __i2b
 .text.__multiply
                0x7e046868      0x170 ../tools/GNU_Arm_Toolchain/arm-none-eabi/lib/thumb/v7/nofp/libc.a(lib_a-mprec.o)
                0x7e046868                __multiply
 .text.__pow5mult
                0x7e0469d8       0xc4 ../tools/GNU_Arm_Toolchain/arm-none-eabi/lib/thumb/v7/nofp/libc.a(lib_a-mprec.o)
                0x7e0469d8                __pow5mult
 .text.__lshift
                0x7e046a9c       0xec ../tools/GNU_Arm_Toolchain/arm-none-eabi/lib/thumb/v7/nofp/libc.a(lib_a-mprec.o)
                0x7e046a9c                __lshift
 .text.__mcmp   0x7e046b88       0x40 ../tools/GNU_Arm_Toolchain/arm-none-eabi/lib/thumb/v7/nofp/libc.a(lib_a-mprec.o)
                0x7e046b88                __mcmp
 .text.__mdiff  0x7e046bc8      0x160 ../tools/GNU_Arm_Toolchain/arm-none-eabi/lib/thumb/v7/nofp/libc.a(lib_a-mprec.o)
                0x7e046bc8                __mdiff
 .text.__d2b    0x7e046d28       0xc4 ../tools/GNU_Arm_Toolchain/arm-none-eabi/lib/thumb/v7/nofp/libc.a(lib_a-mprec.o)
                0x7e046d28                __d2b
 .text.frexp    0x7e046dec       0x70 ../tools/GNU_Arm_Toolchain/arm-none-eabi/lib/thumb/v7/nofp/libc.a(lib_a-s_frexp.o)
                0x7e046dec                frexp
 .text._sbrk_r  0x7e046e5c       0x28 ../tools/GNU_Arm_Toolchain/arm-none-eabi/lib/thumb/v7/nofp/libc.a(lib_a-sbrkr.o)
                0x7e046e5c                _sbrk_r
 .text.__ssprint_r
                0x7e046e84      0x100 ../tools/GNU_Arm_Toolchain/arm-none-eabi/lib/thumb/v7/nofp/libc.a(lib_a-svfiprintf.o)
                0x7e046e84                __ssprint_r
 .text.__assert_func
                0x7e046f84       0x44 ../tools/GNU_Arm_Toolchain/arm-none-eabi/lib/thumb/v7/nofp/libc.a(lib_a-assert.o)
                0x7e046f84                __assert_func
 .text._calloc_r
                0x7e046fc8       0x64 ../tools/GNU_Arm_Toolchain/arm-none-eabi/lib/thumb/v7/nofp/libc.a(lib_a-callocr.o)
                0x7e046fc8                _calloc_r
 .text.fiprintf
                0x7e04702c       0x2c ../tools/GNU_Arm_Toolchain/arm-none-eabi/lib/thumb/v7/nofp/libc.a(lib_a-fiprintf.o)
                0x7e04702c                fiprintf
 .text.__locale_mb_cur_max
                0x7e047058       0x10 ../tools/GNU_Arm_Toolchain/arm-none-eabi/lib/thumb/v7/nofp/libc.a(lib_a-locale.o)
                0x7e047058                __locale_mb_cur_max
 .text.__retarget_lock_init_recursive
                0x7e047068        0x4 ../tools/GNU_Arm_Toolchain/arm-none-eabi/lib/thumb/v7/nofp/libc.a(lib_a-lock.o)
                0x7e047068                __retarget_lock_init_recursive
 .text.__retarget_lock_close_recursive
                0x7e04706c        0x4 ../tools/GNU_Arm_Toolchain/arm-none-eabi/lib/thumb/v7/nofp/libc.a(lib_a-lock.o)
                0x7e04706c                __retarget_lock_close_recursive
 .text.__retarget_lock_acquire_recursive
                0x7e047070        0x4 ../tools/GNU_Arm_Toolchain/arm-none-eabi/lib/thumb/v7/nofp/libc.a(lib_a-lock.o)
                0x7e047070                __retarget_lock_acquire_recursive
 .text.__retarget_lock_release_recursive
                0x7e047074        0x4 ../tools/GNU_Arm_Toolchain/arm-none-eabi/lib/thumb/v7/nofp/libc.a(lib_a-lock.o)
                0x7e047074                __retarget_lock_release_recursive
 .text.__ascii_mbtowc
                0x7e047078       0x24 ../tools/GNU_Arm_Toolchain/arm-none-eabi/lib/thumb/v7/nofp/libc.a(lib_a-mbtowc_r.o)
                0x7e047078                __ascii_mbtowc
 .text.memmove  0x7e04709c       0xf8 ../tools/GNU_Arm_Toolchain/arm-none-eabi/lib/thumb/v7/nofp/libc.a(lib_a-memmove.o)
                0x7e04709c                memmove
 .text._realloc_r
                0x7e047194      0x40c ../tools/GNU_Arm_Toolchain/arm-none-eabi/lib/thumb/v7/nofp/libc.a(lib_a-reallocr.o)
                0x7e047194                _realloc_r
 .text.__sprint_r.part.0
                0x7e0475a0       0x74 ../tools/GNU_Arm_Toolchain/arm-none-eabi/lib/thumb/v7/nofp/libc.a(lib_a-vfiprintf.o)
 .text._vfiprintf_r
                0x7e047614      0xd68 ../tools/GNU_Arm_Toolchain/arm-none-eabi/lib/thumb/v7/nofp/libc.a(lib_a-vfiprintf.o)
                0x7e047614                _vfiprintf_r
 .text.__sbprintf
                0x7e04837c       0x80 ../tools/GNU_Arm_Toolchain/arm-none-eabi/lib/thumb/v7/nofp/libc.a(lib_a-vfiprintf.o)
 .text.__ascii_wctomb
                0x7e0483fc       0x1c ../tools/GNU_Arm_Toolchain/arm-none-eabi/lib/thumb/v7/nofp/libc.a(lib_a-wctomb_r.o)
                0x7e0483fc                __ascii_wctomb
 .text.__swsetup_r
                0x7e048418       0xd0 ../tools/GNU_Arm_Toolchain/arm-none-eabi/lib/thumb/v7/nofp/libc.a(lib_a-wsetup.o)
                0x7e048418                __swsetup_r
 .text.abort    0x7e0484e8       0x10 ../tools/GNU_Arm_Toolchain/arm-none-eabi/lib/thumb/v7/nofp/libc.a(lib_a-abort.o)
                0x7e0484e8                abort
 .text.__sflush_r
                0x7e0484f8      0x148 ../tools/GNU_Arm_Toolchain/arm-none-eabi/lib/thumb/v7/nofp/libc.a(lib_a-fflush.o)
                0x7e0484f8                __sflush_r
 .text._fflush_r
                0x7e048640       0x5c ../tools/GNU_Arm_Toolchain/arm-none-eabi/lib/thumb/v7/nofp/libc.a(lib_a-fflush.o)
                0x7e048640                _fflush_r
 .text._cleanup_r
                0x7e04869c        0xc ../tools/GNU_Arm_Toolchain/arm-none-eabi/lib/thumb/v7/nofp/libc.a(lib_a-findfp.o)
                0x7e04869c                _cleanup_r
 .text.__sinit  0x7e0486a8      0x11c ../tools/GNU_Arm_Toolchain/arm-none-eabi/lib/thumb/v7/nofp/libc.a(lib_a-findfp.o)
                0x7e0486a8                __sinit
 .text.__sfp_lock_acquire
                0x7e0487c4        0xc ../tools/GNU_Arm_Toolchain/arm-none-eabi/lib/thumb/v7/nofp/libc.a(lib_a-findfp.o)
                0x7e0487c4                __sfp_lock_acquire
 .text.__sfp_lock_release
                0x7e0487d0        0xc ../tools/GNU_Arm_Toolchain/arm-none-eabi/lib/thumb/v7/nofp/libc.a(lib_a-findfp.o)
                0x7e0487d0                __sfp_lock_release
 .text.__fputwc
                0x7e0487dc       0xb4 ../tools/GNU_Arm_Toolchain/arm-none-eabi/lib/thumb/v7/nofp/libc.a(lib_a-fputwc.o)
                0x7e0487dc                __fputwc
 .text._fputwc_r
                0x7e048890       0x6c ../tools/GNU_Arm_Toolchain/arm-none-eabi/lib/thumb/v7/nofp/libc.a(lib_a-fputwc.o)
                0x7e048890                _fputwc_r
 .text.__sfvwrite_r
                0x7e0488fc      0x2f4 ../tools/GNU_Arm_Toolchain/arm-none-eabi/lib/thumb/v7/nofp/libc.a(lib_a-fvwrite.o)
                0x7e0488fc                __sfvwrite_r
 .text._fwalk_reent
                0x7e048bf0       0x40 ../tools/GNU_Arm_Toolchain/arm-none-eabi/lib/thumb/v7/nofp/libc.a(lib_a-fwalk.o)
                0x7e048bf0                _fwalk_reent
 .text.__smakebuf_r
                0x7e048c30       0xe4 ../tools/GNU_Arm_Toolchain/arm-none-eabi/lib/thumb/v7/nofp/libc.a(lib_a-makebuf.o)
                0x7e048c30                __smakebuf_r
 .text.raise    0x7e048d14       0x5c ../tools/GNU_Arm_Toolchain/arm-none-eabi/lib/thumb/v7/nofp/libc.a(lib_a-signal.o)
                0x7e048d14                raise
 .text._kill_r  0x7e048d70       0x2c ../tools/GNU_Arm_Toolchain/arm-none-eabi/lib/thumb/v7/nofp/libc.a(lib_a-signalr.o)
                0x7e048d70                _kill_r
 .text._getpid_r
                0x7e048d9c        0x4 ../tools/GNU_Arm_Toolchain/arm-none-eabi/lib/thumb/v7/nofp/libc.a(lib_a-signalr.o)
                0x7e048d9c                _getpid_r
 .text.__sread  0x7e048da0       0x24 ../tools/GNU_Arm_Toolchain/arm-none-eabi/lib/thumb/v7/nofp/libc.a(lib_a-stdio.o)
                0x7e048da0                __sread
 .text.__swrite
                0x7e048dc4       0x40 ../tools/GNU_Arm_Toolchain/arm-none-eabi/lib/thumb/v7/nofp/libc.a(lib_a-stdio.o)
                0x7e048dc4                __swrite
 .text.__sseek  0x7e048e04       0x20 ../tools/GNU_Arm_Toolchain/arm-none-eabi/lib/thumb/v7/nofp/libc.a(lib_a-stdio.o)
                0x7e048e04                __sseek
 .text.__sclose
                0x7e048e24        0x8 ../tools/GNU_Arm_Toolchain/arm-none-eabi/lib/thumb/v7/nofp/libc.a(lib_a-stdio.o)
                0x7e048e24                __sclose
 .text.__swbuf_r
                0x7e048e2c       0xb0 ../tools/GNU_Arm_Toolchain/arm-none-eabi/lib/thumb/v7/nofp/libc.a(lib_a-wbuf.o)
                0x7e048e2c                __swbuf_r
 .text._wcrtomb_r
                0x7e048edc       0x3c ../tools/GNU_Arm_Toolchain/arm-none-eabi/lib/thumb/v7/nofp/libc.a(lib_a-wcrtomb.o)
                0x7e048edc                _wcrtomb_r
 .text._write_r
                0x7e048f18       0x30 ../tools/GNU_Arm_Toolchain/arm-none-eabi/lib/thumb/v7/nofp/libc.a(lib_a-writer.o)
                0x7e048f18                _write_r
 .text._close_r
                0x7e048f48       0x28 ../tools/GNU_Arm_Toolchain/arm-none-eabi/lib/thumb/v7/nofp/libc.a(lib_a-closer.o)
                0x7e048f48                _close_r
 .text._fclose_r
                0x7e048f70       0xcc ../tools/GNU_Arm_Toolchain/arm-none-eabi/lib/thumb/v7/nofp/libc.a(lib_a-fclose.o)
                0x7e048f70                _fclose_r
 .text._fstat_r
                0x7e04903c       0x2c ../tools/GNU_Arm_Toolchain/arm-none-eabi/lib/thumb/v7/nofp/libc.a(lib_a-fstatr.o)
                0x7e04903c                _fstat_r
 .text._isatty_r
                0x7e049068       0x28 ../tools/GNU_Arm_Toolchain/arm-none-eabi/lib/thumb/v7/nofp/libc.a(lib_a-isattyr.o)
                0x7e049068                _isatty_r
 .text._lseek_r
                0x7e049090       0x30 ../tools/GNU_Arm_Toolchain/arm-none-eabi/lib/thumb/v7/nofp/libc.a(lib_a-lseekr.o)
                0x7e049090                _lseek_r
 .text._read_r  0x7e0490c0       0x30 ../tools/GNU_Arm_Toolchain/arm-none-eabi/lib/thumb/v7/nofp/libc.a(lib_a-readr.o)
                0x7e0490c0                _read_r
 .text._close   0x7e0490f0       0x14 ../tools/GNU_Arm_Toolchain/arm-none-eabi/lib/thumb/v7/nofp/libnosys.a(close.o)
                0x7e0490f0                _close
 .text._fstat   0x7e049104       0x14 ../tools/GNU_Arm_Toolchain/arm-none-eabi/lib/thumb/v7/nofp/libnosys.a(fstat.o)
                0x7e049104                _fstat
 .text._getpid  0x7e049118       0x14 ../tools/GNU_Arm_Toolchain/arm-none-eabi/lib/thumb/v7/nofp/libnosys.a(getpid.o)
                0x7e049118                _getpid
 .text._isatty  0x7e04912c       0x10 ../tools/GNU_Arm_Toolchain/arm-none-eabi/lib/thumb/v7/nofp/libnosys.a(isatty.o)
                0x7e04912c                _isatty
 .text._kill    0x7e04913c       0x14 ../tools/GNU_Arm_Toolchain/arm-none-eabi/lib/thumb/v7/nofp/libnosys.a(kill.o)
                0x7e04913c                _kill
 .text._lseek   0x7e049150       0x14 ../tools/GNU_Arm_Toolchain/arm-none-eabi/lib/thumb/v7/nofp/libnosys.a(lseek.o)
                0x7e049150                _lseek
 .text._read    0x7e049164       0x14 ../tools/GNU_Arm_Toolchain/arm-none-eabi/lib/thumb/v7/nofp/libnosys.a(read.o)
                0x7e049164                _read
 .text._sbrk    0x7e049178       0x20 ../tools/GNU_Arm_Toolchain/arm-none-eabi/lib/thumb/v7/nofp/libnosys.a(sbrk.o)
                0x7e049178                _sbrk
 .text._write   0x7e049198       0x14 ../tools/GNU_Arm_Toolchain/arm-none-eabi/lib/thumb/v7/nofp/libnosys.a(write.o)
                0x7e049198                _write
 .text._exit    0x7e0491ac        0x4 ../tools/GNU_Arm_Toolchain/arm-none-eabi/lib/thumb/v7/nofp/libnosys.a(_exit.o)
                0x7e0491ac                _exit
 .text          0x7e0491b0      0x278 ../tools/GNU_Arm_Toolchain/lib/gcc/arm-none-eabi/10.3.1/thumb/v7/nofp/libgcc.a(_udivsi3.o)
                0x7e0491b0                __aeabi_uidiv
                0x7e0491b0                __udivsi3
                0x7e04940c                __aeabi_uidivmod
 .text          0x7e049428      0x2b0 ../tools/GNU_Arm_Toolchain/lib/gcc/arm-none-eabi/10.3.1/thumb/v7/nofp/libgcc.a(_divsi3.o)
                0x7e049428                __divsi3
                0x7e049428                __aeabi_idiv
                0x7e0496bc                __aeabi_idivmod
 .text          0x7e0496d8        0x4 ../tools/GNU_Arm_Toolchain/lib/gcc/arm-none-eabi/10.3.1/thumb/v7/nofp/libgcc.a(_dvmd_tls.o)
                0x7e0496d8                __aeabi_idiv0
                0x7e0496d8                __aeabi_ldiv0
 .text          0x7e0496dc      0x378 ../tools/GNU_Arm_Toolchain/lib/gcc/arm-none-eabi/10.3.1/thumb/v7/nofp/libgcc.a(_arm_addsubdf3.o)
                0x7e0496dc                __aeabi_drsub
                0x7e0496e4                __aeabi_dsub
                0x7e0496e4                __subdf3
                0x7e0496e8                __aeabi_dadd
                0x7e0496e8                __adddf3
                0x7e049960                __floatunsidf
                0x7e049960                __aeabi_ui2d
                0x7e049980                __floatsidf
                0x7e049980                __aeabi_i2d
                0x7e0499a4                __aeabi_f2d
                0x7e0499a4                __extendsfdf2
                0x7e0499e8                __floatundidf
                0x7e0499e8                __aeabi_ul2d
                0x7e0499f8                __floatdidf
                0x7e0499f8                __aeabi_l2d
 .text          0x7e049a54      0x424 ../tools/GNU_Arm_Toolchain/lib/gcc/arm-none-eabi/10.3.1/thumb/v7/nofp/libgcc.a(_arm_muldivdf3.o)
                0x7e049a54                __aeabi_dmul
                0x7e049a54                __muldf3
                0x7e049ca8                __divdf3
                0x7e049ca8                __aeabi_ddiv
 .text          0x7e049e78      0x110 ../tools/GNU_Arm_Toolchain/lib/gcc/arm-none-eabi/10.3.1/thumb/v7/nofp/libgcc.a(_arm_cmpdf2.o)
                0x7e049e78                __gtdf2
                0x7e049e78                __gedf2
                0x7e049e80                __ltdf2
                0x7e049e80                __ledf2
                0x7e049e88                __nedf2
                0x7e049e88                __eqdf2
                0x7e049e88                __cmpdf2
                0x7e049f04                __aeabi_cdrcmple
                0x7e049f14                __aeabi_cdcmpeq
                0x7e049f14                __aeabi_cdcmple
                0x7e049f24                __aeabi_dcmpeq
                0x7e049f38                __aeabi_dcmplt
                0x7e049f4c                __aeabi_dcmple
                0x7e049f60                __aeabi_dcmpge
                0x7e049f74                __aeabi_dcmpgt
 .text          0x7e049f88       0x2c ../tools/GNU_Arm_Toolchain/lib/gcc/arm-none-eabi/10.3.1/thumb/v7/nofp/libgcc.a(_arm_unorddf2.o)
                0x7e049f88                __unorddf2
                0x7e049f88                __aeabi_dcmpun
 .text          0x7e049fb4       0x50 ../tools/GNU_Arm_Toolchain/lib/gcc/arm-none-eabi/10.3.1/thumb/v7/nofp/libgcc.a(_arm_fixdfsi.o)
                0x7e049fb4                __aeabi_d2iz
                0x7e049fb4                __fixdfsi
 .text          0x7e04a004       0x30 ../tools/GNU_Arm_Toolchain/lib/gcc/arm-none-eabi/10.3.1/thumb/v7/nofp/libgcc.a(_aeabi_uldivmod.o)
                0x7e04a004                __aeabi_uldivmod
 .text          0x7e04a034      0x108 ../tools/GNU_Arm_Toolchain/lib/gcc/arm-none-eabi/10.3.1/thumb/v7/nofp/libgcc.a(_udivmoddi4.o)
                0x7e04a034                __udivmoddi4

.glue_7         0x7e04a13c        0x0
 .glue_7        0x7e04a13c        0x0 linker stubs

.glue_7t        0x7e04a13c        0x0
 .glue_7t       0x7e04a13c        0x0 linker stubs

.vfp11_veneer   0x7e04a13c        0x0
 .vfp11_veneer  0x7e04a13c        0x0 linker stubs

.v4_bx          0x7e04a13c        0x0
 .v4_bx         0x7e04a13c        0x0 linker stubs

.iplt           0x7e04a13c        0x0
 .iplt          0x7e04a13c        0x0 CMakeFiles/nwy_open_app.dir/E_/projects/DevelopmentLevelCode/Neoway_N706B/Code/NetworkMonitor/src/hal/net/nwy_hal_net.obj

i.nwy_open_app_env_init
                0x7e04a13c       0x1c
 i.nwy_open_app_env_init
                0x7e04a13c       0x1c ../build/nwy_open_stub.a(nwy_open_stub.o)

i.nwy_strncmp   0x7e04a158       0x2c
 i.nwy_strncmp  0x7e04a158       0x2c ../build/nwy_open_stub.a(nwy_open_stub.o)

i.nwy_open_app_sdk_load
                0x7e04a184       0x7c
 i.nwy_open_app_sdk_load
                0x7e04a184       0x7c ../build/nwy_open_stub.a(nwy_open_stub.o)

i.__nwy_open_app_entry
                0x7e04a200       0x1e
 i.__nwy_open_app_entry
                0x7e04a200       0x1e ../build/nwy_open_stub.a(nwy_open_stub.o)

.rodata         0x7e04a220      0xf45
 *(.rodata*)
 .rodata.nwy_hal_net_get_operator_name.str1.1
                0x7e04a220        0xf CMakeFiles/nwy_open_app.dir/E_/projects/DevelopmentLevelCode/Neoway_N706B/Code/NetworkMonitor/src/hal/net/nwy_hal_net.obj
 .rodata.nwy_hal_net_get_ip.str1.1
                0x7e04a22f        0x8 CMakeFiles/nwy_open_app.dir/E_/projects/DevelopmentLevelCode/Neoway_N706B/Code/NetworkMonitor/src/hal/net/nwy_hal_net.obj
 .rodata.uart_log_format.str1.1
                0x7e04a237        0xe CMakeFiles/nwy_open_app.dir/E_/projects/DevelopmentLevelCode/Neoway_N706B/Code/NetworkMonitor/src/hal/uart/nwy_hal_uart.obj
 .rodata.test_sim_urc_cb.str1.1
                0x7e04a245       0x3c CMakeFiles/nwy_open_app.dir/E_/projects/DevelopmentLevelCode/Neoway_N706B/Code/NetworkMonitor/src/main.obj
 .rodata.test_data_call_cb.str1.1
                0x7e04a281       0x61 CMakeFiles/nwy_open_app.dir/E_/projects/DevelopmentLevelCode/Neoway_N706B/Code/NetworkMonitor/src/main.obj
 .rodata.network_monitor_task.str1.1
                0x7e04a2e2      0x8cc CMakeFiles/nwy_open_app.dir/E_/projects/DevelopmentLevelCode/Neoway_N706B/Code/NetworkMonitor/src/main.obj
                                0x90a (size before relaxing)
 .rodata.nwy_open_app_entry.str1.1
                0x7e04abae       0x5a CMakeFiles/nwy_open_app.dir/E_/projects/DevelopmentLevelCode/Neoway_N706B/Code/NetworkMonitor/src/main.obj
 .rodata.str1.1
                0x7e04ac08       0xe8 CMakeFiles/nwy_open_app.dir/E_/projects/DevelopmentLevelCode/Neoway_N706B/Code/NetworkMonitor/src/main.obj
                                 0xed (size before relaxing)
 .rodata.CSWTCH.55
                0x7e04acf0        0xc CMakeFiles/nwy_open_app.dir/E_/projects/DevelopmentLevelCode/Neoway_N706B/Code/NetworkMonitor/src/main.obj
 .rodata.CSWTCH.57
                0x7e04acfc       0x28 CMakeFiles/nwy_open_app.dir/E_/projects/DevelopmentLevelCode/Neoway_N706B/Code/NetworkMonitor/src/main.obj
 .rodata.CSWTCH.59
                0x7e04ad24       0x24 CMakeFiles/nwy_open_app.dir/E_/projects/DevelopmentLevelCode/Neoway_N706B/Code/NetworkMonitor/src/main.obj
 .rodata.__func__.1
                0x7e04ad48       0x15 CMakeFiles/nwy_open_app.dir/E_/projects/DevelopmentLevelCode/Neoway_N706B/Code/NetworkMonitor/src/main.obj
 .rodata.__func__.2
                0x7e04ad5d       0x13 CMakeFiles/nwy_open_app.dir/E_/projects/DevelopmentLevelCode/Neoway_N706B/Code/NetworkMonitor/src/main.obj
 .rodata._svfprintf_r.str1.4
                0x7e04ad70       0x42 ../tools/GNU_Arm_Toolchain/arm-none-eabi/lib/thumb/v7/nofp/libc.a(lib_a-svfprintf.o)
 *fill*         0x7e04adb2        0x2 
 .rodata.blanks.1
                0x7e04adb4       0x10 ../tools/GNU_Arm_Toolchain/arm-none-eabi/lib/thumb/v7/nofp/libc.a(lib_a-svfprintf.o)
 .rodata.zeroes.0
                0x7e04adc4       0x10 ../tools/GNU_Arm_Toolchain/arm-none-eabi/lib/thumb/v7/nofp/libc.a(lib_a-svfprintf.o)
 .rodata._dtoa_r.str1.4
                0x7e04add4       0xa1 ../tools/GNU_Arm_Toolchain/arm-none-eabi/lib/thumb/v7/nofp/libc.a(lib_a-dtoa.o)
                                 0xa5 (size before relaxing)
 *fill*         0x7e04ae75        0x3 
 .rodata.__multadd.str1.4
                0x7e04ae78       0x7e ../tools/GNU_Arm_Toolchain/arm-none-eabi/lib/thumb/v7/nofp/libc.a(lib_a-mprec.o)
                                 0x92 (size before relaxing)
 *fill*         0x7e04aef6        0x2 
 .rodata.__mprec_bigtens
                0x7e04aef8       0x28 ../tools/GNU_Arm_Toolchain/arm-none-eabi/lib/thumb/v7/nofp/libc.a(lib_a-mprec.o)
                0x7e04aef8                __mprec_bigtens
 .rodata.__mprec_tens
                0x7e04af20       0xc8 ../tools/GNU_Arm_Toolchain/arm-none-eabi/lib/thumb/v7/nofp/libc.a(lib_a-mprec.o)
                0x7e04af20                __mprec_tens
 .rodata.p05.0  0x7e04afe8        0xc ../tools/GNU_Arm_Toolchain/arm-none-eabi/lib/thumb/v7/nofp/libc.a(lib_a-mprec.o)
 .rodata.__assert_func.str1.4
                0x7e04aff4       0x3f ../tools/GNU_Arm_Toolchain/arm-none-eabi/lib/thumb/v7/nofp/libc.a(lib_a-assert.o)
                                 0x43 (size before relaxing)
 *fill*         0x7e04b033        0x1 
 .rodata._setlocale_r.str1.4
                0x7e04b034        0xa ../tools/GNU_Arm_Toolchain/arm-none-eabi/lib/thumb/v7/nofp/libc.a(lib_a-locale.o)
                                  0xd (size before relaxing)
 *fill*         0x7e04b03e        0x2 
 .rodata.str1.4
                0x7e04b040        0x2 ../tools/GNU_Arm_Toolchain/arm-none-eabi/lib/thumb/v7/nofp/libc.a(lib_a-locale.o)
 .rodata._vfiprintf_r.str1.4
                0x7e04b042       0x2f ../tools/GNU_Arm_Toolchain/arm-none-eabi/lib/thumb/v7/nofp/libc.a(lib_a-vfiprintf.o)
 *fill*         0x7e04b042        0x2 
 .rodata.blanks.1
                0x7e04b044       0x10 ../tools/GNU_Arm_Toolchain/arm-none-eabi/lib/thumb/v7/nofp/libc.a(lib_a-vfiprintf.o)
 .rodata.zeroes.0
                0x7e04b054       0x10 ../tools/GNU_Arm_Toolchain/arm-none-eabi/lib/thumb/v7/nofp/libc.a(lib_a-vfiprintf.o)
 .rodata._ctype_
                0x7e04b064      0x101 ../tools/GNU_Arm_Toolchain/arm-none-eabi/lib/thumb/v7/nofp/libc.a(lib_a-ctype_.o)
                0x7e04b064                _ctype_

.conststrlit    0x7e04b165     0x1de3
 .conststrlit   0x7e04b165     0x1de3 ../build/nwy_open_stub.a(nwy_open_stub.o)

.ARM.exidx      0x7e04cf48        0x8
 .ARM.exidx     0x7e04cf48        0x8 ../tools/GNU_Arm_Toolchain/lib/gcc/arm-none-eabi/10.3.1/thumb/v7/nofp/libgcc.a(_udivmoddi4.o)

.rel.dyn        0x7e04cf50        0x0
 .rel.iplt      0x7e04cf50        0x0 CMakeFiles/nwy_open_app.dir/E_/projects/DevelopmentLevelCode/Neoway_N706B/Code/NetworkMonitor/src/hal/net/nwy_hal_net.obj

nwy_open_api_import
                0x7e04cf50      0xc18
                0x7e04cf50                PROVIDE (nwy_open_api_import$$Base = .)
 *(nwy_open_api_import)
 nwy_open_api_import
                0x7e04cf50      0xc18 ../build/nwy_open_stub.a(nwy_open_stub.o)
                [!provide]                PROVIDE (nwy_open_api_import$$End = .)
                0x00000c18                nwy_open_api_import$$Length = SIZEOF (nwy_open_api_import)

.data           0x7e04db68      0xfbc
 *(.data*)
 .data.g_log_fd
                0x7e04db68        0x4 CMakeFiles/nwy_open_app.dir/E_/projects/DevelopmentLevelCode/Neoway_N706B/Code/NetworkMonitor/src/hal/uart/nwy_hal_uart.obj
 .data.g_uart_fd
                0x7e04db6c        0x4 CMakeFiles/nwy_open_app.dir/E_/projects/DevelopmentLevelCode/Neoway_N706B/Code/NetworkMonitor/src/main.obj
 .data          0x7e04db70      0x60c ../build/nwy_open_stub.a(nwy_open_stub.o)
                0x7e04db70                nwy_sdk_log_printf_ptr
                0x7e04db74                nwy_thread_create_ptr
                0x7e04db78                nwy_thread_get_current_ptr
                0x7e04db7c                nwy_thread_set_priority_ptr
                0x7e04db80                nwy_thread_get_priority_ptr
                0x7e04db84                nwy_thread_suspend_ptr
                0x7e04db88                nwy_thread_resume_ptr
                0x7e04db8c                nwy_thread_exit_ptr
                0x7e04db90                nwy_thread_sleep_ptr
                0x7e04db94                nwy_thread_usleep_ptr
                0x7e04db98                nwy_thread_event_send_ptr
                0x7e04db9c                nwy_thread_event_front_send_ptr
                0x7e04dba0                nwy_thread_event_wait_ptr
                0x7e04dba4                nwy_thread_pendingevt_num_get_ptr
                0x7e04dba8                nwy_thread_spaceevt_cnt_get_ptr
                0x7e04dbac                nwy_thread_info_get_ptr
                0x7e04dbb0                nwy_thread_list_get_ptr
                0x7e04dbb4                nwy_thread_runtime_stats_get_ptr
                0x7e04dbb8                nwy_msg_queue_create_ptr
                0x7e04dbbc                nwy_msg_queue_delete_ptr
                0x7e04dbc0                nwy_msg_queue_send_ptr
                0x7e04dbc4                nwy_msg_queue_front_send_ptr
                0x7e04dbc8                nwy_msg_queue_recv_ptr
                0x7e04dbcc                nwy_msg_queue_pending_num_get_ptr
                0x7e04dbd0                nwy_msg_queue_space_num_get_ptr
                0x7e04dbd4                nwy_sdk_mutex_create_ptr
                0x7e04dbd8                nwy_sdk_mutex_lock_ptr
                0x7e04dbdc                nwy_sdk_mutex_unlock_ptr
                0x7e04dbe0                nwy_sdk_mutex_delete_ptr
                0x7e04dbe4                nwy_semaphore_create_ptr
                0x7e04dbe8                nwy_semaphore_acquire_ptr
                0x7e04dbec                nwy_semahpore_release_ptr
                0x7e04dbf0                nwy_semahpore_delete_ptr
                0x7e04dbf4                nwy_semahpore_count_get_ptr
                0x7e04dbf8                nwy_sdk_timer_create_ptr
                0x7e04dbfc                nwy_sdk_timer_destory_ptr
                0x7e04dc00                nwy_sdk_timer_start_ptr
                0x7e04dc04                nwy_sdk_timer_status_get_ptr
                0x7e04dc08                nwy_sdk_timer_stop_ptr
                0x7e04dc0c                nwy_uptime_get_ptr
                0x7e04dc10                nwy_date_set_ptr
                0x7e04dc14                nwy_date_get_ptr
                0x7e04dc18                nwy_sys_timestamp_set_ptr
                0x7e04dc1c                nwy_sys_timestamp_get_ptr
                0x7e04dc20                nwy_sys_timezone_set_ptr
                0x7e04dc24                nwy_timestamp_to_date_ptr
                0x7e04dc28                nwy_date_to_timestamp_ptr
                0x7e04dc2c                nwy_socket_errno_ptr
                0x7e04dc30                nwy_socket_open_ptr
                0x7e04dc34                nwy_socket_send_ptr
                0x7e04dc38                nwy_socket_recv_ptr
                0x7e04dc3c                nwy_socket_sendto_ptr
                0x7e04dc40                nwy_socket_recvfrom_ptr
                0x7e04dc44                nwy_socket_setsockopt_ptr
                0x7e04dc48                nwy_socket_getsockopt_ptr
                0x7e04dc4c                nwy_socket_gethost_by_name_ptr
                0x7e04dc50                nwy_socket_close_ptr
                0x7e04dc54                nwy_socket_shutdown_ptr
                0x7e04dc58                nwy_socket_connect_ptr
                0x7e04dc5c                nwy_socket_lport_bind_ptr
                0x7e04dc60                nwy_socket_bind_ptr
                0x7e04dc64                nwy_socket_listen_ptr
                0x7e04dc68                nwy_socket_accept_ptr
                0x7e04dc6c                nwy_socket_get_state_ptr
                0x7e04dc70                nwy_socket_select_ptr
                0x7e04dc74                nwy_socket_set_nonblock_ptr
                0x7e04dc78                nwy_socket_set_reuseaddr_ptr
                0x7e04dc7c                nwy_socket_set_nodelay_ptr
                0x7e04dc80                nwy_socket_set_keepalive_ptr
                0x7e04dc84                nwy_socket_set_linger_ptr
                0x7e04dc88                nwy_socket_get_ack_ptr
                0x7e04dc8c                nwy_socket_get_sent_ptr
                0x7e04dc90                nwy_socket_inet_ntop_ptr
                0x7e04dc94                nwy_socket_inet_pton_ptr
                0x7e04dc98                nwy_socket_htons_ptr
                0x7e04dc9c                nwy_socket_ntohs_ptr
                0x7e04dca0                nwy_socket_htonl_ptr
                0x7e04dca4                nwy_socket_ntohl_ptr
                0x7e04dca8                nwy_usb_serial_send_ptr
                0x7e04dcac                nwy_usb_serial_reg_recv_cb_ptr
                0x7e04dcb0                malloc_ptr
                0x7e04dcb4                calloc_ptr
                0x7e04dcb8                realloc_ptr
                0x7e04dcbc                free_ptr
                0x7e04dcc0                nwy_file_open_ptr
                0x7e04dcc4                nwy_file_read_ptr
                0x7e04dcc8                nwy_file_write_ptr
                0x7e04dccc                nwy_file_tell_ptr
                0x7e04dcd0                nwy_file_seek_ptr
                0x7e04dcd4                nwy_file_path_size_ptr
                0x7e04dcd8                nwy_file_fd_size_ptr
                0x7e04dcdc                nwy_file_exist_ptr
                0x7e04dce0                nwy_file_remove_ptr
                0x7e04dce4                nwy_file_rename_ptr
                0x7e04dce8                nwy_file_sync_ptr
                0x7e04dcec                nwy_file_fd_trunc_ptr
                0x7e04dcf0                nwy_file_path_trunc_ptr
                0x7e04dcf4                nwy_file_path_stat_get_ptr
                0x7e04dcf8                nwy_file_fd_stat_get_ptr
                0x7e04dcfc                nwy_file_close_ptr
                0x7e04dd00                nwy_dir_mk_ptr
                0x7e04dd04                nwy_dir_rm_ptr
                0x7e04dd08                nwy_dir_recursive_rm_ptr
                0x7e04dd0c                nwy_dir_open_ptr
                0x7e04dd10                nwy_dir_close_ptr
                0x7e04dd14                nwy_dir_read_ptr
                0x7e04dd18                nwy_dir_tell_ptr
                0x7e04dd1c                nwy_dir_seek_ptr
                0x7e04dd20                nwy_dir_rewind_ptr
                0x7e04dd24                nwy_vfs_free_size_get_ptr
                0x7e04dd28                nwy_dm_dev_model_get_ptr
                0x7e04dd2c                nwy_dm_inner_version_get_ptr
                0x7e04dd30                nwy_dm_open_sdk_version_get_ptr
                0x7e04dd34                nwy_dm_hw_version_get_ptr
                0x7e04dd38                nwy_dm_rftemperature_get_ptr
                0x7e04dd3c                nwy_dm_sn_get_ptr
                0x7e04dd40                nwy_dm_imei_get_ptr
                0x7e04dd44                nwy_dm_app_version_set_ptr
                0x7e04dd48                nwy_dm_imei_set_ptr
                0x7e04dd4c                nwy_dm_heapinfo_ptr
                0x7e04dd50                nwy_dm_nvinfo_get_ptr
                0x7e04dd54                nwy_ftp_login_ptr
                0x7e04dd58                nwy_ftp_logout_ptr
                0x7e04dd5c                nwy_ftp_get_ptr
                0x7e04dd60                nwy_ftp_put_ptr
                0x7e04dd64                nwy_ftp_get_filesize_ptr
                0x7e04dd68                nwy_ftp_del_file_ptr
                0x7e04dd6c                nwy_http_setup_ptr
                0x7e04dd70                nwy_http_get_ptr
                0x7e04dd74                nwy_http_head_ptr
                0x7e04dd78                nwy_http_post_ptr
                0x7e04dd7c                nwy_http_put_ptr
                0x7e04dd80                nwy_http_open_mode_ptr
                0x7e04dd84                nwy_http_close_ptr
                0x7e04dd88                nwy_sntp_get_time_ptr
                0x7e04dd8c                nwy_sim_imsi_get_ptr
                0x7e04dd90                nwy_sim_iccid_get_ptr
                0x7e04dd94                nwy_sim_status_get_ptr
                0x7e04dd98                nwy_sim_pin_verify_ptr
                0x7e04dd9c                nwy_sim_pin_unlock_ptr
                0x7e04dda0                nwy_sim_pin_mode_get_ptr
                0x7e04dda4                nwy_sim_pin_enable_ptr
                0x7e04dda8                nwy_sim_pin_disable_ptr
                0x7e04ddac                nwy_sim_pin_change_ptr
                0x7e04ddb0                nwy_sim_pin_times_get_ptr
                0x7e04ddb4                nwy_sim_msisdn_get_ptr
                0x7e04ddb8                nwy_sim_slot_set_ptr
                0x7e04ddbc                nwy_sim_slot_get_ptr
                0x7e04ddc0                nwy_sim_reset_ptr
                0x7e04ddc4                nwy_sim_power_set_ptr
                0x7e04ddc8                nwy_sim_detect_set_ptr
                0x7e04ddcc                nwy_sim_csim_ptr
                0x7e04ddd0                nwy_sim_urc_reg_ptr
                0x7e04ddd4                nwy_sim_urc_unreg_ptr
                0x7e04ddd8                nwy_pm_ctrl_ptr
                0x7e04dddc                nwy_pm_state_set_ptr
                0x7e04dde0                nwy_bootup_alarm_set_ptr
                0x7e04dde4                nwy_bootup_alarm_del_ptr
                0x7e04dde8                nwy_power_state_ptr
                0x7e04ddec                nwy_pm_boot_res_ptr
                0x7e04ddf0                nwy_loc_navigation_start_ptr
                0x7e04ddf4                nwy_loc_navigation_stop_ptr
                0x7e04ddf8                nwy_loc_navigation_reset_ptr
                0x7e04ddfc                nwy_loc_recv_cb_reg_ptr
                0x7e04de00                nwy_loc_mode_set_ptr
                0x7e04de04                nwy_loc_startup_set_ptr
                0x7e04de08                nwy_loc_rate_set_ptr
                0x7e04de0c                nwy_loc_cfg_nmea_type_ptr
                0x7e04de10                nwy_loc_nmea_get_ptr
                0x7e04de14                nwy_loc_nmea_parse_ptr
                0x7e04de18                nwy_loc_agnss_start_ptr
                0x7e04de1c                nwy_loc_param_set_ptr
                0x7e04de20                nwy_loc_param_get_ptr
                0x7e04de24                nwy_data_reg_cb_ptr
                0x7e04de28                nwy_data_unreg_cb_ptr
                0x7e04de2c                nwy_data_call_start_ptr
                0x7e04de30                nwy_data_call_stop_ptr
                0x7e04de34                nwy_data_profile_get_ptr
                0x7e04de38                nwy_data_profile_set_ptr
                0x7e04de3c                nwy_data_auto_connect_set_ptr
                0x7e04de40                nwy_data_call_info_get_ptr
                0x7e04de44                nwy_data_flow_info_get_ptr
                0x7e04de48                nwy_data_eps_dyn_apn_get_ptr
                0x7e04de4c                nwy_data_dhcp_get_ptr
                0x7e04de50                nwy_data_dhcp_set_ptr
                0x7e04de54                nwy_data_dns_info_get_ptr
                0x7e04de58                nwy_data_get_capability_ptr
                0x7e04de5c                mbedtls_ssl_conf_max_version_ptr
                0x7e04de60                mbedtls_ssl_conf_min_version_ptr
                0x7e04de64                mbedtls_ssl_conf_authmode_ptr
                0x7e04de68                mbedtls_ssl_conf_ca_chain_ptr
                0x7e04de6c                mbedtls_ssl_conf_own_cert_ptr
                0x7e04de70                mbedtls_ssl_conf_rng_ptr
                0x7e04de74                mbedtls_ssl_conf_dbg_ptr
                0x7e04de78                mbedtls_ssl_setup_ptr
                0x7e04de7c                mbedtls_ssl_set_hostname_ptr
                0x7e04de80                mbedtls_ssl_set_bio_ptr
                0x7e04de84                mbedtls_ssl_handshake_ptr
                0x7e04de88                mbedtls_ssl_get_verify_result_ptr
                0x7e04de8c                mbedtls_net_connect_ptr
                0x7e04de90                mbedtls_net_init_ptr
                0x7e04de94                mbedtls_net_bind_ptr
                0x7e04de98                mbedtls_net_accept_ptr
                0x7e04de9c                mbedtls_net_poll_ptr
                0x7e04dea0                mbedtls_net_set_block_ptr
                0x7e04dea4                mbedtls_net_set_nonblock_ptr
                0x7e04dea8                mbedtls_net_usleep_ptr
                0x7e04deac                mbedtls_net_recv_ptr
                0x7e04deb0                mbedtls_net_send_ptr
                0x7e04deb4                mbedtls_net_recv_timeout_ptr
                0x7e04deb8                mbedtls_net_free_ptr
                0x7e04debc                mbedtls_pk_init_ptr
                0x7e04dec0                mbedtls_pk_free_ptr
                0x7e04dec4                mbedtls_ssl_init_ptr
                0x7e04dec8                mbedtls_ssl_read_ptr
                0x7e04decc                mbedtls_ssl_write_ptr
                0x7e04ded0                mbedtls_ssl_send_alert_message_ptr
                0x7e04ded4                mbedtls_ssl_close_notify_ptr
                0x7e04ded8                mbedtls_ssl_free_ptr
                0x7e04dedc                mbedtls_ssl_config_init_ptr
                0x7e04dee0                mbedtls_ssl_config_defaults_ptr
                0x7e04dee4                mbedtls_ssl_config_free_ptr
                0x7e04dee8                mbedtls_ssl_session_init_ptr
                0x7e04deec                mbedtls_ssl_session_free_ptr
                0x7e04def0                mbedtls_ssl_conf_read_timeout_ptr
                0x7e04def4                mbedtls_ssl_set_timer_cb_ptr
                0x7e04def8                mbedtls_platform_set_calloc_free_ptr
                0x7e04defc                mbedtls_x509_crt_parse_der_ptr
                0x7e04df00                mbedtls_x509_crt_parse_ptr
                0x7e04df04                mbedtls_x509_crt_info_ptr
                0x7e04df08                mbedtls_x509_crt_verify_info_ptr
                0x7e04df0c                mbedtls_x509_crt_verify_ptr
                0x7e04df10                mbedtls_x509_crt_verify_with_profile_ptr
                0x7e04df14                mbedtls_x509_crt_verify_restartable_ptr
                0x7e04df18                mbedtls_x509_crt_init_ptr
                0x7e04df1c                mbedtls_x509_crt_free_ptr
                0x7e04df20                mbedtls_pk_parse_key_ptr
                0x7e04df24                mbedtls_entropy_free_ptr
                0x7e04df28                mbedtls_entropy_init_ptr
                0x7e04df2c                mbedtls_entropy_func_ptr
                0x7e04df30                mbedtls_ctr_drbg_random_ptr
                0x7e04df34                mbedtls_ctr_drbg_free_ptr
                0x7e04df38                mbedtls_ctr_drbg_seed_ptr
                0x7e04df3c                mbedtls_ctr_drbg_init_ptr
                0x7e04df40                mbedtls_ssl_get_bytes_avail_ptr
                0x7e04df44                mbedtls_ssl_conf_ciphersuites_ptr
                0x7e04df48                mbedtls_sha1_init_ptr
                0x7e04df4c                mbedtls_sha1_update_ptr
                0x7e04df50                mbedtls_sha1_finish_ptr
                0x7e04df54                mbedtls_base64_encode_ptr
                0x7e04df58                mbedtls_ssl_session_reset_ptr
                0x7e04df5c                mbedtls_pk_get_type_ptr
                0x7e04df60                mbedtls_ssl_conf_renegotiation_ptr
                0x7e04df64                mbedtls_ssl_set_session_ptr
                0x7e04df68                mbedtls_aes_init_ptr
                0x7e04df6c                mbedtls_aes_free_ptr
                0x7e04df70                mbedtls_aes_xts_init_ptr
                0x7e04df74                mbedtls_aes_xts_free_ptr
                0x7e04df78                mbedtls_aes_setkey_enc_ptr
                0x7e04df7c                mbedtls_aes_setkey_dec_ptr
                0x7e04df80                mbedtls_aes_xts_setkey_enc_ptr
                0x7e04df84                mbedtls_aes_xts_setkey_dec_ptr
                0x7e04df88                mbedtls_aes_crypt_ecb_ptr
                0x7e04df8c                mbedtls_aes_crypt_cbc_ptr
                0x7e04df90                mbedtls_aes_crypt_xts_ptr
                0x7e04df94                mbedtls_aes_crypt_cfb128_ptr
                0x7e04df98                mbedtls_aes_crypt_cfb8_ptr
                0x7e04df9c                mbedtls_aes_crypt_ofb_ptr
                0x7e04dfa0                mbedtls_aes_crypt_ctr_ptr
                0x7e04dfa4                nwy_ssl_version_info_get_ptr
                0x7e04dfa8                mbedtls_internal_aes_encrypt_ptr
                0x7e04dfac                mbedtls_internal_aes_decrypt_ptr
                0x7e04dfb0                psa_crypto_init_ptr
                0x7e04dfb4                nwy_usb_net_mode_set_ptr
                0x7e04dfb8                nwy_usb_net_mode_get_ptr
                0x7e04dfbc                nwy_i2c_init_ptr
                0x7e04dfc0                nwy_i2c_read_ptr
                0x7e04dfc4                nwy_i2c_write_ptr
                0x7e04dfc8                nwy_i2c_deinit_ptr
                0x7e04dfcc                nwy_i2c_raw_get_byte_ptr
                0x7e04dfd0                nwy_i2c_raw_put_byte_ptr
                0x7e04dfd4                nwy_spi_init_ptr
                0x7e04dfd8                nwy_spi_cs_cfg_ptr
                0x7e04dfdc                nwy_spi_transfer_ptr
                0x7e04dfe0                nwy_spi_deinit_ptr
                0x7e04dfe4                nwy_spi_read_ptr
                0x7e04dfe8                nwy_spi_write_ptr
                0x7e04dfec                nwy_sms_option_init_ptr
                0x7e04dff0                nwy_sms_storage_set_ptr
                0x7e04dff4                nwy_sms_storage_get_ptr
                0x7e04dff8                nwy_sms_report_set_ptr
                0x7e04dffc                nwy_sms_sca_set_ptr
                0x7e04e000                nwy_sms_sca_get_ptr
                0x7e04e004                nwy_sms_msg_send_ptr
                0x7e04e008                nwy_sms_recv_cb_reg_ptr
                0x7e04e00c                nwy_sms_recv_cb_unreg_ptr
                0x7e04e010                nwy_sms_msg_del_ptr
                0x7e04e014                nwy_sms_msg_read_ptr
                0x7e04e018                nwy_sms_msg_del_ext_ptr
                0x7e04e01c                nwy_sms_msg_list_read_ptr
                0x7e04e020                nwy_nw_mode_get_ptr
                0x7e04e024                nwy_nw_mode_set_ptr
                0x7e04e028                nwy_nw_priband_get_ptr
                0x7e04e02c                nwy_nw_priband_set_ptr
                0x7e04e030                nwy_nw_ims_get_ptr
                0x7e04e034                nwy_nw_ims_set_ptr
                0x7e04e038                nwy_nw_radio_get_ptr
                0x7e04e03c                nwy_nw_radio_set_ptr
                0x7e04e040                nwy_nw_config_get_ptr
                0x7e04e044                nwy_nw_config_set_ptr
                0x7e04e048                nwy_nw_operator_get_ptr
                0x7e04e04c                nwy_nw_csq_get_ptr
                0x7e04e050                nwy_nw_signal_get_ptr
                0x7e04e054                nwy_nw_regstatus_get_ptr
                0x7e04e058                nwy_nw_cellinfo_get_ptr
                0x7e04e05c                nwy_nw_lock_set_ptr
                0x7e04e060                nwy_nw_lock_get_ptr
                0x7e04e064                nwy_nw_manual_select_ptr
                0x7e04e068                nwy_nw_scan_ptr
                0x7e04e06c                nwy_nw_psm_get_ptr
                0x7e04e070                nwy_nw_psm_set_ptr
                0x7e04e074                nwy_nw_get_forbidden_plmn_ptr
                0x7e04e078                nwy_nw_reg_cb_ptr
                0x7e04e07c                nwy_nw_unreg_cb_ptr
                0x7e04e080                nwy_get_time_zone_switch_ptr
                0x7e04e084                nwy_set_time_zone_switch_ptr
                0x7e04e088                nwy_dm_nwcfg_get_ptr
                0x7e04e08c                nwy_dm_nwcfg_set_ptr
                0x7e04e090                nwy_virt_at_parameter_init_ptr
                0x7e04e094                nwy_virt_at_cmd_send_ptr
                0x7e04e098                nwy_virt_at_unsolicited_cb_reg_ptr
                0x7e04e09c                nwy_virt_at_get_original_rsp_cb_ptr
                0x7e04e0a0                nwy_virt_at_forward_cb_ptr
                0x7e04e0a4                nwy_virt_at_forward_send_ptr
                0x7e04e0a8                nwy_pm_vbat_voltage_get_ptr
                0x7e04e0ac                nwy_ping_start_ptr
                0x7e04e0b0                NetworkInit_ptr
                0x7e04e0b4                NetworkConnect_ptr
                0x7e04e0b8                NetworkDisconnect_ptr
                0x7e04e0bc                MQTTClientInit_ptr
                0x7e04e0c0                MQTTConnect_ptr
                0x7e04e0c4                MQTTPublish_ptr
                0x7e04e0c8                MQTTSetMessageHandler_ptr
                0x7e04e0cc                MQTTSubscribe_ptr
                0x7e04e0d0                MQTTUnsubscribe_ptr
                0x7e04e0d4                MQTTDisconnect_ptr
                0x7e04e0d8                MQTTYield_ptr
                0x7e04e0dc                MQTTIsConnected_ptr
                0x7e04e0e0                nwy_gpio_direction_get_ptr
                0x7e04e0e4                nwy_gpio_direction_set_ptr
                0x7e04e0e8                nwy_gpio_value_get_ptr
                0x7e04e0ec                nwy_gpio_value_set_ptr
                0x7e04e0f0                nwy_gpio_pull_get_ptr
                0x7e04e0f4                nwy_gpio_pull_set_ptr
                0x7e04e0f8                nwy_gpio_irq_register_ptr
                0x7e04e0fc                nwy_gpio_irq_enable_ptr
                0x7e04e100                nwy_gpio_irq_disable_ptr
                0x7e04e104                nwy_gpio_irq_wakeup_enable_ptr
                0x7e04e108                nwy_gpio_irq_wakeup_disable_ptr
                0x7e04e10c                nwy_gpio_close_ptr
                0x7e04e110                nwy_uart_open_ptr
                0x7e04e114                nwy_uart_read_ptr
                0x7e04e118                nwy_uart_write_ptr
                0x7e04e11c                nwy_uart_dcb_set_ptr
                0x7e04e120                nwy_uart_dcb_get_ptr
                0x7e04e124                nwy_uart_close_ptr
                0x7e04e128                nwy_uart_rx_cb_register_ptr
                0x7e04e12c                nwy_uart_tx_cb_register_ptr
                0x7e04e130                nwy_uart_rx_frame_timeout_set_ptr
                0x7e04e134                nwy_adc_get_ptr
                0x7e04e138                nwy_dev_name_list_get_ptr
                0x7e04e13c                nwy_sat_set_on_off_ptr
                0x7e04e140                nwy_sat_get_on_off_ptr
                0x7e04e144                nwy_sat_terminal_response_ptr
                0x7e04e148                nwy_sat_envelope_command_ptr
                0x7e04e14c                nwy_sat_set_profile_ptr
                0x7e04e150                nwy_sat_get_profile_ptr
                0x7e04e154                nwy_sat_recv_data_ptr
                0x7e04e158                nwy_fota_write_ptr
                0x7e04e15c                nwy_fota_update_ptr
                0x7e04e160                nwy_fota_result_get_ptr
                0x7e04e164                nwy_fota_base_ver_update_ptr
                0x7e04e168                nwy_vfs_logical_block_device_create_ptr
                0x7e04e16c                nwy_vfs_mount_ptr
                0x7e04e170                nwy_vfs_unmount_ptr
                0x7e04e174                nwy_vfs_mkfs_ptr
                0x7e04e178                nwy_dm_soc_model_get_ptr
 .data._impure_ptr
                0x7e04e17c        0x4 ../tools/GNU_Arm_Toolchain/arm-none-eabi/lib/thumb/v7/nofp/libc.a(lib_a-impure.o)
                0x7e04e17c                _impure_ptr
 .data.impure_data
                0x7e04e180      0x428 ../tools/GNU_Arm_Toolchain/arm-none-eabi/lib/thumb/v7/nofp/libc.a(lib_a-impure.o)
 .data.__malloc_av_
                0x7e04e5a8      0x408 ../tools/GNU_Arm_Toolchain/arm-none-eabi/lib/thumb/v7/nofp/libc.a(lib_a-mallocr.o)
                0x7e04e5a8                __malloc_av_
 .data.__malloc_sbrk_base
                0x7e04e9b0        0x4 ../tools/GNU_Arm_Toolchain/arm-none-eabi/lib/thumb/v7/nofp/libc.a(lib_a-mallocr.o)
                0x7e04e9b0                __malloc_sbrk_base
 .data.__malloc_trim_threshold
                0x7e04e9b4        0x4 ../tools/GNU_Arm_Toolchain/arm-none-eabi/lib/thumb/v7/nofp/libc.a(lib_a-mallocr.o)
                0x7e04e9b4                __malloc_trim_threshold
 .data.__global_locale
                0x7e04e9b8      0x16c ../tools/GNU_Arm_Toolchain/arm-none-eabi/lib/thumb/v7/nofp/libc.a(lib_a-locale.o)
                0x7e04e9b8                __global_locale

.igot.plt       0x7e04eb24        0x0
 .igot.plt      0x7e04eb24        0x0 CMakeFiles/nwy_open_app.dir/E_/projects/DevelopmentLevelCode/Neoway_N706B/Code/NetworkMonitor/src/hal/net/nwy_hal_net.obj

.bss            0x7e04eb24       0x88
                0x7e04eb24                __bss_start = .
 *(.bss*)
 .bss.g_user_net_cb
                0x7e04eb24       0x38 CMakeFiles/nwy_open_app.dir/E_/projects/DevelopmentLevelCode/Neoway_N706B/Code/NetworkMonitor/src/hal/net/nwy_hal_net.obj
 .bss.g_user_sim_cb
                0x7e04eb5c        0x8 CMakeFiles/nwy_open_app.dir/E_/projects/DevelopmentLevelCode/Neoway_N706B/Code/NetworkMonitor/src/hal/sim/nwy_hal_sim.obj
 .bss.__malloc_current_mallinfo
                0x7e04eb64       0x28 ../tools/GNU_Arm_Toolchain/arm-none-eabi/lib/thumb/v7/nofp/libc.a(lib_a-mallocr.o)
                0x7e04eb64                __malloc_current_mallinfo
 .bss.__malloc_max_sbrked_mem
                0x7e04eb8c        0x4 ../tools/GNU_Arm_Toolchain/arm-none-eabi/lib/thumb/v7/nofp/libc.a(lib_a-mallocr.o)
                0x7e04eb8c                __malloc_max_sbrked_mem
 .bss.__malloc_max_total_mem
                0x7e04eb90        0x4 ../tools/GNU_Arm_Toolchain/arm-none-eabi/lib/thumb/v7/nofp/libc.a(lib_a-mallocr.o)
                0x7e04eb90                __malloc_max_total_mem
 .bss.__malloc_top_pad
                0x7e04eb94        0x4 ../tools/GNU_Arm_Toolchain/arm-none-eabi/lib/thumb/v7/nofp/libc.a(lib_a-mallocr.o)
                0x7e04eb94                __malloc_top_pad
 .bss.__lock___malloc_recursive_mutex
                0x7e04eb98        0x1 ../tools/GNU_Arm_Toolchain/arm-none-eabi/lib/thumb/v7/nofp/libc.a(lib_a-lock.o)
                0x7e04eb98                __lock___malloc_recursive_mutex
 *fill*         0x7e04eb99        0x3 
 .bss.__lock___sfp_recursive_mutex
                0x7e04eb9c        0x1 ../tools/GNU_Arm_Toolchain/arm-none-eabi/lib/thumb/v7/nofp/libc.a(lib_a-lock.o)
                0x7e04eb9c                __lock___sfp_recursive_mutex
 *fill*         0x7e04eb9d        0x3 
 .bss.__lock___sinit_recursive_mutex
                0x7e04eba0        0x1 ../tools/GNU_Arm_Toolchain/arm-none-eabi/lib/thumb/v7/nofp/libc.a(lib_a-lock.o)
                0x7e04eba0                __lock___sinit_recursive_mutex
 *fill*         0x7e04eba1        0x3 
 .bss.errno     0x7e04eba4        0x4 ../tools/GNU_Arm_Toolchain/arm-none-eabi/lib/thumb/v7/nofp/libc.a(lib_a-reent.o)
                0x7e04eba4                errno
 .bss.heap_end.0
                0x7e04eba8        0x4 ../tools/GNU_Arm_Toolchain/arm-none-eabi/lib/thumb/v7/nofp/libnosys.a(sbrk.o)
                0x7e04ebac                __bss_end = .
                0x7e04ebac                end = .
OUTPUT(bin\nwy_open_app.elf elf32-littlearm)
LOAD linker stubs

.debug_info     0x00000000    0x1044e
 .debug_info    0x00000000     0x2fd2 CMakeFiles/nwy_open_app.dir/E_/projects/DevelopmentLevelCode/Neoway_N706B/Code/NetworkMonitor/src/hal/net/nwy_hal_net.obj
 .debug_info    0x00002fd2      0xa14 CMakeFiles/nwy_open_app.dir/E_/projects/DevelopmentLevelCode/Neoway_N706B/Code/NetworkMonitor/src/hal/os/nwy_hal_os.obj
 .debug_info    0x000039e6      0xd86 CMakeFiles/nwy_open_app.dir/E_/projects/DevelopmentLevelCode/Neoway_N706B/Code/NetworkMonitor/src/hal/sim/nwy_hal_sim.obj
 .debug_info    0x0000476c      0x8c1 CMakeFiles/nwy_open_app.dir/E_/projects/DevelopmentLevelCode/Neoway_N706B/Code/NetworkMonitor/src/hal/uart/nwy_hal_uart.obj
 .debug_info    0x0000502d     0x2cda CMakeFiles/nwy_open_app.dir/E_/projects/DevelopmentLevelCode/Neoway_N706B/Code/NetworkMonitor/src/main.obj
 .debug_info    0x00007d07       0xb4 ../build/nwy_open_stub.a(nwy_open_stub.o)
                0x00007d07                __ARM_grp_.debug_info$nwy_baseline_version.h$2_Av0000_HXqOM2RX$S1_200000
                0x00007d07                __ARM_cc.nwy_baseline_version.h.2_Av0000_HXqOM2RX$S1_200000
 .debug_info    0x00007dbb       0xa2 ../build/nwy_open_stub.a(nwy_open_stub.o)
                0x00007dbb                __ARM_grp_.debug_info$nwy_cust.h$2_eB0000_mKnPuo88TC0_200000
                0x00007dbb                __ARM_cc.nwy_cust.h.2_eB0000_mKnPuo88TC0_200000
 .debug_info    0x00007e5d       0xb7 ../build/nwy_open_stub.a(nwy_open_stub.o)
                0x00007e5d                __ARM_cc.nwy_open_api_list.h.2_Hq0000_dmwXULy$i1a_200000
                0x00007e5d                __ARM_grp_.debug_info$nwy_open_api_list.h$2_Hq0000_dmwXULy$i1a_200000
 .debug_info    0x00007f14      0x20d ../build/nwy_open_stub.a(nwy_open_stub.o)
                0x00007f14                __ARM_grp_.debug_info$nwy_open_stub.c$2_8x1000_hcpD5Ok4GX9_700000
                0x00007f14                __ARM_cc.nwy_open_stub.c.2_8x1000_hcpD5Ok4GX9_700000
 .debug_info    0x00008121       0xa5 ../build/nwy_open_stub.a(nwy_open_stub.o)
 .debug_info    0x000081c6     0x7d9f ../build/nwy_open_stub.a(nwy_open_stub.o)
 .debug_info    0x0000ff65       0xff ../build/nwy_open_stub.a(nwy_open_stub.o)
 .debug_info    0x00010064      0x14d ../build/nwy_open_stub.a(nwy_open_stub.o)
 .debug_info    0x000101b1      0x162 ../build/nwy_open_stub.a(nwy_open_stub.o)
 .debug_info    0x00010313      0x13b ../build/nwy_open_stub.a(nwy_open_stub.o)

.debug_abbrev   0x00000000     0x126e
 .debug_abbrev  0x00000000      0x340 CMakeFiles/nwy_open_app.dir/E_/projects/DevelopmentLevelCode/Neoway_N706B/Code/NetworkMonitor/src/hal/net/nwy_hal_net.obj
 .debug_abbrev  0x00000340      0x1ab CMakeFiles/nwy_open_app.dir/E_/projects/DevelopmentLevelCode/Neoway_N706B/Code/NetworkMonitor/src/hal/os/nwy_hal_os.obj
 .debug_abbrev  0x000004eb      0x1c7 CMakeFiles/nwy_open_app.dir/E_/projects/DevelopmentLevelCode/Neoway_N706B/Code/NetworkMonitor/src/hal/sim/nwy_hal_sim.obj
 .debug_abbrev  0x000006b2      0x1f0 CMakeFiles/nwy_open_app.dir/E_/projects/DevelopmentLevelCode/Neoway_N706B/Code/NetworkMonitor/src/hal/uart/nwy_hal_uart.obj
 .debug_abbrev  0x000008a2      0x406 CMakeFiles/nwy_open_app.dir/E_/projects/DevelopmentLevelCode/Neoway_N706B/Code/NetworkMonitor/src/main.obj
 .debug_abbrev  0x00000ca8       0x12 ../build/nwy_open_stub.a(nwy_open.o)
                0x00000ca8                __ARM_asm.debug_abbrev
 .debug_abbrev  0x00000cba      0x5b4 ../build/nwy_open_stub.a(nwy_open_stub.o)
                0x00000cba                __ARM_cc..debug_abbrev.group.2_Qm0000_67g8QvEltX8_000000

.debug_loc      0x00000000     0x29cd
 .debug_loc     0x00000000      0xed4 CMakeFiles/nwy_open_app.dir/E_/projects/DevelopmentLevelCode/Neoway_N706B/Code/NetworkMonitor/src/hal/net/nwy_hal_net.obj
 .debug_loc     0x00000ed4      0x57a CMakeFiles/nwy_open_app.dir/E_/projects/DevelopmentLevelCode/Neoway_N706B/Code/NetworkMonitor/src/hal/os/nwy_hal_os.obj
 .debug_loc     0x0000144e      0xb59 CMakeFiles/nwy_open_app.dir/E_/projects/DevelopmentLevelCode/Neoway_N706B/Code/NetworkMonitor/src/hal/sim/nwy_hal_sim.obj
 .debug_loc     0x00001fa7      0x4b0 CMakeFiles/nwy_open_app.dir/E_/projects/DevelopmentLevelCode/Neoway_N706B/Code/NetworkMonitor/src/hal/uart/nwy_hal_uart.obj
 .debug_loc     0x00002457      0x433 CMakeFiles/nwy_open_app.dir/E_/projects/DevelopmentLevelCode/Neoway_N706B/Code/NetworkMonitor/src/main.obj
 .debug_loc     0x0000288a       0x14 ../build/nwy_open_stub.a(nwy_open_stub.o)
 .debug_loc     0x0000289e       0x77 ../build/nwy_open_stub.a(nwy_open_stub.o)
 .debug_loc     0x00002915       0x5c ../build/nwy_open_stub.a(nwy_open_stub.o)
 .debug_loc     0x00002971       0x5c ../build/nwy_open_stub.a(nwy_open_stub.o)

.debug_aranges  0x00000000      0x360
 .debug_aranges