Archive member included to satisfy reference by file (symbol)

../build/nwy_open_stub.a(nwy_open.o)
                              (--whole-archive)
../build/nwy_open_stub.a(nwy_open_stub.o)
                              (--whole-archive)
../tools/GNU_Arm_Toolchain/arm-none-eabi/lib/thumb/v7/nofp/libc.a(lib_a-memset.o)
                              CMakeFiles/nwy_open_app.dir/E_/projects/DevelopmentLevelCode/Neoway_N706B/Code/OsUartPmTest/src/hal/os/nwy_hal_os.obj (memset)
../tools/GNU_Arm_Toolchain/arm-none-eabi/lib/thumb/v7/nofp/libc.a(lib_a-snprintf.o)
                              CMakeFiles/nwy_open_app.dir/E_/projects/DevelopmentLevelCode/Neoway_N706B/Code/OsUartPmTest/src/main.obj (snprintf)
../tools/GNU_Arm_Toolchain/arm-none-eabi/lib/thumb/v7/nofp/libc.a(lib_a-strlen-stub.o)
                              CMakeFiles/nwy_open_app.dir/E_/projects/DevelopmentLevelCode/Neoway_N706B/Code/OsUartPmTest/src/main.obj (strlen)
../tools/GNU_Arm_Toolchain/arm-none-eabi/lib/thumb/v7/nofp/libc.a(lib_a-svfprintf.o)
                              ../tools/GNU_Arm_Toolchain/arm-none-eabi/lib/thumb/v7/nofp/libc.a(lib_a-snprintf.o) (_svfprintf_r)
../tools/GNU_Arm_Toolchain/arm-none-eabi/lib/thumb/v7/nofp/libc.a(lib_a-vsnprintf.o)
                              CMakeFiles/nwy_open_app.dir/E_/projects/DevelopmentLevelCode/Neoway_N706B/Code/OsUartPmTest/src/main.obj (vsnprintf)
../tools/GNU_Arm_Toolchain/arm-none-eabi/lib/thumb/v7/nofp/libc.a(lib_a-dtoa.o)
                              ../tools/GNU_Arm_Toolchain/arm-none-eabi/lib/thumb/v7/nofp/libc.a(lib_a-svfprintf.o) (_dtoa_r)
../tools/GNU_Arm_Toolchain/arm-none-eabi/lib/thumb/v7/nofp/libc.a(lib_a-freer.o)
                              ../tools/GNU_Arm_Toolchain/arm-none-eabi/lib/thumb/v7/nofp/libc.a(lib_a-svfprintf.o) (_free_r)
../tools/GNU_Arm_Toolchain/arm-none-eabi/lib/thumb/v7/nofp/libc.a(lib_a-impure.o)
                              ../tools/GNU_Arm_Toolchain/arm-none-eabi/lib/thumb/v7/nofp/libc.a(lib_a-snprintf.o) (_impure_ptr)
../tools/GNU_Arm_Toolchain/arm-none-eabi/lib/thumb/v7/nofp/libc.a(lib_a-localeconv.o)
                              ../tools/GNU_Arm_Toolchain/arm-none-eabi/lib/thumb/v7/nofp/libc.a(lib_a-svfprintf.o) (_localeconv_r)
../tools/GNU_Arm_Toolchain/arm-none-eabi/lib/thumb/v7/nofp/libc.a(lib_a-mallocr.o)
                              ../tools/GNU_Arm_Toolchain/arm-none-eabi/lib/thumb/v7/nofp/libc.a(lib_a-svfprintf.o) (_malloc_r)
../tools/GNU_Arm_Toolchain/arm-none-eabi/lib/thumb/v7/nofp/libc.a(lib_a-memchr-stub.o)
                              ../tools/GNU_Arm_Toolchain/arm-none-eabi/lib/thumb/v7/nofp/libc.a(lib_a-svfprintf.o) (memchr)
../tools/GNU_Arm_Toolchain/arm-none-eabi/lib/thumb/v7/nofp/libc.a(lib_a-memcpy.o)
                              ../tools/GNU_Arm_Toolchain/arm-none-eabi/lib/thumb/v7/nofp/libc.a(lib_a-dtoa.o) (memcpy)
../tools/GNU_Arm_Toolchain/arm-none-eabi/lib/thumb/v7/nofp/libc.a(lib_a-mlock.o)
                              ../tools/GNU_Arm_Toolchain/arm-none-eabi/lib/thumb/v7/nofp/libc.a(lib_a-freer.o) (__malloc_lock)
../tools/GNU_Arm_Toolchain/arm-none-eabi/lib/thumb/v7/nofp/libc.a(lib_a-mprec.o)
                              ../tools/GNU_Arm_Toolchain/arm-none-eabi/lib/thumb/v7/nofp/libc.a(lib_a-dtoa.o) (_Balloc)
../tools/GNU_Arm_Toolchain/arm-none-eabi/lib/thumb/v7/nofp/libc.a(lib_a-s_frexp.o)
                              ../tools/GNU_Arm_Toolchain/arm-none-eabi/lib/thumb/v7/nofp/libc.a(lib_a-svfprintf.o) (frexp)
../tools/GNU_Arm_Toolchain/arm-none-eabi/lib/thumb/v7/nofp/libc.a(lib_a-sbrkr.o)
                              ../tools/GNU_Arm_Toolchain/arm-none-eabi/lib/thumb/v7/nofp/libc.a(lib_a-freer.o) (_sbrk_r)
../tools/GNU_Arm_Toolchain/arm-none-eabi/lib/thumb/v7/nofp/libc.a(lib_a-strncpy.o)
                              ../tools/GNU_Arm_Toolchain/arm-none-eabi/lib/thumb/v7/nofp/libc.a(lib_a-svfprintf.o) (strncpy)
../tools/GNU_Arm_Toolchain/arm-none-eabi/lib/thumb/v7/nofp/libc.a(lib_a-svfiprintf.o)
                              ../tools/GNU_Arm_Toolchain/arm-none-eabi/lib/thumb/v7/nofp/libc.a(lib_a-svfprintf.o) (__ssprint_r)
../tools/GNU_Arm_Toolchain/arm-none-eabi/lib/thumb/v7/nofp/libc.a(lib_a-assert.o)
                              ../tools/GNU_Arm_Toolchain/arm-none-eabi/lib/thumb/v7/nofp/libc.a(lib_a-dtoa.o) (__assert_func)
../tools/GNU_Arm_Toolchain/arm-none-eabi/lib/thumb/v7/nofp/libc.a(lib_a-callocr.o)
                              ../tools/GNU_Arm_Toolchain/arm-none-eabi/lib/thumb/v7/nofp/libc.a(lib_a-mprec.o) (_calloc_r)
../tools/GNU_Arm_Toolchain/arm-none-eabi/lib/thumb/v7/nofp/libc.a(lib_a-fiprintf.o)
                              ../tools/GNU_Arm_Toolchain/arm-none-eabi/lib/thumb/v7/nofp/libc.a(lib_a-assert.o) (fiprintf)
../tools/GNU_Arm_Toolchain/arm-none-eabi/lib/thumb/v7/nofp/libc.a(lib_a-locale.o)
                              ../tools/GNU_Arm_Toolchain/arm-none-eabi/lib/thumb/v7/nofp/libc.a(lib_a-localeconv.o) (__global_locale)
[...]
Memory Configuration

Name             Origin             Length             Attributes
APP_RAM          0x7e040800         0x000c0000         xrw
*default*        0x00000000         0xffffffff

Linker script and memory map

LOAD CMakeFiles/nwy_open_app.dir/E_/projects/DevelopmentLevelCode/Neoway_N706B/Code/OsUartPmTest/src/hal/os/nwy_hal_os.obj
LOAD CMakeFiles/nwy_open_app.dir/E_/projects/DevelopmentLevelCode/Neoway_N706B/Code/OsUartPmTest/src/hal/pm/nwy_hal_pm.obj
LOAD CMakeFiles/nwy_open_app.dir/E_/projects/DevelopmentLevelCode/Neoway_N706B/Code/OsUartPmTest/src/hal/uart/nwy_hal_uart.obj
LOAD CMakeFiles/nwy_open_app.dir/E_/projects/DevelopmentLevelCode/Neoway_N706B/Code/OsUartPmTest/src/main.obj
LOAD ../build/nwy_open_stub.a
LOAD ../tools/GNU_Arm_Toolchain/arm-none-eabi/lib/thumb/v7/nofp/libc.a
LOAD ../tools/GNU_Arm_Toolchain/arm-none-eabi/lib/thumb/v7/nofp/libnosys.a
LOAD ../tools/GNU_Arm_Toolchain/lib/gcc/arm-none-eabi/10.3.1/thumb/v7/nofp/libgcc.a

nwy_bin_header  0x7e040800        0xc
 *(nwy_bin_header)
 nwy_bin_header
                0x7e040800        0xc ../build/nwy_open_stub.a(nwy_open_stub.o)
                0x7e040800                nwy_open_app_bin_header

.text           0x7e04080c     0x8f78
 *(nwy_open_asm)
 nwy_open_asm   0x7e04080c     0x1830 ../build/nwy_open_stub.a(nwy_open.o)
                0x7e04080c                nwy_sdk_log_printf
                0x7e04081c                nwy_thread_create
                0x7e04082c                nwy_thread_get_current
                0x7e04083c                nwy_thread_set_priority
                0x7e04084c                nwy_thread_get_priority
                0x7e04085c                nwy_thread_suspend
                0x7e04086c                nwy_thread_resume
                0x7e04087c                nwy_thread_exit
                0x7e04088c                nwy_thread_sleep
                0x7e04089c                nwy_thread_usleep
                0x7e0408ac                nwy_thread_event_send
                0x7e0408bc                nwy_thread_event_front_send
                0x7e0408cc                nwy_thread_event_wait
                0x7e0408dc                nwy_thread_pendingevt_num_get
                0x7e0408ec                nwy_thread_spaceevt_cnt_get
                0x7e0408fc                nwy_thread_info_get
                0x7e04090c                nwy_thread_list_get
                0x7e04091c                nwy_thread_runtime_stats_get
                0x7e04092c                nwy_msg_queue_create
                0x7e04093c                nwy_msg_queue_delete
                0x7e04094c                nwy_msg_queue_send
                0x7e04095c                nwy_msg_queue_front_send
                0x7e04096c                nwy_msg_queue_recv
                0x7e04097c                nwy_msg_queue_pending_num_get
                0x7e04098c                nwy_msg_queue_space_num_get
                0x7e04099c                nwy_sdk_mutex_create
                0x7e0409ac                nwy_sdk_mutex_lock
                0x7e0409bc                nwy_sdk_mutex_unlock
                0x7e0409cc                nwy_sdk_mutex_delete
                0x7e0409dc                nwy_semaphore_create
                0x7e0409ec                nwy_semaphore_acquire
                0x7e0409fc                nwy_semahpore_release
                0x7e040a0c                nwy_semahpore_delete
                0x7e040a1c                nwy_semahpore_count_get
                0x7e040a2c                nwy_sdk_timer_create
                0x7e040a3c                nwy_sdk_timer_destory
                0x7e040a4c                nwy_sdk_timer_start
                0x7e040a5c                nwy_sdk_timer_status_get
                0x7e040a6c                nwy_sdk_timer_stop
                0x7e040a7c                nwy_uptime_get
                0x7e040a8c                nwy_date_set
                0x7e040a9c                nwy_date_get
                0x7e040aac                nwy_sys_timestamp_set
                0x7e040abc                nwy_sys_timestamp_get
                0x7e040acc                nwy_sys_timezone_set
                0x7e040adc                nwy_timestamp_to_date
                0x7e040aec                nwy_date_to_timestamp
                0x7e040afc                nwy_socket_errno
                0x7e040b0c                nwy_socket_open
                0x7e040b1c                nwy_socket_send
                0x7e040b2c                nwy_socket_recv
                0x7e040b3c                nwy_socket_sendto
                0x7e040b4c                nwy_socket_recvfrom
                0x7e040b5c                nwy_socket_setsockopt
                0x7e040b6c                nwy_socket_getsockopt
                0x7e040b7c                nwy_socket_gethost_by_name
                0x7e040b8c                nwy_socket_close
                0x7e040b9c                nwy_socket_shutdown
                0x7e040bac                nwy_socket_connect
                0x7e040bbc                nwy_socket_lport_bind
                0x7e040bcc                nwy_socket_bind
                0x7e040bdc                nwy_socket_listen
                0x7e040bec                nwy_socket_accept
                0x7e040bfc                nwy_socket_get_state
                0x7e040c0c                nwy_socket_select
                0x7e040c1c                nwy_socket_set_nonblock
                0x7e040c2c                nwy_socket_set_reuseaddr
                0x7e040c3c                nwy_socket_set_nodelay
                0x7e040c4c                nwy_socket_set_keepalive
                0x7e040c5c                nwy_socket_set_linger
                0x7e040c6c                nwy_socket_get_ack
                0x7e040c7c                nwy_socket_get_sent
                0x7e040c8c                nwy_socket_inet_ntop
                0x7e040c9c                nwy_socket_inet_pton
                0x7e040cac                nwy_socket_htons
                0x7e040cbc                nwy_socket_ntohs
                0x7e040ccc                nwy_socket_htonl
                0x7e040cdc                nwy_socket_ntohl
                0x7e040cec                nwy_usb_serial_send
                0x7e040cfc                nwy_usb_serial_reg_recv_cb
                0x7e040d0c                malloc
                0x7e040d1c                calloc
                0x7e040d2c                realloc
                0x7e040d3c                free
                0x7e040d4c                nwy_file_open
                0x7e040d5c                nwy_file_read
                0x7e040d6c                nwy_file_write
                0x7e040d7c                nwy_file_tell
                0x7e040d8c                nwy_file_seek
                0x7e040d9c                nwy_file_path_size
                0x7e040dac                nwy_file_fd_size
                0x7e040dbc                nwy_file_exist
                0x7e040dcc                nwy_file_remove
                0x7e040ddc                nwy_file_rename
                0x7e040dec                nwy_file_sync
                0x7e040dfc                nwy_file_fd_trunc
                0x7e040e0c                nwy_file_path_trunc
                0x7e040e1c                nwy_file_path_stat_get
                0x7e040e2c                nwy_file_fd_stat_get
                0x7e040e3c                nwy_file_close
                0x7e040e4c                nwy_dir_mk
                0x7e040e5c                nwy_dir_rm
                0x7e040e6c                nwy_dir_recursive_rm
                0x7e040e7c                nwy_dir_open
                0x7e040e8c                nwy_dir_close
                0x7e040e9c                nwy_dir_read
                0x7e040eac                nwy_dir_tell
                0x7e040ebc                nwy_dir_seek
                0x7e040ecc                nwy_dir_rewind
                0x7e040edc                nwy_vfs_free_size_get
                0x7e040eec                nwy_dm_dev_model_get
                0x7e040efc                nwy_dm_inner_version_get
                0x7e040f0c                nwy_dm_open_sdk_version_get
                0x7e040f1c                nwy_dm_hw_version_get
                0x7e040f2c                nwy_dm_rftemperature_get
                0x7e040f3c                nwy_dm_sn_get
                0x7e040f4c                nwy_dm_imei_get
                0x7e040f5c                nwy_dm_app_version_set
                0x7e040f6c                nwy_dm_imei_set
                0x7e040f7c                nwy_dm_heapinfo
                0x7e040f8c                nwy_dm_nvinfo_get
                0x7e040f9c                nwy_ftp_login
                0x7e040fac                nwy_ftp_logout
                0x7e040fbc                nwy_ftp_get
                0x7e040fcc                nwy_ftp_put
                0x7e040fdc                nwy_ftp_get_filesize
                0x7e040fec                nwy_ftp_del_file
                0x7e040ffc                nwy_http_setup
                0x7e04100c                nwy_http_get
                0x7e04101c                nwy_http_head
                0x7e04102c                nwy_http_post
                0x7e04103c                nwy_http_put
                0x7e04104c                nwy_http_open_mode
                0x7e04105c                nwy_http_close
                0x7e04106c                nwy_sntp_get_time
                0x7e04107c                nwy_sim_imsi_get
                0x7e04108c                nwy_sim_iccid_get
                0x7e04109c                nwy_sim_status_get
                0x7e0410ac                nwy_sim_pin_verify
                0x7e0410bc                nwy_sim_pin_unlock
                0x7e0410cc                nwy_sim_pin_mode_get
                0x7e0410dc                nwy_sim_pin_enable
                0x7e0410ec                nwy_sim_pin_disable
                0x7e0410fc                nwy_sim_pin_change
                0x7e04110c                nwy_sim_pin_times_get
                0x7e04111c                nwy_sim_msisdn_get
                0x7e04112c                nwy_sim_slot_set
                0x7e04113c                nwy_sim_slot_get
                0x7e04114c                nwy_sim_reset
                0x7e04115c                nwy_sim_power_set
                0x7e04116c                nwy_sim_detect_set
                0x7e04117c                nwy_sim_csim
                0x7e04118c                nwy_sim_urc_reg
                0x7e04119c                nwy_sim_urc_unreg
                0x7e0411ac                nwy_pm_ctrl
                0x7e0411bc                nwy_pm_state_set
                0x7e0411cc                nwy_bootup_alarm_set
                0x7e0411dc                nwy_bootup_alarm_del
                0x7e0411ec                nwy_power_state
                0x7e0411fc                nwy_pm_boot_res
                0x7e04120c                nwy_loc_navigation_start
                0x7e04121c                nwy_loc_navigation_stop
                0x7e04122c                nwy_loc_navigation_reset
                0x7e04123c                nwy_loc_recv_cb_reg
                0x7e04124c                nwy_loc_mode_set
                0x7e04125c                nwy_loc_startup_set
                0x7e04126c                nwy_loc_rate_set
                0x7e04127c                nwy_loc_cfg_nmea_type
                0x7e04128c                nwy_loc_nmea_get
                0x7e04129c                nwy_loc_nmea_parse
                0x7e0412ac                nwy_loc_agnss_start
                0x7e0412bc                nwy_loc_param_set
                0x7e0412cc                nwy_loc_param_get
                0x7e0412dc                nwy_data_reg_cb
                0x7e0412ec                nwy_data_unreg_cb
                0x7e0412fc                nwy_data_call_start
                0x7e04130c                nwy_data_call_stop
                0x7e04131c                nwy_data_profile_get
                0x7e04132c                nwy_data_profile_set
                0x7e04133c                nwy_data_auto_connect_set
                0x7e04134c                nwy_data_call_info_get
                0x7e04135c                nwy_data_flow_info_get
                0x7e04136c                nwy_data_eps_dyn_apn_get
                0x7e04137c                nwy_data_dhcp_get
                0x7e04138c                nwy_data_dhcp_set
                0x7e04139c                nwy_data_dns_info_get
                0x7e0413ac                nwy_data_get_capability
                0x7e0413bc                mbedtls_ssl_conf_max_version
                0x7e0413cc                mbedtls_ssl_conf_min_version
                0x7e0413dc                mbedtls_ssl_conf_authmode
                0x7e0413ec                mbedtls_ssl_conf_ca_chain
                0x7e0413fc                mbedtls_ssl_conf_own_cert
                0x7e04140c                mbedtls_ssl_conf_rng
                0x7e04141c                mbedtls_ssl_conf_dbg
                0x7e04142c                mbedtls_ssl_setup
                0x7e04143c                mbedtls_ssl_set_hostname
                0x7e04144c                mbedtls_ssl_set_bio
                0x7e04145c                mbedtls_ssl_handshake
                0x7e04146c                mbedtls_ssl_get_verify_result
                0x7e04147c                mbedtls_net_connect
                0x7e04148c                mbedtls_net_init
                0x7e04149c                mbedtls_net_bind
                0x7e0414ac                mbedtls_net_accept
                0x7e0414bc                mbedtls_net_poll
                0x7e0414cc                mbedtls_net_set_block
                0x7e0414dc                mbedtls_net_set_nonblock
                0x7e0414ec                mbedtls_net_usleep
                0x7e0414fc                mbedtls_net_recv
                0x7e04150c                mbedtls_net_send
                0x7e04151c                mbedtls_net_recv_timeout
                0x7e04152c                mbedtls_net_free
                0x7e04153c                mbedtls_pk_init
                0x7e04154c                mbedtls_pk_free
                0x7e04155c                mbedtls_ssl_init
                0x7e04156c                mbedtls_ssl_read
                0x7e04157c                mbedtls_ssl_write
                0x7e04158c                mbedtls_ssl_send_alert_message
                0x7e04159c                mbedtls_ssl_close_notify
                0x7e0415ac                mbedtls_ssl_free
                0x7e0415bc                mbedtls_ssl_config_init
                0x7e0415cc                mbedtls_ssl_config_defaults
                0x7e0415dc                mbedtls_ssl_config_free
                0x7e0415ec                mbedtls_ssl_session_init
                0x7e0415fc                mbedtls_ssl_session_free
                0x7e04160c                mbedtls_ssl_conf_read_timeout
                0x7e04161c                mbedtls_ssl_set_timer_cb
                0x7e04162c                mbedtls_platform_set_calloc_free
                0x7e04163c                mbedtls_x509_crt_parse_der
                0x7e04164c                mbedtls_x509_crt_parse
                0x7e04165c                mbedtls_x509_crt_info
                0x7e04166c                mbedtls_x509_crt_verify_info
                0x7e04167c                mbedtls_x509_crt_verify
                0x7e04168c                mbedtls_x509_crt_verify_with_profile
                0x7e04169c                mbedtls_x509_crt_verify_restartable
                0x7e0416ac                mbedtls_x509_crt_init
                0x7e0416bc                mbedtls_x509_crt_free
                0x7e0416cc                mbedtls_pk_parse_key
                0x7e0416dc                mbedtls_entropy_free
                0x7e0416ec                mbedtls_entropy_init
                0x7e0416fc                mbedtls_entropy_func
                0x7e04170c                mbedtls_ctr_drbg_random
                0x7e04171c                mbedtls_ctr_drbg_free
                0x7e04172c                mbedtls_ctr_drbg_seed
                0x7e04173c                mbedtls_ctr_drbg_init
                0x7e04174c                mbedtls_ssl_get_bytes_avail
                0x7e04175c                mbedtls_ssl_conf_ciphersuites
                0x7e04176c                mbedtls_sha1_init
                0x7e04177c                mbedtls_sha1_update
                0x7e04178c                mbedtls_sha1_finish
                0x7e04179c                mbedtls_base64_encode
                0x7e0417ac                mbedtls_ssl_session_reset
                0x7e0417bc                mbedtls_pk_get_type
                0x7e0417cc                mbedtls_ssl_conf_renegotiation
                0x7e0417dc                mbedtls_ssl_set_session
                0x7e0417ec                mbedtls_aes_init
                0x7e0417fc                mbedtls_aes_free
                0x7e04180c                mbedtls_aes_xts_init
                0x7e04181c                mbedtls_aes_xts_free
                0x7e04182c                mbedtls_aes_setkey_enc
                0x7e04183c                mbedtls_aes_setkey_dec
                0x7e04184c                mbedtls_aes_xts_setkey_enc
                0x7e04185c                mbedtls_aes_xts_setkey_dec
                0x7e04186c                mbedtls_aes_crypt_ecb
                0x7e04187c                mbedtls_aes_crypt_cbc
                0x7e04188c                mbedtls_aes_crypt_xts
                0x7e04189c                mbedtls_aes_crypt_cfb128
                0x7e0418ac                mbedtls_aes_crypt_cfb8
                0x7e0418bc                mbedtls_aes_crypt_ofb
                0x7e0418cc                mbedtls_aes_crypt_ctr
                0x7e0418dc                nwy_ssl_version_info_get
                0x7e0418ec                mbedtls_internal_aes_encrypt
                0x7e0418fc                mbedtls_internal_aes_decrypt
                0x7e04190c                psa_crypto_init
                0x7e04191c                nwy_usb_net_mode_set
                0x7e04192c                nwy_usb_net_mode_get
                0x7e04193c                nwy_i2c_init
                0x7e04194c                nwy_i2c_read
                0x7e04195c                nwy_i2c_write
                0x7e04196c                nwy_i2c_deinit
                0x7e04197c                nwy_i2c_raw_get_byte
                0x7e04198c                nwy_i2c_raw_put_byte
                0x7e04199c                nwy_spi_init
                0x7e0419ac                nwy_spi_cs_cfg
                0x7e0419bc                nwy_spi_transfer
                0x7e0419cc                nwy_spi_deinit
                0x7e0419dc                nwy_spi_read
                0x7e0419ec                nwy_spi_write
                0x7e0419fc                nwy_sms_option_init
                0x7e041a0c                nwy_sms_storage_set
                0x7e041a1c                nwy_sms_storage_get
                0x7e041a2c                nwy_sms_report_set
                0x7e041a3c                nwy_sms_sca_set
                0x7e041a4c                nwy_sms_sca_get
                0x7e041a5c                nwy_sms_msg_send
                0x7e041a6c                nwy_sms_recv_cb_reg
                0x7e041a7c                nwy_sms_recv_cb_unreg
                0x7e041a8c                nwy_sms_msg_del
                0x7e041a9c                nwy_sms_msg_read
                0x7e041aac                nwy_sms_msg_del_ext
                0x7e041abc                nwy_sms_msg_list_read
                0x7e041acc                nwy_nw_mode_get
                0x7e041adc                nwy_nw_mode_set
                0x7e041aec                nwy_nw_priband_get
                0x7e041afc                nwy_nw_priband_set
                0x7e041b0c                nwy_nw_ims_get
                0x7e041b1c                nwy_nw_ims_set
                0x7e041b2c                nwy_nw_radio_get
                0x7e041b3c                nwy_nw_radio_set
                0x7e041b4c                nwy_nw_config_get
                0x7e041b5c                nwy_nw_config_set
                0x7e041b6c                nwy_nw_operator_get
                0x7e041b7c                nwy_nw_csq_get
                0x7e041b8c                nwy_nw_signal_get
                0x7e041b9c                nwy_nw_regstatus_get
                0x7e041bac                nwy_nw_cellinfo_get
                0x7e041bbc                nwy_nw_lock_set
                0x7e041bcc                nwy_nw_lock_get
                0x7e041bdc                nwy_nw_manual_select
                0x7e041bec                nwy_nw_scan
                0x7e041bfc                nwy_nw_psm_get
                0x7e041c0c                nwy_nw_psm_set
                0x7e041c1c                nwy_nw_get_forbidden_plmn
                0x7e041c2c                nwy_nw_reg_cb
                0x7e041c3c                nwy_nw_unreg_cb
                0x7e041c4c                nwy_get_time_zone_switch
                0x7e041c5c                nwy_set_time_zone_switch
                0x7e041c6c                nwy_dm_nwcfg_get
                0x7e041c7c                nwy_dm_nwcfg_set
                0x7e041c8c                nwy_virt_at_parameter_init
                0x7e041c9c                nwy_virt_at_cmd_send
                0x7e041cac                nwy_virt_at_unsolicited_cb_reg
                0x7e041cbc                nwy_virt_at_get_original_rsp_cb
                0x7e041ccc                nwy_virt_at_forward_cb
                0x7e041cdc                nwy_virt_at_forward_send
                0x7e041cec                nwy_pm_vbat_voltage_get
                0x7e041cfc                nwy_ping_start
                0x7e041d0c                NetworkInit
                0x7e041d1c                NetworkConnect
                0x7e041d2c                NetworkDisconnect
                0x7e041d3c                MQTTClientInit
                0x7e041d4c                MQTTConnect
                0x7e041d5c                MQTTPublish
                0x7e041d6c                MQTTSetMessageHandler
                0x7e041d7c                MQTTSubscribe
                0x7e041d8c                MQTTUnsubscribe
                0x7e041d9c                MQTTDisconnect
                0x7e041dac                MQTTYield
                0x7e041dbc                MQTTIsConnected
                0x7e041dcc                nwy_gpio_direction_get
                0x7e041ddc                nwy_gpio_direction_set
                0x7e041dec                nwy_gpio_value_get
                0x7e041dfc                nwy_gpio_value_set
                0x7e041e0c                nwy_gpio_pull_get
                0x7e041e1c                nwy_gpio_pull_set
                0x7e041e2c                nwy_gpio_irq_register
                0x7e041e3c                nwy_gpio_irq_enable
                0x7e041e4c                nwy_gpio_irq_disable
                0x7e041e5c                nwy_gpio_irq_wakeup_enable
                0x7e041e6c                nwy_gpio_irq_wakeup_disable
                0x7e041e7c                nwy_gpio_close
                0x7e041e8c                nwy_uart_open
                0x7e041e9c                nwy_uart_read
                0x7e041eac                nwy_uart_write
                0x7e041ebc                nwy_uart_dcb_set
                0x7e041ecc                nwy_uart_dcb_get
                0x7e041edc                nwy_uart_close
                0x7e041eec                nwy_uart_rx_cb_register
                0x7e041efc                nwy_uart_tx_cb_register
                0x7e041f0c                nwy_uart_rx_frame_timeout_set
                0x7e041f1c                nwy_adc_get
                0x7e041f2c                nwy_dev_name_list_get
                0x7e041f3c                nwy_sat_set_on_off
                0x7e041f4c                nwy_sat_get_on_off
                0x7e041f5c                nwy_sat_terminal_response
                0x7e041f6c                nwy_sat_envelope_command
                0x7e041f7c                nwy_sat_set_profile
                0x7e041f8c                nwy_sat_get_profile
                0x7e041f9c                nwy_sat_recv_data
                0x7e041fac                nwy_fota_write
                0x7e041fbc                nwy_fota_update
                0x7e041fcc                nwy_fota_result_get
                0x7e041fdc                nwy_fota_base_ver_update
                0x7e041fec                nwy_vfs_logical_block_device_create
                0x7e041ffc                nwy_vfs_mount
                0x7e04200c                nwy_vfs_unmount
                0x7e04201c                nwy_vfs_mkfs
                0x7e04202c                nwy_dm_soc_model_get
 *(.text*)
 .text.nwy_hal_os_thread_create
                0x7e04203c       0x2c CMakeFiles/nwy_open_app.dir/E_/projects/DevelopmentLevelCode/Neoway_N706B/Code/OsUartPmTest/src/hal/os/nwy_hal_os.obj
                0x7e04203c                nwy_hal_os_thread_create
 .text.nwy_hal_os_thread_sleep
                0x7e042068        0x4 CMakeFiles/nwy_open_app.dir/E_/projects/DevelopmentLevelCode/Neoway_N706B/Code/OsUartPmTest/src/hal/os/nwy_hal_os.obj
                0x7e042068                nwy_hal_os_thread_sleep
 .text.nwy_hal_os_timer_create
                0x7e04206c       0x40 CMakeFiles/nwy_open_app.dir/E_/projects/DevelopmentLevelCode/Neoway_N706B/Code/OsUartPmTest/src/hal/os/nwy_hal_os.obj
                0x7e04206c                nwy_hal_os_timer_create
 .text.nwy_hal_os_timer_start
                0x7e0420ac       0x3a CMakeFiles/nwy_open_app.dir/E_/projects/DevelopmentLevelCode/Neoway_N706B/Code/OsUartPmTest/src/hal/os/nwy_hal_os.obj
                0x7e0420ac                nwy_hal_os_timer_start
 .text.nwy_hal_os_semaphore_create
                0x7e0420e6       0x12 CMakeFiles/nwy_open_app.dir/E_/projects/DevelopmentLevelCode/Neoway_N706B/Code/OsUartPmTest/src/hal/os/nwy_hal_os.obj
                0x7e0420e6                nwy_hal_os_semaphore_create
 .text.nwy_hal_os_semaphore_acquire
                0x7e0420f8       0x10 CMakeFiles/nwy_open_app.dir/E_/projects/DevelopmentLevelCode/Neoway_N706B/Code/OsUartPmTest/src/hal/os/nwy_hal_os.obj
                0x7e0420f8                nwy_hal_os_semaphore_acquire
 .text.nwy_hal_os_semaphore_release
                0x7e042108        0x8 CMakeFiles/nwy_open_app.dir/E_/projects/DevelopmentLevelCode/Neoway_N706B/Code/OsUartPmTest/src/hal/os/nwy_hal_os.obj
                0x7e042108                nwy_hal_os_semaphore_release
 .text.nwy_hal_os_mutex_create
                0x7e042110       0x10 CMakeFiles/nwy_open_app.dir/E_/projects/DevelopmentLevelCode/Neoway_N706B/Code/OsUartPmTest/src/hal/os/nwy_hal_os.obj
                0x7e042110                nwy_hal_os_mutex_create
 .text.nwy_hal_os_mutex_lock
                0x7e042120       0x10 CMakeFiles/nwy_open_app.dir/E_/projects/DevelopmentLevelCode/Neoway_N706B/Code/OsUartPmTest/src/hal/os/nwy_hal_os.obj
                0x7e042120                nwy_hal_os_mutex_lock
 .text.nwy_hal_os_mutex_unlock
                0x7e042130        0x8 CMakeFiles/nwy_open_app.dir/E_/projects/DevelopmentLevelCode/Neoway_N706B/Code/OsUartPmTest/src/hal/os/nwy_hal_os.obj
                0x7e042130                nwy_hal_os_mutex_unlock
 .text.nwy_hal_pm_reboot
                0x7e042138        0x6 CMakeFiles/nwy_open_app.dir/E_/projects/DevelopmentLevelCode/Neoway_N706B/Code/OsUartPmTest/src/hal/pm/nwy_hal_pm.obj
                0x7e042138                nwy_hal_pm_reboot
 .text.nwy_hal_pm_power_off
                0x7e04213e        0x6 CMakeFiles/nwy_open_app.dir/E_/projects/DevelopmentLevelCode/Neoway_N706B/Code/OsUartPmTest/src/hal/pm/nwy_hal_pm.obj
                0x7e04213e                nwy_hal_pm_power_off
 .text.nwy_hal_pm_get_vbat
                0x7e042144       0x10 CMakeFiles/nwy_open_app.dir/E_/projects/DevelopmentLevelCode/Neoway_N706B/Code/OsUartPmTest/src/hal/pm/nwy_hal_pm.obj
                0x7e042144                nwy_hal_pm_get_vbat
 .text.nwy_hal_pm_get_boot_reason_str
                0x7e042154       0x68 CMakeFiles/nwy_open_app.dir/E_/projects/DevelopmentLevelCode/Neoway_N706B/Code/OsUartPmTest/src/hal/pm/nwy_hal_pm.obj
                0x7e042154                nwy_hal_pm_get_boot_reason_str
 .text.nwy_hal_pm_get_time
                0x7e0421bc       0x16 CMakeFiles/nwy_open_app.dir/E_/projects/DevelopmentLevelCode/Neoway_N706B/Code/OsUartPmTest/src/hal/pm/nwy_hal_pm.obj
                0x7e0421bc                nwy_hal_pm_get_time
 .text.nwy_hal_uart_open
                0x7e0421d2        0xe CMakeFiles/nwy_open_app.dir/E_/projects/DevelopmentLevelCode/Neoway_N706B/Code/OsUartPmTest/src/hal/uart/nwy_hal_uart.obj
                0x7e0421d2                nwy_hal_uart_open
 .text.nwy_hal_uart_write
                0x7e0421e0       0x18 CMakeFiles/nwy_open_app.dir/E_/projects/DevelopmentLevelCode/Neoway_N706B/Code/OsUartPmTest/src/hal/uart/nwy_hal_uart.obj
                0x7e0421e0                nwy_hal_uart_write
 .text.nwy_hal_uart_register_rx_cb
                0x7e0421f8       0x18 CMakeFiles/nwy_open_app.dir/E_/projects/DevelopmentLevelCode/Neoway_N706B/Code/OsUartPmTest/src/hal/uart/nwy_hal_uart.obj
                0x7e0421f8                nwy_hal_uart_register_rx_cb
 .text.uart_send_string
                0x7e042210       0x24 CMakeFiles/nwy_open_app.dir/E_/projects/DevelopmentLevelCode/Neoway_N706B/Code/OsUartPmTest/src/main.obj
 .text.heartbeat_timer_callback
                0x7e042234       0x2c CMakeFiles/nwy_open_app.dir/E_/projects/DevelopmentLevelCode/Neoway_N706B/Code/OsUartPmTest/src/main.obj
 .text.usb_printf
                0x7e042260       0x38 CMakeFiles/nwy_open_app.dir/E_/projects/DevelopmentLevelCode/Neoway_N706B/Code/OsUartPmTest/src/main.obj
 .text.main_monitor_task
                0x7e042298      0x100 CMakeFiles/nwy_open_app.dir/E_/projects/DevelopmentLevelCode/Neoway_N706B/Code/OsUartPmTest/src/main.obj
 .text.test_uart_rx_cb
                0x7e042398      0x17c CMakeFiles/nwy_open_app.dir/E_/projects/DevelopmentLevelCode/Neoway_N706B/Code/OsUartPmTest/src/main.obj
 .text.nwy_open_app_entry
                0x7e042514       0x48 CMakeFiles/nwy_open_app.dir/E_/projects/DevelopmentLevelCode/Neoway_N706B/Code/OsUartPmTest/src/main.obj
                0x7e042514                nwy_open_app_entry
 .text.memset   0x7e04255c       0xa4 ../tools/GNU_Arm_Toolchain/arm-none-eabi/lib/thumb/v7/nofp/libc.a(lib_a-memset.o)
                0x7e04255c                memset
 .text.snprintf
                0x7e042600       0x8c ../tools/GNU_Arm_Toolchain/arm-none-eabi/lib/thumb/v7/nofp/libc.a(lib_a-snprintf.o)
                0x7e042600                snprintf
 .text.strlen   0x7e04268c       0x5c ../tools/GNU_Arm_Toolchain/arm-none-eabi/lib/thumb/v7/nofp/libc.a(lib_a-strlen-stub.o)
                0x7e04268c                strlen
 .text._svfprintf_r
                0x7e0426e8     0x1aac ../tools/GNU_Arm_Toolchain/arm-none-eabi/lib/thumb/v7/nofp/libc.a(lib_a-svfprintf.o)
                0x7e0426e8                _svfprintf_r
 .text.vsnprintf
                0x7e044194       0x78 ../tools/GNU_Arm_Toolchain/arm-none-eabi/lib/thumb/v7/nofp/libc.a(lib_a-vsnprintf.o)
                0x7e044194                vsnprintf
 .text.quorem   0x7e04420c      0x130 ../tools/GNU_Arm_Toolchain/arm-none-eabi/lib/thumb/v7/nofp/libc.a(lib_a-dtoa.o)
 *fill*         0x7e04433c        0x4 
 .text._dtoa_r  0x7e044340      0xf44 ../tools/GNU_Arm_Toolchain/arm-none-eabi/lib/thumb/v7/nofp/libc.a(lib_a-dtoa.o)
                0x7e044340                _dtoa_r
 .text._malloc_trim_r
                0x7e045284       0xac ../tools/GNU_Arm_Toolchain/arm-none-eabi/lib/thumb/v7/nofp/libc.a(lib_a-freer.o)
                0x7e045284                _malloc_trim_r
 .text._free_r  0x7e045330      0x21c ../tools/GNU_Arm_Toolchain/arm-none-eabi/lib/thumb/v7/nofp/libc.a(lib_a-freer.o)
                0x7e045330                _free_r
 .text._localeconv_r
                0x7e04554c        0x8 ../tools/GNU_Arm_Toolchain/arm-none-eabi/lib/thumb/v7/nofp/libc.a(lib_a-localeconv.o)
                0x7e04554c                _localeconv_r
 .text._malloc_r
                0x7e045554      0x558 ../tools/GNU_Arm_Toolchain/arm-none-eabi/lib/thumb/v7/nofp/libc.a(lib_a-mallocr.o)
                0x7e045554                _malloc_r
 .text.memchr   0x7e045aac       0x90 ../tools/GNU_Arm_Toolchain/arm-none-eabi/lib/thumb/v7/nofp/libc.a(lib_a-memchr-stub.o)
                0x7e045aac                memchr
 .text          0x7e045b3c       0xec ../tools/GNU_Arm_Toolchain/arm-none-eabi/lib/thumb/v7/nofp/libc.a(lib_a-memcpy.o)
                0x7e045b3c                memcpy
 .text.__malloc_lock
                0x7e045c28        0xc ../tools/GNU_Arm_Toolchain/arm-none-eabi/lib/thumb/v7/nofp/libc.a(lib_a-mlock.o)
                0x7e045c28                __malloc_lock
 .text.__malloc_unlock
                0x7e045c34        0xc ../tools/GNU_Arm_Toolchain/arm-none-eabi/lib/thumb/v7/nofp/libc.a(lib_a-mlock.o)
                0x7e045c34                __malloc_unlock
 .text._Balloc  0x7e045c40       0x4c ../tools/GNU_Arm_Toolchain/arm-none-eabi/lib/thumb/v7/nofp/libc.a(lib_a-mprec.o)
                0x7e045c40                _Balloc
 .text._Bfree   0x7e045c8c       0x14 ../tools/GNU_Arm_Toolchain/arm-none-eabi/lib/thumb/v7/nofp/libc.a(lib_a-mprec.o)
                0x7e045c8c                _Bfree
 .text.__multadd
                0x7e045ca0       0xa8 ../tools/GNU_Arm_Toolchain/arm-none-eabi/lib/thumb/v7/nofp/libc.a(lib_a-mprec.o)
                0x7e045ca0                __multadd
 .text.__hi0bits
                0x7e045d48       0x40 ../tools/GNU_Arm_Toolchain/arm-none-eabi/lib/thumb/v7/nofp/libc.a(lib_a-mprec.o)
                0x7e045d48                __hi0bits
 .text.__lo0bits
                0x7e045d88       0x54 ../tools/GNU_Arm_Toolchain/arm-none-eabi/lib/thumb/v7/nofp/libc.a(lib_a-mprec.o)
                0x7e045d88                __lo0bits
 .text.__i2b    0x7e045ddc       0x60 ../tools/GNU_Arm_Toolchain/arm-none-eabi/lib/thumb/v7/nofp/libc.a(lib_a-mprec.o)
                0x7e045ddc                __i2b
 .text.__multiply
                0x7e045e3c      0x170 ../tools/GNU_Arm_Toolchain/arm-none-eabi/lib/thumb/v7/nofp/libc.a(lib_a-mprec.o)
                0x7e045e3c                __multiply
 .text.__pow5mult
                0x7e045fac       0xc4 ../tools/GNU_Arm_Toolchain/arm-none-eabi/lib/thumb/v7/nofp/libc.a(lib_a-mprec.o)
                0x7e045fac                __pow5mult
 .text.__lshift
                0x7e046070       0xec ../tools/GNU_Arm_Toolchain/arm-none-eabi/lib/thumb/v7/nofp/libc.a(lib_a-mprec.o)
                0x7e046070                __lshift
 .text.__mcmp   0x7e04615c       0x40 ../tools/GNU_Arm_Toolchain/arm-none-eabi/lib/thumb/v7/nofp/libc.a(lib_a-mprec.o)
                0x7e04615c                __mcmp
 .text.__mdiff  0x7e04619c      0x160 ../tools/GNU_Arm_Toolchain/arm-none-eabi/lib/thumb/v7/nofp/libc.a(lib_a-mprec.o)
                0x7e04619c                __mdiff
 .text.__d2b    0x7e0462fc       0xc4 ../tools/GNU_Arm_Toolchain/arm-none-eabi/lib/thumb/v7/nofp/libc.a(lib_a-mprec.o)
                0x7e0462fc                __d2b
 .text.frexp    0x7e0463c0       0x70 ../tools/GNU_Arm_Toolchain/arm-none-eabi/lib/thumb/v7/nofp/libc.a(lib_a-s_frexp.o)
                0x7e0463c0                frexp
 .text._sbrk_r  0x7e046430       0x28 ../tools/GNU_Arm_Toolchain/arm-none-eabi/lib/thumb/v7/nofp/libc.a(lib_a-sbrkr.o)
                0x7e046430                _sbrk_r
 .text.strncpy  0x7e046458       0x70 ../tools/GNU_Arm_Toolchain/arm-none-eabi/lib/thumb/v7/nofp/libc.a(lib_a-strncpy.o)
                0x7e046458                strncpy
 .text.__ssprint_r
                0x7e0464c8      0x100 ../tools/GNU_Arm_Toolchain/arm-none-eabi/lib/thumb/v7/nofp/libc.a(lib_a-svfiprintf.o)
                0x7e0464c8                __ssprint_r
 .text.__assert_func
                0x7e0465c8       0x44 ../tools/GNU_Arm_Toolchain/arm-none-eabi/lib/thumb/v7/nofp/libc.a(lib_a-assert.o)
                0x7e0465c8                __assert_func
 .text._calloc_r
                0x7e04660c       0x64 ../tools/GNU_Arm_Toolchain/arm-none-eabi/lib/thumb/v7/nofp/libc.a(lib_a-callocr.o)
                0x7e04660c                _calloc_r
 .text.fiprintf
                0x7e046670       0x2c ../tools/GNU_Arm_Toolchain/arm-none-eabi/lib/thumb/v7/nofp/libc.a(lib_a-fiprintf.o)
                0x7e046670                fiprintf
 .text.__locale_mb_cur_max
                0x7e04669c       0x10 ../tools/GNU_Arm_Toolchain/arm-none-eabi/lib/thumb/v7/nofp/libc.a(lib_a-locale.o)
                0x7e04669c                __locale_mb_cur_max
 .text.__retarget_lock_init_recursive
                0x7e0466ac        0x4 ../tools/GNU_Arm_Toolchain/arm-none-eabi/lib/thumb/v7/nofp/libc.a(lib_a-lock.o)
                0x7e0466ac                __retarget_lock_init_recursive
 .text.__retarget_lock_close_recursive
                0x7e0466b0        0x4 ../tools/GNU_Arm_Toolchain/arm-none-eabi/lib/thumb/v7/nofp/libc.a(lib_a-lock.o)
                0x7e0466b0                __retarget_lock_close_recursive
 .text.__retarget_lock_acquire_recursive
                0x7e0466b4        0x4 ../tools/GNU_Arm_Toolchain/arm-none-eabi/lib/thumb/v7/nofp/libc.a(lib_a-lock.o)
                0x7e0466b4                __retarget_lock_acquire_recursive
 .text.__retarget_lock_release_recursive
                0x7e0466b8        0x4 ../tools/GNU_Arm_Toolchain/arm-none-eabi/lib/thumb/v7/nofp/libc.a(lib_a-lock.o)
                0x7e0466b8                __retarget_lock_release_recursive
 .text.__ascii_mbtowc
                0x7e0466bc       0x24 ../tools/GNU_Arm_Toolchain/arm-none-eabi/lib/thumb/v7/nofp/libc.a(lib_a-mbtowc_r.o)
                0x7e0466bc                __ascii_mbtowc
 .text.memmove  0x7e0466e0       0xf8 ../tools/GNU_Arm_Toolchain/arm-none-eabi/lib/thumb/v7/nofp/libc.a(lib_a-memmove.o)
                0x7e0466e0                memmove
 .text._realloc_r
                0x7e0467d8      0x40c ../tools/GNU_Arm_Toolchain/arm-none-eabi/lib/thumb/v7/nofp/libc.a(lib_a-reallocr.o)
                0x7e0467d8                _realloc_r
 .text.__sprint_r.part.0
                0x7e046be4       0x74 ../tools/GNU_Arm_Toolchain/arm-none-eabi/lib/thumb/v7/nofp/libc.a(lib_a-vfiprintf.o)
 .text._vfiprintf_r
                0x7e046c58      0xd68 ../tools/GNU_Arm_Toolchain/arm-none-eabi/lib/thumb/v7/nofp/libc.a(lib_a-vfiprintf.o)
                0x7e046c58                _vfiprintf_r
 .text.__sbprintf
                0x7e0479c0       0x80 ../tools/GNU_Arm_Toolchain/arm-none-eabi/lib/thumb/v7/nofp/libc.a(lib_a-vfiprintf.o)
 .text.__ascii_wctomb
                0x7e047a40       0x1c ../tools/GNU_Arm_Toolchain/arm-none-eabi/lib/thumb/v7/nofp/libc.a(lib_a-wctomb_r.o)
                0x7e047a40                __ascii_wctomb
 .text.__swsetup_r
                0x7e047a5c       0xd0 ../tools/GNU_Arm_Toolchain/arm-none-eabi/lib/thumb/v7/nofp/libc.a(lib_a-wsetup.o)
                0x7e047a5c                __swsetup_r
 .text.abort    0x7e047b2c       0x10 ../tools/GNU_Arm_Toolchain/arm-none-eabi/lib/thumb/v7/nofp/libc.a(lib_a-abort.o)
                0x7e047b2c                abort
 .text.__sflush_r
                0x7e047b3c      0x148 ../tools/GNU_Arm_Toolchain/arm-none-eabi/lib/thumb/v7/nofp/libc.a(lib_a-fflush.o)
                0x7e047b3c                __sflush_r
 .text._fflush_r
                0x7e047c84       0x5c ../tools/GNU_Arm_Toolchain/arm-none-eabi/lib/thumb/v7/nofp/libc.a(lib_a-fflush.o)
                0x7e047c84                _fflush_r
 .text._cleanup_r
                0x7e047ce0        0xc ../tools/GNU_Arm_Toolchain/arm-none-eabi/lib/thumb/v7/nofp/libc.a(lib_a-findfp.o)
                0x7e047ce0                _cleanup_r
 .text.__sinit  0x7e047cec      0x11c ../tools/GNU_Arm_Toolchain/arm-none-eabi/lib/thumb/v7/nofp/libc.a(lib_a-findfp.o)
                0x7e047cec                __sinit
 .text.__sfp_lock_acquire
                0x7e047e08        0xc ../tools/GNU_Arm_Toolchain/arm-none-eabi/lib/thumb/v7/nofp/libc.a(lib_a-findfp.o)
                0x7e047e08                __sfp_lock_acquire
 .text.__sfp_lock_release
                0x7e047e14        0xc ../tools/GNU_Arm_Toolchain/arm-none-eabi/lib/thumb/v7/nofp/libc.a(lib_a-findfp.o)
                0x7e047e14                __sfp_lock_release
 .text.__fputwc
                0x7e047e20       0xb4 ../tools/GNU_Arm_Toolchain/arm-none-eabi/lib/thumb/v7/nofp/libc.a(lib_a-fputwc.o)
                0x7e047e20                __fputwc
 .text._fputwc_r
                0x7e047ed4       0x6c ../tools/GNU_Arm_Toolchain/arm-none-eabi/lib/thumb/v7/nofp/libc.a(lib_a-fputwc.o)
                0x7e047ed4                _fputwc_r
 .text.__sfvwrite_r
                0x7e047f40      0x2f4 ../tools/GNU_Arm_Toolchain/arm-none-eabi/lib/thumb/v7/nofp/libc.a(lib_a-fvwrite.o)
                0x7e047f40                __sfvwrite_r
 .text._fwalk_reent
                0x7e048234       0x40 ../tools/GNU_Arm_Toolchain/arm-none-eabi/lib/thumb/v7/nofp/libc.a(lib_a-fwalk.o)
                0x7e048234                _fwalk_reent
 .text.__smakebuf_r
                0x7e048274       0xe4 ../tools/GNU_Arm_Toolchain/arm-none-eabi/lib/thumb/v7/nofp/libc.a(lib_a-makebuf.o)
                0x7e048274                __smakebuf_r
 .text.raise    0x7e048358       0x5c ../tools/GNU_Arm_Toolchain/arm-none-eabi/lib/thumb/v7/nofp/libc.a(lib_a-signal.o)
                0x7e048358                raise
 .text._kill_r  0x7e0483b4       0x2c ../tools/GNU_Arm_Toolchain/arm-none-eabi/lib/thumb/v7/nofp/libc.a(lib_a-signalr.o)
                0x7e0483b4                _kill_r
 .text._getpid_r
                0x7e0483e0        0x4 ../tools/GNU_Arm_Toolchain/arm-none-eabi/lib/thumb/v7/nofp/libc.a(lib_a-signalr.o)
                0x7e0483e0                _getpid_r
 .text.__sread  0x7e0483e4       0x24 ../tools/GNU_Arm_Toolchain/arm-none-eabi/lib/thumb/v7/nofp/libc.a(lib_a-stdio.o)
                0x7e0483e4                __sread
 .text.__swrite
                0x7e048408       0x40 ../tools/GNU_Arm_Toolchain/arm-none-eabi/lib/thumb/v7/nofp/libc.a(lib_a-stdio.o)
                0x7e048408                __swrite
 .text.__sseek  0x7e048448       0x20 ../tools/GNU_Arm_Toolchain/arm-none-eabi/lib/thumb/v7/nofp/libc.a(lib_a-stdio.o)
                0x7e048448                __sseek
 .text.__sclose
                0x7e048468        0x8 ../tools/GNU_Arm_Toolchain/arm-none-eabi/lib/thumb/v7/nofp/libc.a(lib_a-stdio.o)
                0x7e048468                __sclose
 .text.__swbuf_r
                0x7e048470       0xb0 ../tools/GNU_Arm_Toolchain/arm-none-eabi/lib/thumb/v7/nofp/libc.a(lib_a-wbuf.o)
                0x7e048470                __swbuf_r
 .text._wcrtomb_r
                0x7e048520       0x3c ../tools/GNU_Arm_Toolchain/arm-none-eabi/lib/thumb/v7/nofp/libc.a(lib_a-wcrtomb.o)
                0x7e048520                _wcrtomb_r
 .text._write_r
                0x7e04855c       0x30 ../tools/GNU_Arm_Toolchain/arm-none-eabi/lib/thumb/v7/nofp/libc.a(lib_a-writer.o)
                0x7e04855c                _write_r
 .text._close_r
                0x7e04858c       0x28 ../tools/GNU_Arm_Toolchain/arm-none-eabi/lib/thumb/v7/nofp/libc.a(lib_a-closer.o)
                0x7e04858c                _close_r
 .text._fclose_r
                0x7e0485b4       0xcc ../tools/GNU_Arm_Toolchain/arm-none-eabi/lib/thumb/v7/nofp/libc.a(lib_a-fclose.o)
                0x7e0485b4                _fclose_r
 .text._fstat_r
                0x7e048680       0x2c ../tools/GNU_Arm_Toolchain/arm-none-eabi/lib/thumb/v7/nofp/libc.a(lib_a-fstatr.o)
                0x7e048680                _fstat_r
 .text._isatty_r
                0x7e0486ac       0x28 ../tools/GNU_Arm_Toolchain/arm-none-eabi/lib/thumb/v7/nofp/libc.a(lib_a-isattyr.o)
                0x7e0486ac                _isatty_r
 .text._lseek_r
                0x7e0486d4       0x30 ../tools/GNU_Arm_Toolchain/arm-none-eabi/lib/thumb/v7/nofp/libc.a(lib_a-lseekr.o)
                0x7e0486d4                _lseek_r
 .text._read_r  0x7e048704       0x30 ../tools/GNU_Arm_Toolchain/arm-none-eabi/lib/thumb/v7/nofp/libc.a(lib_a-readr.o)
                0x7e048704                _read_r
 .text._close   0x7e048734       0x14 ../tools/GNU_Arm_Toolchain/arm-none-eabi/lib/thumb/v7/nofp/libnosys.a(close.o)
                0x7e048734                _close
 .text._fstat   0x7e048748       0x14 ../tools/GNU_Arm_Toolchain/arm-none-eabi/lib/thumb/v7/nofp/libnosys.a(fstat.o)
                0x7e048748                _fstat
 .text._getpid  0x7e04875c       0x14 ../tools/GNU_Arm_Toolchain/arm-none-eabi/lib/thumb/v7/nofp/libnosys.a(getpid.o)
                0x7e04875c                _getpid
 .text._isatty  0x7e048770       0x10 ../tools/GNU_Arm_Toolchain/arm-none-eabi/lib/thumb/v7/nofp/libnosys.a(isatty.o)
                0x7e048770                _isatty
 .text._kill    0x7e048780       0x14 ../tools/GNU_Arm_Toolchain/arm-none-eabi/lib/thumb/v7/nofp/libnosys.a(kill.o)
                0x7e048780                _kill
 .text._lseek   0x7e048794       0x14 ../tools/GNU_Arm_Toolchain/arm-none-eabi/lib/thumb/v7/nofp/libnosys.a(lseek.o)
                0x7e048794                _lseek
 .text._read    0x7e0487a8       0x14 ../tools/GNU_Arm_Toolchain/arm-none-eabi/lib/thumb/v7/nofp/libnosys.a(read.o)
                0x7e0487a8                _read
 .text._sbrk    0x7e0487bc       0x20 ../tools/GNU_Arm_Toolchain/arm-none-eabi/lib/thumb/v7/nofp/libnosys.a(sbrk.o)
                0x7e0487bc                _sbrk
 .text._write   0x7e0487dc       0x14 ../tools/GNU_Arm_Toolchain/arm-none-eabi/lib/thumb/v7/nofp/libnosys.a(write.o)
                0x7e0487dc                _write
 .text._exit    0x7e0487f0        0x4 ../tools/GNU_Arm_Toolchain/arm-none-eabi/lib/thumb/v7/nofp/libnosys.a(_exit.o)
                0x7e0487f0                _exit
 *fill*         0x7e0487f4        0x4 
 .text          0x7e0487f8      0x278 ../tools/GNU_Arm_Toolchain/lib/gcc/arm-none-eabi/10.3.1/thumb/v7/nofp/libgcc.a(_udivsi3.o)
                0x7e0487f8                __aeabi_uidiv
                0x7e0487f8                __udivsi3
                0x7e048a54                __aeabi_uidivmod
 .text          0x7e048a70      0x2b0 ../tools/GNU_Arm_Toolchain/lib/gcc/arm-none-eabi/10.3.1/thumb/v7/nofp/libgcc.a(_divsi3.o)
                0x7e048a70                __divsi3
                0x7e048a70                __aeabi_idiv
                0x7e048d04                __aeabi_idivmod
 .text          0x7e048d20        0x4 ../tools/GNU_Arm_Toolchain/lib/gcc/arm-none-eabi/10.3.1/thumb/v7/nofp/libgcc.a(_dvmd_tls.o)
                0x7e048d20                __aeabi_idiv0
                0x7e048d20                __aeabi_ldiv0
 .text          0x7e048d24      0x378 ../tools/GNU_Arm_Toolchain/lib/gcc/arm-none-eabi/10.3.1/thumb/v7/nofp/libgcc.a(_arm_addsubdf3.o)
                0x7e048d24                __aeabi_drsub
                0x7e048d2c                __aeabi_dsub
                0x7e048d2c                __subdf3
                0x7e048d30                __aeabi_dadd
                0x7e048d30                __adddf3
                0x7e048fa8                __floatunsidf
                0x7e048fa8                __aeabi_ui2d
                0x7e048fc8                __floatsidf
                0x7e048fc8                __aeabi_i2d
                0x7e048fec                __aeabi_f2d
                0x7e048fec                __extendsfdf2
                0x7e049030                __floatundidf
                0x7e049030                __aeabi_ul2d
                0x7e049040                __floatdidf
                0x7e049040                __aeabi_l2d
 .text          0x7e04909c      0x424 ../tools/GNU_Arm_Toolchain/lib/gcc/arm-none-eabi/10.3.1/thumb/v7/nofp/libgcc.a(_arm_muldivdf3.o)
                0x7e04909c                __aeabi_dmul
                0x7e04909c                __muldf3
                0x7e0492f0                __divdf3
                0x7e0492f0                __aeabi_ddiv
 .text          0x7e0494c0      0x110 ../tools/GNU_Arm_Toolchain/lib/gcc/arm-none-eabi/10.3.1/thumb/v7/nofp/libgcc.a(_arm_cmpdf2.o)
                0x7e0494c0                __gtdf2
                0x7e0494c0                __gedf2
                0x7e0494c8                __ltdf2
                0x7e0494c8                __ledf2
                0x7e0494d0                __nedf2
                0x7e0494d0                __eqdf2
                0x7e0494d0                __cmpdf2
                0x7e04954c                __aeabi_cdrcmple
                0x7e04955c                __aeabi_cdcmpeq
                0x7e04955c                __aeabi_cdcmple
                0x7e04956c                __aeabi_dcmpeq
                0x7e049580                __aeabi_dcmplt
                0x7e049594                __aeabi_dcmple
                0x7e0495a8                __aeabi_dcmpge
                0x7e0495bc                __aeabi_dcmpgt
 .text          0x7e0495d0       0x2c ../tools/GNU_Arm_Toolchain/lib/gcc/arm-none-eabi/10.3.1/thumb/v7/nofp/libgcc.a(_arm_unorddf2.o)
                0x7e0495d0                __unorddf2
                0x7e0495d0                __aeabi_dcmpun
 .text          0x7e0495fc       0x50 ../tools/GNU_Arm_Toolchain/lib/gcc/arm-none-eabi/10.3.1/thumb/v7/nofp/libgcc.a(_arm_fixdfsi.o)
                0x7e0495fc                __aeabi_d2iz
                0x7e0495fc                __fixdfsi
 .text          0x7e04964c       0x30 ../tools/GNU_Arm_Toolchain/lib/gcc/arm-none-eabi/10.3.1/thumb/v7/nofp/libgcc.a(_aeabi_uldivmod.o)
                0x7e04964c                __aeabi_uldivmod
 .text          0x7e04967c      0x108 ../tools/GNU_Arm_Toolchain/lib/gcc/arm-none-eabi/10.3.1/thumb/v7/nofp/libgcc.a(_udivmoddi4.o)
                0x7e04967c                __udivmoddi4

.glue_7         0x7e049784        0x0
 .glue_7        0x7e049784        0x0 linker stubs

.glue_7t        0x7e049784        0x0
 .glue_7t       0x7e049784        0x0 linker stubs

.vfp11_veneer   0x7e049784        0x0
 .vfp11_veneer  0x7e049784        0x0 linker stubs

.v4_bx          0x7e049784        0x0
 .v4_bx         0x7e049784        0x0 linker stubs

.iplt           0x7e049784        0x0
 .iplt          0x7e049784        0x0 CMakeFiles/nwy_open_app.dir/E_/projects/DevelopmentLevelCode/Neoway_N706B/Code/OsUartPmTest/src/hal/os/nwy_hal_os.obj

i.nwy_open_app_env_init
                0x7e049784       0x1c
 i.nwy_open_app_env_init
                0x7e049784       0x1c ../build/nwy_open_stub.a(nwy_open_stub.o)

i.nwy_strncmp   0x7e0497a0       0x2c
 i.nwy_strncmp  0x7e0497a0       0x2c ../build/nwy_open_stub.a(nwy_open_stub.o)

i.nwy_open_app_sdk_load
                0x7e0497cc       0x7c
 i.nwy_open_app_sdk_load
                0x7e0497cc       0x7c ../build/nwy_open_stub.a(nwy_open_stub.o)

i.__nwy_open_app_entry
                0x7e049848       0x1e
 i.__nwy_open_app_entry
                0x7e049848       0x1e ../build/nwy_open_stub.a(nwy_open_stub.o)

.rodata         0x7e049868      0x935
 *(.rodata*)
 .rodata.nwy_hal_pm_get_boot_reason_str.str1.1
                0x7e049868       0x3c CMakeFiles/nwy_open_app.dir/E_/projects/DevelopmentLevelCode/Neoway_N706B/Code/OsUartPmTest/src/hal/pm/nwy_hal_pm.obj
 .rodata.heartbeat_timer_callback.str1.1
                0x7e0498a4       0x20 CMakeFiles/nwy_open_app.dir/E_/projects/DevelopmentLevelCode/Neoway_N706B/Code/OsUartPmTest/src/main.obj
 .rodata.usb_printf.str1.1
                0x7e0498c4       0x20 CMakeFiles/nwy_open_app.dir/E_/projects/DevelopmentLevelCode/Neoway_N706B/Code/OsUartPmTest/src/main.obj
                                  0x3 (size before relaxing)
 .rodata.main_monitor_task.str1.1
                0x7e0498c4      0x1b7 CMakeFiles/nwy_open_app.dir/E_/projects/DevelopmentLevelCode/Neoway_N706B/Code/OsUartPmTest/src/main.obj
                                0x1e8 (size before relaxing)
 .rodata.test_uart_rx_cb.str1.1
                0x7e049a7b      0x2d0 CMakeFiles/nwy_open_app.dir/E_/projects/DevelopmentLevelCode/Neoway_N706B/Code/OsUartPmTest/src/main.obj
 .rodata.nwy_open_app_entry.str1.1
                0x7e049d4b       0x5a CMakeFiles/nwy_open_app.dir/E_/projects/DevelopmentLevelCode/Neoway_N706B/Code/OsUartPmTest/src/main.obj
 *fill*         0x7e049da5        0x3 
 .rodata._svfprintf_r.str1.4
                0x7e049da8       0x42 ../tools/GNU_Arm_Toolchain/arm-none-eabi/lib/thumb/v7/nofp/libc.a(lib_a-svfprintf.o)
 *fill*         0x7e049dea        0x2 
 .rodata.blanks.1
                0x7e049dec       0x10 ../tools/GNU_Arm_Toolchain/arm-none-eabi/lib/thumb/v7/nofp/libc.a(lib_a-svfprintf.o)
 .rodata.zeroes.0
                0x7e049dfc       0x10 ../tools/GNU_Arm_Toolchain/arm-none-eabi/lib/thumb/v7/nofp/libc.a(lib_a-svfprintf.o)
 .rodata._dtoa_r.str1.4
                0x7e049e0c       0xa1 ../tools/GNU_Arm_Toolchain/arm-none-eabi/lib/thumb/v7/nofp/libc.a(lib_a-dtoa.o)
                                 0xa5 (size before relaxing)
 *fill*         0x7e049ead        0x3 
 .rodata.__multadd.str1.4
                0x7e049eb0       0x7e ../tools/GNU_Arm_Toolchain/arm-none-eabi/lib/thumb/v7/nofp/libc.a(lib_a-mprec.o)
                                 0x92 (size before relaxing)
 *fill*         0x7e049f2e        0x2 
 .rodata.__mprec_bigtens
                0x7e049f30       0x28 ../tools/GNU_Arm_Toolchain/arm-none-eabi/lib/thumb/v7/nofp/libc.a(lib_a-mprec.o)
                0x7e049f30                __mprec_bigtens
 .rodata.__mprec_tens
                0x7e049f58       0xc8 ../tools/GNU_Arm_Toolchain/arm-none-eabi/lib/thumb/v7/nofp/libc.a(lib_a-mprec.o)
                0x7e049f58                __mprec_tens
 .rodata.p05.0  0x7e04a020        0xc ../tools/GNU_Arm_Toolchain/arm-none-eabi/lib/thumb/v7/nofp/libc.a(lib_a-mprec.o)
 .rodata.__assert_func.str1.4
                0x7e04a02c       0x3f ../tools/GNU_Arm_Toolchain/arm-none-eabi/lib/thumb/v7/nofp/libc.a(lib_a-assert.o)
                                 0x43 (size before relaxing)
 *fill*         0x7e04a06b        0x1 
 .rodata._setlocale_r.str1.4
                0x7e04a06c        0xa ../tools/GNU_Arm_Toolchain/arm-none-eabi/lib/thumb/v7/nofp/libc.a(lib_a-locale.o)
                                  0xd (size before relaxing)
 *fill*         0x7e04a076        0x2 
 .rodata.str1.4
                0x7e04a078        0x2 ../tools/GNU_Arm_Toolchain/arm-none-eabi/lib/thumb/v7/nofp/libc.a(lib_a-locale.o)
 .rodata._vfiprintf_r.str1.4
                0x7e04a07a       0x2f ../tools/GNU_Arm_Toolchain/arm-none-eabi/lib/thumb/v7/nofp/libc.a(lib_a-vfiprintf.o)
 *fill*         0x7e04a07a        0x2 
 .rodata.blanks.1
                0x7e04a07c       0x10 ../tools/GNU_Arm_Toolchain/arm-none-eabi/lib/thumb/v7/nofp/libc.a(lib_a-vfiprintf.o)
 .rodata.zeroes.0
                0x7e04a08c       0x10 ../tools/GNU_Arm_Toolchain/arm-none-eabi/lib/thumb/v7/nofp/libc.a(lib_a-vfiprintf.o)
 .rodata._ctype_
                0x7e04a09c      0x101 ../tools/GNU_Arm_Toolchain/arm-none-eabi/lib/thumb/v7/nofp/libc.a(lib_a-ctype_.o)
                0x7e04a09c                _ctype_

.conststrlit    0x7e04a19d     0x1de3
 .conststrlit   0x7e04a19d     0x1de3 ../build/nwy_open_stub.a(nwy_open_stub.o)

.ARM.exidx      0x7e04bf80        0x8
 .ARM.exidx     0x7e04bf80        0x8 ../tools/GNU_Arm_Toolchain/lib/gcc/arm-none-eabi/10.3.1/thumb/v7/nofp/libgcc.a(_udivmoddi4.o)

.rel.dyn        0x7e04bf88        0x0
 .rel.iplt      0x7e04bf88        0x0 CMakeFiles/nwy_open_app.dir/E_/projects/DevelopmentLevelCode/Neoway_N706B/Code/OsUartPmTest/src/hal/os/nwy_hal_os.obj

nwy_open_api_import
                0x7e04bf88      0xc18
                0x7e04bf88                PROVIDE (nwy_open_api_import$$Base = .)
 *(nwy_open_api_import)
 nwy_open_api_import
                0x7e04bf88      0xc18 ../build/nwy_open_stub.a(nwy_open_stub.o)
                [!provide]                PROVIDE (nwy_open_api_import$$End = .)
                0x00000c18                nwy_open_api_import$$Length = SIZEOF (nwy_open_api_import)

.data           0x7e04cba0      0xfbc
 *(.data*)
 .data.g_uart_fd
                0x7e04cba0        0x4 CMakeFiles/nwy_open_app.dir/E_/projects/DevelopmentLevelCode/Neoway_N706B/Code/OsUartPmTest/src/main.obj
 .data          0x7e04cba4      0x60c ../build/nwy_open_stub.a(nwy_open_stub.o)
                0x7e04cba4                nwy_sdk_log_printf_ptr
                0x7e04cba8                nwy_thread_create_ptr
                0x7e04cbac                nwy_thread_get_current_ptr
                0x7e04cbb0                nwy_thread_set_priority_ptr
                0x7e04cbb4                nwy_thread_get_priority_ptr
                0x7e04cbb8                nwy_thread_suspend_ptr
                0x7e04cbbc                nwy_thread_resume_ptr
                0x7e04cbc0                nwy_thread_exit_ptr
                0x7e04cbc4                nwy_thread_sleep_ptr
                0x7e04cbc8                nwy_thread_usleep_ptr
                0x7e04cbcc                nwy_thread_event_send_ptr
                0x7e04cbd0                nwy_thread_event_front_send_ptr
                0x7e04cbd4                nwy_thread_event_wait_ptr
                0x7e04cbd8                nwy_thread_pendingevt_num_get_ptr
                0x7e04cbdc                nwy_thread_spaceevt_cnt_get_ptr
                0x7e04cbe0                nwy_thread_info_get_ptr
                0x7e04cbe4                nwy_thread_list_get_ptr
                0x7e04cbe8                nwy_thread_runtime_stats_get_ptr
                0x7e04cbec                nwy_msg_queue_create_ptr
                0x7e04cbf0                nwy_msg_queue_delete_ptr
                0x7e04cbf4                nwy_msg_queue_send_ptr
                0x7e04cbf8                nwy_msg_queue_front_send_ptr
                0x7e04cbfc                nwy_msg_queue_recv_ptr
                0x7e04cc00                nwy_msg_queue_pending_num_get_ptr
                0x7e04cc04                nwy_msg_queue_space_num_get_ptr
                0x7e04cc08                nwy_sdk_mutex_create_ptr
                0x7e04cc0c                nwy_sdk_mutex_lock_ptr
                0x7e04cc10                nwy_sdk_mutex_unlock_ptr
                0x7e04cc14                nwy_sdk_mutex_delete_ptr
                0x7e04cc18                nwy_semaphore_create_ptr
                0x7e04cc1c                nwy_semaphore_acquire_ptr
                0x7e04cc20                nwy_semahpore_release_ptr
                0x7e04cc24                nwy_semahpore_delete_ptr
                0x7e04cc28                nwy_semahpore_count_get_ptr
                0x7e04cc2c                nwy_sdk_timer_create_ptr
                0x7e04cc30                nwy_sdk_timer_destory_ptr
                0x7e04cc34                nwy_sdk_timer_start_ptr
                0x7e04cc38                nwy_sdk_timer_status_get_ptr
                0x7e04cc3c                nwy_sdk_timer_stop_ptr
                0x7e04cc40                nwy_uptime_get_ptr
                0x7e04cc44                nwy_date_set_ptr
                0x7e04cc48                nwy_date_get_ptr
                0x7e04cc4c                nwy_sys_timestamp_set_ptr
                0x7e04cc50                nwy_sys_timestamp_get_ptr
                0x7e04cc54                nwy_sys_timezone_set_ptr
                0x7e04cc58                nwy_timestamp_to_date_ptr
                0x7e04cc5c                nwy_date_to_timestamp_ptr
                0x7e04cc60                nwy_socket_errno_ptr
                0x7e04cc64                nwy_socket_open_ptr
                0x7e04cc68                nwy_socket_send_ptr
                0x7e04cc6c                nwy_socket_recv_ptr
                0x7e04cc70                nwy_socket_sendto_ptr
                0x7e04cc74                nwy_socket_recvfrom_ptr
                0x7e04cc78                nwy_socket_setsockopt_ptr
                0x7e04cc7c                nwy_socket_getsockopt_ptr
                0x7e04cc80                nwy_socket_gethost_by_name_ptr
                0x7e04cc84                nwy_socket_close_ptr
                0x7e04cc88                nwy_socket_shutdown_ptr
                0x7e04cc8c                nwy_socket_connect_ptr
                0x7e04cc90                nwy_socket_lport_bind_ptr
                0x7e04cc94                nwy_socket_bind_ptr
                0x7e04cc98                nwy_socket_listen_ptr
                0x7e04cc9c                nwy_socket_accept_ptr
                0x7e04cca0                nwy_socket_get_state_ptr
                0x7e04cca4                nwy_socket_select_ptr
                0x7e04cca8                nwy_socket_set_nonblock_ptr
                0x7e04ccac                nwy_socket_set_reuseaddr_ptr
                0x7e04ccb0                nwy_socket_set_nodelay_ptr
                0x7e04ccb4                nwy_socket_set_keepalive_ptr
                0x7e04ccb8                nwy_socket_set_linger_ptr
                0x7e04ccbc                nwy_socket_get_ack_ptr
                0x7e04ccc0                nwy_socket_get_sent_ptr
                0x7e04ccc4                nwy_socket_inet_ntop_ptr
                0x7e04ccc8                nwy_socket_inet_pton_ptr
                0x7e04cccc                nwy_socket_htons_ptr
                0x7e04ccd0                nwy_socket_ntohs_ptr
                0x7e04ccd4                nwy_socket_htonl_ptr
                0x7e04ccd8                nwy_socket_ntohl_ptr
                0x7e04ccdc                nwy_usb_serial_send_ptr
                0x7e04cce0                nwy_usb_serial_reg_recv_cb_ptr
                0x7e04cce4                malloc_ptr
                0x7e04cce8                calloc_ptr
                0x7e04ccec                realloc_ptr
                0x7e04ccf0                free_ptr
                0x7e04ccf4                nwy_file_open_ptr
                0x7e04ccf8                nwy_file_read_ptr
                0x7e04ccfc                nwy_file_write_ptr
                0x7e04cd00                nwy_file_tell_ptr
                0x7e04cd04                nwy_file_seek_ptr
                0x7e04cd08                nwy_file_path_size_ptr
                0x7e04cd0c                nwy_file_fd_size_ptr
                0x7e04cd10                nwy_file_exist_ptr
                0x7e04cd14                nwy_file_remove_ptr
                0x7e04cd18                nwy_file_rename_ptr
                0x7e04cd1c                nwy_file_sync_ptr
                0x7e04cd20                nwy_file_fd_trunc_ptr
                0x7e04cd24                nwy_file_path_trunc_ptr
                0x7e04cd28                nwy_file_path_stat_get_ptr
                0x7e04cd2c                nwy_file_fd_stat_get_ptr
                0x7e04cd30                nwy_file_close_ptr
                0x7e04cd34                nwy_dir_mk_ptr
                0x7e04cd38                nwy_dir_rm_ptr
                0x7e04cd3c                nwy_dir_recursive_rm_ptr
                0x7e04cd40                nwy_dir_open_ptr
                0x7e04cd44                nwy_dir_close_ptr
                0x7e04cd48                nwy_dir_read_ptr
                0x7e04cd4c                nwy_dir_tell_ptr
                0x7e04cd50                nwy_dir_seek_ptr
                0x7e04cd54                nwy_dir_rewind_ptr
                0x7e04cd58                nwy_vfs_free_size_get_ptr
                0x7e04cd5c                nwy_dm_dev_model_get_ptr
                0x7e04cd60                nwy_dm_inner_version_get_ptr
                0x7e04cd64                nwy_dm_open_sdk_version_get_ptr
                0x7e04cd68                nwy_dm_hw_version_get_ptr
                0x7e04cd6c                nwy_dm_rftemperature_get_ptr
                0x7e04cd70                nwy_dm_sn_get_ptr
                0x7e04cd74                nwy_dm_imei_get_ptr
                0x7e04cd78                nwy_dm_app_version_set_ptr
                0x7e04cd7c                nwy_dm_imei_set_ptr
                0x7e04cd80                nwy_dm_heapinfo_ptr
                0x7e04cd84                nwy_dm_nvinfo_get_ptr
                0x7e04cd88                nwy_ftp_login_ptr
                0x7e04cd8c                nwy_ftp_logout_ptr
                0x7e04cd90                nwy_ftp_get_ptr
                0x7e04cd94                nwy_ftp_put_ptr
                0x7e04cd98                nwy_ftp_get_filesize_ptr
                0x7e04cd9c                nwy_ftp_del_file_ptr
                0x7e04cda0                nwy_http_setup_ptr
                0x7e04cda4                nwy_http_get_ptr
                0x7e04cda8                nwy_http_head_ptr
                0x7e04cdac                nwy_http_post_ptr
                0x7e04cdb0                nwy_http_put_ptr
                0x7e04cdb4                nwy_http_open_mode_ptr
                0x7e04cdb8                nwy_http_close_ptr
                0x7e04cdbc                nwy_sntp_get_time_ptr
                0x7e04cdc0                nwy_sim_imsi_get_ptr
                0x7e04cdc4                nwy_sim_iccid_get_ptr
                0x7e04cdc8                nwy_sim_status_get_ptr
                0x7e04cdcc                nwy_sim_pin_verify_ptr
                0x7e04cdd0                nwy_sim_pin_unlock_ptr
                0x7e04cdd4                nwy_sim_pin_mode_get_ptr
                0x7e04cdd8                nwy_sim_pin_enable_ptr
                0x7e04cddc                nwy_sim_pin_disable_ptr
                0x7e04cde0                nwy_sim_pin_change_ptr
                0x7e04cde4                nwy_sim_pin_times_get_ptr
                0x7e04cde8                nwy_sim_msisdn_get_ptr
                0x7e04cdec                nwy_sim_slot_set_ptr
                0x7e04cdf0                nwy_sim_slot_get_ptr
                0x7e04cdf4                nwy_sim_reset_ptr
                0x7e04cdf8                nwy_sim_power_set_ptr
                0x7e04cdfc                nwy_sim_detect_set_ptr
                0x7e04ce00                nwy_sim_csim_ptr
                0x7e04ce04                nwy_sim_urc_reg_ptr
                0x7e04ce08                nwy_sim_urc_unreg_ptr
                0x7e04ce0c                nwy_pm_ctrl_ptr
                0x7e04ce10                nwy_pm_state_set_ptr
                0x7e04ce14                nwy_bootup_alarm_set_ptr
                0x7e04ce18                nwy_bootup_alarm_del_ptr
                0x7e04ce1c                nwy_power_state_ptr
                0x7e04ce20                nwy_pm_boot_res_ptr
                0x7e04ce24                nwy_loc_navigation_start_ptr
                0x7e04ce28                nwy_loc_navigation_stop_ptr
                0x7e04ce2c                nwy_loc_navigation_reset_ptr
                0x7e04ce30                nwy_loc_recv_cb_reg_ptr
                0x7e04ce34                nwy_loc_mode_set_ptr
                0x7e04ce38                nwy_loc_startup_set_ptr
                0x7e04ce3c                nwy_loc_rate_set_ptr
                0x7e04ce40                nwy_loc_cfg_nmea_type_ptr
                0x7e04ce44                nwy_loc_nmea_get_ptr
                0x7e04ce48                nwy_loc_nmea_parse_ptr
                0x7e04ce4c                nwy_loc_agnss_start_ptr
                0x7e04ce50                nwy_loc_param_set_ptr
                0x7e04ce54                nwy_loc_param_get_ptr
                0x7e04ce58                nwy_data_reg_cb_ptr
                0x7e04ce5c                nwy_data_unreg_cb_ptr
                0x7e04ce60                nwy_data_call_start_ptr
                0x7e04ce64                nwy_data_call_stop_ptr
                0x7e04ce68                nwy_data_profile_get_ptr
                0x7e04ce6c                nwy_data_profile_set_ptr
                0x7e04ce70                nwy_data_auto_connect_set_ptr
                0x7e04ce74                nwy_data_call_info_get_ptr
                0x7e04ce78                nwy_data_flow_info_get_ptr
                0x7e04ce7c                nwy_data_eps_dyn_apn_get_ptr
                0x7e04ce80                nwy_data_dhcp_get_ptr
                0x7e04ce84                nwy_data_dhcp_set_ptr
                0x7e04ce88                nwy_data_dns_info_get_ptr
                0x7e04ce8c                nwy_data_get_capability_ptr
                0x7e04ce90                mbedtls_ssl_conf_max_version_ptr
                0x7e04ce94                mbedtls_ssl_conf_min_version_ptr
                0x7e04ce98                mbedtls_ssl_conf_authmode_ptr
                0x7e04ce9c                mbedtls_ssl_conf_ca_chain_ptr
                0x7e04cea0                mbedtls_ssl_conf_own_cert_ptr
                0x7e04cea4                mbedtls_ssl_conf_rng_ptr
                0x7e04cea8                mbedtls_ssl_conf_dbg_ptr
                0x7e04ceac                mbedtls_ssl_setup_ptr
                0x7e04ceb0                mbedtls_ssl_set_hostname_ptr
                0x7e04ceb4                mbedtls_ssl_set_bio_ptr
                0x7e04ceb8                mbedtls_ssl_handshake_ptr
                0x7e04cebc                mbedtls_ssl_get_verify_result_ptr
                0x7e04cec0                mbedtls_net_connect_ptr
                0x7e04cec4                mbedtls_net_init_ptr
                0x7e04cec8                mbedtls_net_bind_ptr
                0x7e04cecc                mbedtls_net_accept_ptr
                0x7e04ced0                mbedtls_net_poll_ptr
                0x7e04ced4                mbedtls_net_set_block_ptr
                0x7e04ced8                mbedtls_net_set_nonblock_ptr
                0x7e04cedc                mbedtls_net_usleep_ptr
                0x7e04cee0                mbedtls_net_recv_ptr
                0x7e04cee4                mbedtls_net_send_ptr
                0x7e04cee8                mbedtls_net_recv_timeout_ptr
                0x7e04ceec                mbedtls_net_free_ptr
                0x7e04cef0                mbedtls_pk_init_ptr
                0x7e04cef4                mbedtls_pk_free_ptr
                0x7e04cef8                mbedtls_ssl_init_ptr
                0x7e04cefc                mbedtls_ssl_read_ptr
                0x7e04cf00                mbedtls_ssl_write_ptr
                0x7e04cf04                mbedtls_ssl_send_alert_message_ptr
                0x7e04cf08                mbedtls_ssl_close_notify_ptr
                0x7e04cf0c                mbedtls_ssl_free_ptr
                0x7e04cf10                mbedtls_ssl_config_init_ptr
                0x7e04cf14                mbedtls_ssl_config_defaults_ptr
                0x7e04cf18                mbedtls_ssl_config_free_ptr
                0x7e04cf1c                mbedtls_ssl_session_init_ptr
                0x7e04cf20                mbedtls_ssl_session_free_ptr
                0x7e04cf24                mbedtls_ssl_conf_read_timeout_ptr
                0x7e04cf28                mbedtls_ssl_set_timer_cb_ptr
                0x7e04cf2c                mbedtls_platform_set_calloc_free_ptr
                0x7e04cf30                mbedtls_x509_crt_parse_der_ptr
                0x7e04cf34                mbedtls_x509_crt_parse_ptr
                0x7e04cf38                mbedtls_x509_crt_info_ptr
                0x7e04cf3c                mbedtls_x509_crt_verify_info_ptr
                0x7e04cf40                mbedtls_x509_crt_verify_ptr
                0x7e04cf44                mbedtls_x509_crt_verify_with_profile_ptr
                0x7e04cf48                mbedtls_x509_crt_verify_restartable_ptr
                0x7e04cf4c                mbedtls_x509_crt_init_ptr
                0x7e04cf50                mbedtls_x509_crt_free_ptr
                0x7e04cf54                mbedtls_pk_parse_key_ptr
                0x7e04cf58                mbedtls_entropy_free_ptr
                0x7e04cf5c                mbedtls_entropy_init_ptr
                0x7e04cf60                mbedtls_entropy_func_ptr
                0x7e04cf64                mbedtls_ctr_drbg_random_ptr
                0x7e04cf68                mbedtls_ctr_drbg_free_ptr
                0x7e04cf6c                mbedtls_ctr_drbg_seed_ptr
                0x7e04cf70                mbedtls_ctr_drbg_init_ptr
                0x7e04cf74                mbedtls_ssl_get_bytes_avail_ptr
                0x7e04cf78                mbedtls_ssl_conf_ciphersuites_ptr
                0x7e04cf7c                mbedtls_sha1_init_ptr
                0x7e04cf80                mbedtls_sha1_update_ptr
                0x7e04cf84                mbedtls_sha1_finish_ptr
                0x7e04cf88                mbedtls_base64_encode_ptr
                0x7e04cf8c                mbedtls_ssl_session_reset_ptr
                0x7e04cf90                mbedtls_pk_get_type_ptr
                0x7e04cf94                mbedtls_ssl_conf_renegotiation_ptr
                0x7e04cf98                mbedtls_ssl_set_session_ptr
                0x7e04cf9c                mbedtls_aes_init_ptr
                0x7e04cfa0                mbedtls_aes_free_ptr
                0x7e04cfa4                mbedtls_aes_xts_init_ptr
                0x7e04cfa8                mbedtls_aes_xts_free_ptr
                0x7e04cfac                mbedtls_aes_setkey_enc_ptr
                0x7e04cfb0                mbedtls_aes_setkey_dec_ptr
                0x7e04cfb4                mbedtls_aes_xts_setkey_enc_ptr
                0x7e04cfb8                mbedtls_aes_xts_setkey_dec_ptr
                0x7e04cfbc                mbedtls_aes_crypt_ecb_ptr
                0x7e04cfc0                mbedtls_aes_crypt_cbc_ptr
                0x7e04cfc4                mbedtls_aes_crypt_xts_ptr
                0x7e04cfc8                mbedtls_aes_crypt_cfb128_ptr
                0x7e04cfcc                mbedtls_aes_crypt_cfb8_ptr
                0x7e04cfd0                mbedtls_aes_crypt_ofb_ptr
                0x7e04cfd4                mbedtls_aes_crypt_ctr_ptr
                0x7e04cfd8                nwy_ssl_version_info_get_ptr
                0x7e04cfdc                mbedtls_internal_aes_encrypt_ptr
                0x7e04cfe0                mbedtls_internal_aes_decrypt_ptr
                0x7e04cfe4                psa_crypto_init_ptr
                0x7e04cfe8                nwy_usb_net_mode_set_ptr
                0x7e04cfec                nwy_usb_net_mode_get_ptr
                0x7e04cff0                nwy_i2c_init_ptr
                0x7e04cff4                nwy_i2c_read_ptr
                0x7e04cff8                nwy_i2c_write_ptr
                0x7e04cffc                nwy_i2c_deinit_ptr
                0x7e04d000                nwy_i2c_raw_get_byte_ptr
                0x7e04d004                nwy_i2c_raw_put_byte_ptr
                0x7e04d008                nwy_spi_init_ptr
                0x7e04d00c                nwy_spi_cs_cfg_ptr
                0x7e04d010                nwy_spi_transfer_ptr
                0x7e04d014                nwy_spi_deinit_ptr
                0x7e04d018                nwy_spi_read_ptr
                0x7e04d01c                nwy_spi_write_ptr
                0x7e04d020                nwy_sms_option_init_ptr
                0x7e04d024                nwy_sms_storage_set_ptr
                0x7e04d028                nwy_sms_storage_get_ptr
                0x7e04d02c                nwy_sms_report_set_ptr
                0x7e04d030                nwy_sms_sca_set_ptr
                0x7e04d034                nwy_sms_sca_get_ptr
                0x7e04d038                nwy_sms_msg_send_ptr
                0x7e04d03c                nwy_sms_recv_cb_reg_ptr
                0x7e04d040                nwy_sms_recv_cb_unreg_ptr
                0x7e04d044                nwy_sms_msg_del_ptr
                0x7e04d048                nwy_sms_msg_read_ptr
                0x7e04d04c                nwy_sms_msg_del_ext_ptr
                0x7e04d050                nwy_sms_msg_list_read_ptr
                0x7e04d054                nwy_nw_mode_get_ptr
                0x7e04d058                nwy_nw_mode_set_ptr
                0x7e04d05c                nwy_nw_priband_get_ptr
                0x7e04d060                nwy_nw_priband_set_ptr
                0x7e04d064                nwy_nw_ims_get_ptr
                0x7e04d068                nwy_nw_ims_set_ptr
                0x7e04d06c                nwy_nw_radio_get_ptr
                0x7e04d070                nwy_nw_radio_set_ptr
                0x7e04d074                nwy_nw_config_get_ptr
                0x7e04d078                nwy_nw_config_set_ptr
                0x7e04d07c                nwy_nw_operator_get_ptr
                0x7e04d080                nwy_nw_csq_get_ptr
                0x7e04d084                nwy_nw_signal_get_ptr
                0x7e04d088                nwy_nw_regstatus_get_ptr
                0x7e04d08c                nwy_nw_cellinfo_get_ptr
                0x7e04d090                nwy_nw_lock_set_ptr
                0x7e04d094                nwy_nw_lock_get_ptr
                0x7e04d098                nwy_nw_manual_select_ptr
                0x7e04d09c                nwy_nw_scan_ptr
                0x7e04d0a0                nwy_nw_psm_get_ptr
                0x7e04d0a4                nwy_nw_psm_set_ptr
                0x7e04d0a8                nwy_nw_get_forbidden_plmn_ptr
                0x7e04d0ac                nwy_nw_reg_cb_ptr
                0x7e04d0b0                nwy_nw_unreg_cb_ptr
                0x7e04d0b4                nwy_get_time_zone_switch_ptr
                0x7e04d0b8                nwy_set_time_zone_switch_ptr
                0x7e04d0bc                nwy_dm_nwcfg_get_ptr
                0x7e04d0c0                nwy_dm_nwcfg_set_ptr
                0x7e04d0c4                nwy_virt_at_parameter_init_ptr
                0x7e04d0c8                nwy_virt_at_cmd_send_ptr
                0x7e04d0cc                nwy_virt_at_unsolicited_cb_reg_ptr
                0x7e04d0d0                nwy_virt_at_get_original_rsp_cb_ptr
                0x7e04d0d4                nwy_virt_at_forward_cb_ptr
                0x7e04d0d8                nwy_virt_at_forward_send_ptr
                0x7e04d0dc                nwy_pm_vbat_voltage_get_ptr
                0x7e04d0e0                nwy_ping_start_ptr
                0x7e04d0e4                NetworkInit_ptr
                0x7e04d0e8                NetworkConnect_ptr
                0x7e04d0ec                NetworkDisconnect_ptr
                0x7e04d0f0                MQTTClientInit_ptr
                0x7e04d0f4                MQTTConnect_ptr
                0x7e04d0f8                MQTTPublish_ptr
                0x7e04d0fc                MQTTSetMessageHandler_ptr
                0x7e04d100                MQTTSubscribe_ptr
                0x7e04d104                MQTTUnsubscribe_ptr
                0x7e04d108                MQTTDisconnect_ptr
                0x7e04d10c                MQTTYield_ptr
                0x7e04d110                MQTTIsConnected_ptr
                0x7e04d114                nwy_gpio_direction_get_ptr
                0x7e04d118                nwy_gpio_direction_set_ptr
                0x7e04d11c                nwy_gpio_value_get_ptr
                0x7e04d120                nwy_gpio_value_set_ptr
                0x7e04d124                nwy_gpio_pull_get_ptr
                0x7e04d128                nwy_gpio_pull_set_ptr
                0x7e04d12c                nwy_gpio_irq_register_ptr
                0x7e04d130                nwy_gpio_irq_enable_ptr
                0x7e04d134                nwy_gpio_irq_disable_ptr
                0x7e04d138                nwy_gpio_irq_wakeup_enable_ptr
                0x7e04d13c                nwy_gpio_irq_wakeup_disable_ptr
                0x7e04d140                nwy_gpio_close_ptr
                0x7e04d144                nwy_uart_open_ptr
                0x7e04d148                nwy_uart_read_ptr
                0x7e04d14c                nwy_uart_write_ptr
                0x7e04d150                nwy_uart_dcb_set_ptr
                0x7e04d154                nwy_uart_dcb_get_ptr
                0x7e04d158                nwy_uart_close_ptr
                0x7e04d15c                nwy_uart_rx_cb_register_ptr
                0x7e04d160                nwy_uart_tx_cb_register_ptr
                0x7e04d164                nwy_uart_rx_frame_timeout_set_ptr
                0x7e04d168                nwy_adc_get_ptr
                0x7e04d16c                nwy_dev_name_list_get_ptr
                0x7e04d170                nwy_sat_set_on_off_ptr
                0x7e04d174                nwy_sat_get_on_off_ptr
                0x7e04d178                nwy_sat_terminal_response_ptr
                0x7e04d17c                nwy_sat_envelope_command_ptr
                0x7e04d180                nwy_sat_set_profile_ptr
                0x7e04d184                nwy_sat_get_profile_ptr
                0x7e04d188                nwy_sat_recv_data_ptr
                0x7e04d18c                nwy_fota_write_ptr
                0x7e04d190                nwy_fota_update_ptr
                0x7e04d194                nwy_fota_result_get_ptr
                0x7e04d198                nwy_fota_base_ver_update_ptr
                0x7e04d19c                nwy_vfs_logical_block_device_create_ptr
                0x7e04d1a0                nwy_vfs_mount_ptr
                0x7e04d1a4                nwy_vfs_unmount_ptr
                0x7e04d1a8                nwy_vfs_mkfs_ptr
                0x7e04d1ac                nwy_dm_soc_model_get_ptr
 .data._impure_ptr
                0x7e04d1b0        0x4 ../tools/GNU_Arm_Toolchain/arm-none-eabi/lib/thumb/v7/nofp/libc.a(lib_a-impure.o)
                0x7e04d1b0                _impure_ptr
 *fill*         0x7e04d1b4        0x4 
 .data.impure_data
                0x7e04d1b8      0x428 ../tools/GNU_Arm_Toolchain/arm-none-eabi/lib/thumb/v7/nofp/libc.a(lib_a-impure.o)
 .data.__malloc_av_
                0x7e04d5e0      0x408 ../tools/GNU_Arm_Toolchain/arm-none-eabi/lib/thumb/v7/nofp/libc.a(lib_a-mallocr.o)
                0x7e04d5e0                __malloc_av_
 .data.__malloc_sbrk_base
                0x7e04d9e8        0x4 ../tools/GNU_Arm_Toolchain/arm-none-eabi/lib/thumb/v7/nofp/libc.a(lib_a-mallocr.o)
                0x7e04d9e8                __malloc_sbrk_base
 .data.__malloc_trim_threshold
                0x7e04d9ec        0x4 ../tools/GNU_Arm_Toolchain/arm-none-eabi/lib/thumb/v7/nofp/libc.a(lib_a-mallocr.o)
                0x7e04d9ec                __malloc_trim_threshold
 .data.__global_locale
                0x7e04d9f0      0x16c ../tools/GNU_Arm_Toolchain/arm-none-eabi/lib/thumb/v7/nofp/libc.a(lib_a-locale.o)
                0x7e04d9f0                __global_locale

.igot.plt       0x7e04db5c        0x0
 .igot.plt      0x7e04db5c        0x0 CMakeFiles/nwy_open_app.dir/E_/projects/DevelopmentLevelCode/Neoway_N706B/Code/OsUartPmTest/src/hal/os/nwy_hal_os.obj

.bss            0x7e04db5c       0x58
                0x7e04db5c                __bss_start = .
 *(.bss*)
 .bss.g_heartbeat_count
                0x7e04db5c        0x4 CMakeFiles/nwy_open_app.dir/E_/projects/DevelopmentLevelCode/Neoway_N706B/Code/OsUartPmTest/src/main.obj
 .bss.g_heartbeat_timer
                0x7e04db60        0x4 CMakeFiles/nwy_open_app.dir/E_/projects/DevelopmentLevelCode/Neoway_N706B/Code/OsUartPmTest/src/main.obj
 .bss.g_test_mutex
                0x7e04db64        0x4 CMakeFiles/nwy_open_app.dir/E_/projects/DevelopmentLevelCode/Neoway_N706B/Code/OsUartPmTest/src/main.obj
 .bss.g_test_sem
                0x7e04db68        0x4 CMakeFiles/nwy_open_app.dir/E_/projects/DevelopmentLevelCode/Neoway_N706B/Code/OsUartPmTest/src/main.obj
 .bss.__malloc_current_mallinfo
                0x7e04db6c       0x28 ../tools/GNU_Arm_Toolchain/arm-none-eabi/lib/thumb/v7/nofp/libc.a(lib_a-mallocr.o)
                0x7e04db6c                __malloc_current_mallinfo
 .bss.__malloc_max_sbrked_mem
                0x7e04db94        0x4 ../tools/GNU_Arm_Toolchain/arm-none-eabi/lib/thumb/v7/nofp/libc.a(lib_a-mallocr.o)
                0x7e04db94                __malloc_max_sbrked_mem
 .bss.__malloc_max_total_mem
                0x7e04db98        0x4 ../tools/GNU_Arm_Toolchain/arm-none-eabi/lib/thumb/v7/nofp/libc.a(lib_a-mallocr.o)
                0x7e04db98                __malloc_max_total_mem
 .bss.__malloc_top_pad
                0x7e04db9c        0x4 ../tools/GNU_Arm_Toolchain/arm-none-eabi/lib/thumb/v7/nofp/libc.a(lib_a-mallocr.o)
                0x7e04db9c                __malloc_top_pad
 .bss.__lock___malloc_recursive_mutex
                0x7e04dba0        0x1 ../tools/GNU_Arm_Toolchain/arm-none-eabi/lib/thumb/v7/nofp/libc.a(lib_a-lock.o)
                0x7e04dba0                __lock___malloc_recursive_mutex
 *fill*         0x7e04dba1        0x3 
 .bss.__lock___sfp_recursive_mutex
                0x7e04dba4        0x1 ../tools/GNU_Arm_Toolchain/arm-none-eabi/lib/thumb/v7/nofp/libc.a(lib_a-lock.o)
                0x7e04dba4                __lock___sfp_recursive_mutex
 *fill*         0x7e04dba5        0x3 
 .bss.__lock___sinit_recursive_mutex
                0x7e04dba8        0x1 ../tools/GNU_Arm_Toolchain/arm-none-eabi/lib/thumb/v7/nofp/libc.a(lib_a-lock.o)
                0x7e04dba8                __lock___sinit_recursive_mutex
 *fill*         0x7e04dba9        0x3 
 .bss.errno     0x7e04dbac        0x4 ../tools/GNU_Arm_Toolchain/arm-none-eabi/lib/thumb/v7/nofp/libc.a(lib_a-reent.o)
                0x7e04dbac                errno
 .bss.heap_end.0
                0x7e04dbb0        0x4 ../tools/GNU_Arm_Toolchain/arm-none-eabi/lib/thumb/v7/nofp/libnosys.a(sbrk.o)
                0x7e04dbb4                __bss_end = .
                0x7e04dbb4                end = .
OUTPUT(bin\nwy_open_app.elf elf32-littlearm)
LOAD linker stubs

.debug_info     0x00000000     0xa3c0
 .debug_info    0x00000000      0xa14 CMakeFiles/nwy_open_app.dir/E_/projects/DevelopmentLevelCode/Neoway_N706B/Code/OsUartPmTest/src/hal/os/nwy_hal_os.obj
 .debug_info    0x00000a14      0x3de CMakeFiles/nwy_open_app.dir/E_/projects/DevelopmentLevelCode/Neoway_N706B/Code/OsUartPmTest/src/hal/pm/nwy_hal_pm.obj
 .debug_info    0x00000df2      0x327 CMakeFiles/nwy_open_app.dir/E_/projects/DevelopmentLevelCode/Neoway_N706B/Code/OsUartPmTest/src/hal/uart/nwy_hal_uart.obj
 .debug_info    0x00001119      0xb60 CMakeFiles/nwy_open_app.dir/E_/projects/DevelopmentLevelCode/Neoway_N706B/Code/OsUartPmTest/src/main.obj
 .debug_info    0x00001c79       0xb4 ../build/nwy_open_stub.a(nwy_open_stub.o)
                0x00001c79                __ARM_grp_.debug_info$nwy_baseline_version.h$2_Av0000_HXqOM2RX$S1_200000
                0x00001c79                __ARM_cc.nwy_baseline_version.h.2_Av0000_HXqOM2RX$S1_200000
 .debug_info    0x00001d2d       0xa2 ../build/nwy_open_stub.a(nwy_open_stub.o)
                0x00001d2d                __ARM_grp_.debug_info$nwy_cust.h$2_eB0000_mKnPuo88TC0_200000
                0x00001d2d                __ARM_cc.nwy_cust.h.2_eB0000_mKnPuo88TC0_200000
 .debug_info    0x00001dcf       0xb7 ../build/nwy_open_stub.a(nwy_open_stub.o)
                0x00001dcf                __ARM_cc.nwy_open_api_list.h.2_Hq0000_dmwXULy$i1a_200000
                0x00001dcf                __ARM_grp_.debug_info$nwy_open_api_list.h$2_Hq0000_dmwXULy$i1a_200000
 .debug_info    0x00001e86      0x20d ../build/nwy_open_stub.a(nwy_open_stub.o)
                0x00001e86                __ARM_grp_.debug_info$nwy_open_stub.c$2_8x1000_hcpD5Ok4GX9_700000
                0x00001e86                __ARM_cc.nwy_open_stub.c.2_8x1000_hcpD5Ok4GX9_700000
 .debug_info    0x00002093       0xa5 ../build/nwy_open_stub.a(nwy_open_stub.o)
 .debug_info    0x00002138     0x7d9f ../build/nwy_open_stub.a(nwy_open_stub.o)
 .debug_info    0x00009ed7       0xff ../build/nwy_open_stub.a(nwy_open_stub.o)
 .debug_info    0x00009fd6      0x14d ../build/nwy_open_stub.a(nwy_open_stub.o)
 .debug_info    0x0000a123      0x162 ../build/nwy_open_stub.a(nwy_open_stub.o)
 .debug_info    0x0000a285      0x13b ../build/nwy_open_stub.a(nwy_open_stub.o)

.debug_abbrev   0x00000000      0xc83
 .debug_abbrev  0x00000000      0x1ab CMakeFiles/nwy_open_app.dir/E_/projects/DevelopmentLevelCode/Neoway_N706B/Code/OsUartPmTest/src/hal/os/nwy_hal_os.obj
 .debug_abbrev  0x000001ab      0x134 CMakeFiles/nwy_open_app.dir/E_/projects/DevelopmentLevelCode/Neoway_N706B/Code/OsUartPmTest/src/hal/pm/nwy_hal_pm.obj
 .debug_abbrev  0x000002df       0xf3 CMakeFiles/nwy_open_app.dir/E_/projects/DevelopmentLevelCode/Neoway_N706B/Code/OsUartPmTest/src/hal/uart/nwy_hal_uart.obj
 .debug_abbrev  0x000003d2      0x2eb CMakeFiles/nwy_open_app.dir/E_/projects/DevelopmentLevelCode/Neoway_N706B/Code/OsUartPmTest/src/main.obj
 .debug_abbrev  0x000006bd       0x12 ../build/nwy_open_stub.a(nwy_open.o)
                0x000006bd                __ARM_asm.debug_abbrev
 .debug_abbrev  0x000006cf      0x5b4 ../build/nwy_open_stub.a(nwy_open_stub.o)
                0x000006cf                __ARM_cc..debug_abbrev.group.2_Qm0000_67g8QvEltX8_000000

.debug_loc      0x00000000      0xfc1
 .debug_loc     0x00000000      0x57a CMakeFiles/nwy_open_app.dir/E_/projects/DevelopmentLevelCode/Neoway_N706B/Code/OsUartPmTest/src/hal/os/nwy_hal_os.obj
 .debug_loc     0x0000057a      0x26f CMakeFiles/nwy_open_app.dir/E_/projects/DevelopmentLevelCode/Neoway_N706B/Code/OsUartPmTest/src/hal/pm/nwy_hal_pm.obj
 .debug_loc     0x000007e9      0x293 CMakeFiles/nwy_open_app.dir/E_/projects/DevelopmentLevelCode/Neoway_N706B/Code/OsUartPmTest/src/hal/uart/nwy_hal_uart.obj
 .debug_loc     0x00000a7c      0x402 CMakeFiles/nwy_open_app.dir/E_/projects/DevelopmentLevelCode/Neoway_N706B/Code/OsUartPmTest/src/main.obj
 .debug_loc     0x00000e7e       0x14 ../build/nwy_open_stub.a(nwy_open_stub.o)
 .debug_loc     0x00000e92       0x77 ../build/nwy_open_stub.a(nwy_open_stub.o)
 .debug_loc     0x00000f09       0x5c ../build/nwy_open_stub.a(nwy_open_stub.o)
 .debug_loc     0x00000f65       0x5c ../build/nwy_open_stub.a(nwy_open_stub.o)

.debug_aranges  0x00000000      0x1f0
 .debug_aranges
                0x00000000       0x88 CMakeFiles/nwy_open_app.dir/E_/projects/DevelopmentLevelCode/Neoway_N706B/Code/OsUartPmTest/src/hal/os/nwy_hal_os.obj
 .debug_aranges
                0x00000088       0x58 CMakeFiles/nwy_open_app.dir/E_/projects/DevelopmentLevelCode/Neoway_N706B/Code/OsUartPmTest/src/hal/pm/nwy_hal_pm.obj
 .debug_aranges
                0x000000e0       0x40 CMakeFiles/nwy_open_app.dir/E_/projects/DevelopmentLevelCode/Neoway_N706B/Code/OsUartPmTest/src/hal/uart/nwy_hal_uart.obj
 .debug_aranges
                0x00000120       0x50 CMakeFiles/nwy_open_app.dir/E_/projects/DevelopmentLevelCode/Neoway_N706B/Code/OsUartPmTest/src/main.obj
 .debug_aranges
                0x00000170       0x20 ../build/nwy_open_stub.a(nwy_open_stub.o)
 .debug_aranges
                0x00000190       0x20 ../build/nwy_open_stub.a(nwy_open_stub.o)
 .debug_aranges
                0x000001b0       0x20 ../build/nwy_open_stub.a(nwy_open_stub.o)
 .debug_aranges
                0x000001d0       0x20 ../build/nwy_open_stub.a(nwy_open_stub.o)

.debug_ranges   0x00000000      0x190
 .debug_ranges  0x00000000       0x78 CMakeFiles/nwy_open_app.dir/E_/projects/DevelopmentLevelCode/Neoway_N706B/Code/OsUartPmTest/src/hal/os/nwy_hal_os.obj
 .debug_ranges  0x00000078       0x48 CMakeFiles/nwy_open_app.dir/E_/projects/DevelopmentLevelCode/Neoway_N706B/Code/OsUartPmTest/src/hal/pm/nwy_hal_pm.obj
 .debug_ranges  0x000000c0       0x30 CMakeFiles/nwy_open_app.dir/E_/projects/DevelopmentLevelCode/Neoway_N706B/Code/OsUartPmTest/src/hal/uart/nwy_hal_uart.obj
 .debug_ranges  0x000000f0       0xa0 CMakeFiles/nwy_open_app.dir/E_/projects/DevelopmentLevelCode/Neoway_N706B/Code/OsUartPmTest/src/main.obj

.debug_line     0x00000000     0x16fa
 .debug_line    0x00000000      0x5ca CMakeFiles/nwy_open_app.dir/E_/projects/DevelopmentLevelCode/Neoway_N706B/Code/OsUartPmTest/src/hal/os/nwy_hal_os.obj
 .debug_line    0x000005ca      0x1f2 CMakeFiles/nwy_open_app.dir/E_/projects/DevelopmentLevelCode/Neoway_N706B/Code/OsUartPmTest/src/hal/pm/nwy_hal_pm.obj
 .debug_line    0x000007bc      0x368 CMakeFiles/nwy_open_app.dir/E_/projects/DevelopmentLevelCode/Neoway_N706B/Code/OsUartPmTest/src/hal/uart/nwy_hal_uart.obj
 .debug_line    0x00000b24      0x7a2 CMakeFiles/nwy_open_app.dir/E_/projects/DevelopmentLevelCode/Neoway_N706B/Code/OsUartPmTest/src/main.obj
 .debug_line    0x000012c6       0x5a ../build/nwy_open_stub.a(nwy_open_stub.o)
 .debug_line    0x00001320       0x82 ../build/nwy_open_stub.a(nwy_open_stub.o)
 .debug_line    0x000013a2       0x20 ../build/nwy_open_stub.a(nwy_open_stub.o)
 .debug_line    0x000013c2       0xa1 ../build/nwy_open_stub.a(nwy_open_stub.o)
 .debug_line    0x00001463       0x4a ../build/nwy_open_stub.a(nwy_open_stub.o)
 .debug_line    0x000014ad       0x20 ../build/nwy_open_stub.a(nwy_open_stub.o)
 .debug_line    0x000014cd       0x70 ../build/nwy_open_stub.a(nwy_open_stub.o)
 .debug_line    0x0000153d       0x94 ../build/nwy_open_stub.a(nwy_open_stub.o)
 .debug_line    0x000015d1       0xb5 ../build/nwy_open_stub.a(nwy_open_stub.o)
 .debug_line    0x00001686       0x74 ../build/nwy_open_stub.a(nwy_open_stub.o)

.debug_str      0x00000000     0x1137
 .debug_str     0x00000000      0xb50 CMakeFiles/nwy_open_app.dir/E_/projects/DevelopmentLevelCode/Neoway_N706B/Code/OsUartPmTest/src/hal/os/nwy_hal_os.obj
                                0xba8 (size before relaxing)
 .debug_str     0x00000b50      0x216 CMakeFiles/nwy_open_app.dir/E_/projects/DevelopmentLevelCode/Neoway_N706B/Code/OsUartPmTest/src/hal/pm/nwy_hal_pm.obj
                                0x3ed (size before relaxing)
 .debug_str     0x00000d66      0x173 CMakeFiles/nwy_open_app.dir/E_/projects/DevelopmentLevelCode/Neoway_N706B/Code/OsUartPmTest/src/hal/uart/nwy_hal_uart.obj
                                0x36d (size before relaxing)
 .debug_str     0x00000ed9      0x25e CMakeFiles/nwy_open_app.dir/E_/projects/DevelopmentLevelCode/Neoway_N706B/Code/OsUartPmTest/src/main.obj
                                0x752 (size before relaxing)
